ARM Linker, RVCT4.0 [Build 524] for uVision [Standard]

==============================================================================

Section Cross References

    main.o(.text) refers to stm32f10x_rcc.o(.text) for RCC_DeInit
    main.o(.text) refers to stm32f10x_flash.o(.text) for FLASH_SetLatency
    main.o(.text) refers to uart.o(.text) for COM1_Init
    main.o(.text) refers to os_wrap.o(.text) for OS_WrapInit
    main.o(.text) refers to inputhandler.o(.text) for InputHandler_Task
    stm32f10x.o(.ARM.__AT_0x20000000) refers (Special) to heapauxi.o(.text) for __use_two_region_memory
    stm32f10x.o(HEAP) refers (Special) to heapauxi.o(.text) for __use_two_region_memory
    stm32f10x.o(RESET) refers (Special) to heapauxi.o(.text) for __use_two_region_memory
    stm32f10x.o(RESET) refers to stm32f10x.o(.ARM.__AT_0x20000000) for __initial_sp
    stm32f10x.o(RESET) refers to stm32f10x.o(.text) for Reset_Handler
    stm32f10x.o(RESET) refers to stm32f10x_it.o(.text) for NMIException
    stm32f10x.o(RESET) refers to os_cpu_a.o(.text) for OS_CPU_PendSVHandler
    stm32f10x.o(RESET) refers to os_cpu_c.o(.text) for OS_CPU_SysTickHandler
    stm32f10x.o(STKV) refers (Special) to heapauxi.o(.text) for __use_two_region_memory
    stm32f10x.o(.text) refers (Special) to heapauxi.o(.text) for __use_two_region_memory
    stm32f10x.o(.text) refers to stm32f10x_it.o(.text) for HardFaultException
    stm32f10x.o(.text) refers to __main.o(!!!main) for __main
    stm32f10x.o(.text) refers to stm32f10x.o(STKV) for FAULT_MSG
    stm32f10x.o(.text) refers to stm32f10x.o(HEAP) for Heap_Mem
    stm32f10x.o(.text) refers to stm32f10x.o(.ARM.__AT_0x20000000) for Stack_Mem
    stm32f10x_it.o(.text) refers (Special) to _printf_hex_int.o(.text) for _printf_longlong_hex
    stm32f10x_it.o(.text) refers (Special) to _printf_percent.o(.ARM.Collect$$_printf_percent$$00000000) for _printf_percent
    stm32f10x_it.o(.text) refers (Special) to _printf_pad.o(.text) for _printf_pre_padding
    stm32f10x_it.o(.text) refers (Special) to _printf_s.o(.ARM.Collect$$_printf_percent$$00000014) for _printf_s
    stm32f10x_it.o(.text) refers (Special) to _printf_str.o(.text) for _printf_str
    stm32f10x_it.o(.text) refers (Special) to _printf_x.o(.ARM.Collect$$_printf_percent$$0000000C) for _printf_x
    stm32f10x_it.o(.text) refers to noretval__2printf.o(.text) for __2printf
    stm32f10x_it.o(.text) refers to os_wrap.o(.text) for OS_TaskStkCheck
    stm32f10x_it.o(.text) refers to q_heap.o(.text) for DebugHeap
    stm32f10x_it.o(.text) refers to userapi.o(.text) for Q_ErrorStop
    stm32f10x_it.o(.text) refers to cpu_a.o(.text) for CPU_SR_Save
    stm32f10x_it.o(.text) refers to stm32f10x_rtc.o(.text) for RTC_GetITStatus
    stm32f10x_it.o(.text) refers to q_gui.o(.text) for Gui_GetBgLightVal
    stm32f10x_it.o(.text) refers to dbsetting.o(.text) for Q_DB_GetValue
    stm32f10x_it.o(.text) refers to os_core.o(.text) for OSIntExit
    stm32f10x_it.o(.text) refers to stm32f10x_exti.o(.text) for EXTI_GetITStatus
    stm32f10x_it.o(.text) refers to stm32f10x_gpio.o(.text) for GPIO_ReadInputDataBit
    stm32f10x_it.o(.text) refers to usb_istr.o(.text) for USB_Istr
    stm32f10x_it.o(.text) refers to stm32f10x_tim.o(.text) for TIM_GetITStatus
    stm32f10x_it.o(.text) refers to os_core.o(.data) for OSTCBCur
    stm32f10x_it.o(.text) refers to os_core.o(.bss) for OSTCBPrioTbl
    stm32f10x_it.o(.text) refers to stm32f10x_it.o(.constdata) for .constdata
    stm32f10x_it.o(.text) refers to stm32f10x_it.o(.data) for .data
    stm32f10x_it.o(.text) refers to systeminit.o(.data) for gInputHandler_Queue
    stm32f10x_it.o(.text) refers to stm32f10x_usart.o(.text) for USART_GetITStatus
    stm32f10x_it.o(.text) refers to stm32f10x_it.o(.bss) for .bss
    stm32f10x_it.o(.text) refers to os_cpu_a.o(.text) for OS_CPU_SR_Save
    stm32f10x_it.o(.text) refers to sdcard.o(.text) for SD_ProcessIRQSrc
    stm32f10x_it.o(.bss) refers (Special) to _printf_hex_int.o(.text) for _printf_longlong_hex
    stm32f10x_it.o(.bss) refers (Special) to _printf_percent.o(.ARM.Collect$$_printf_percent$$00000000) for _printf_percent
    stm32f10x_it.o(.bss) refers (Special) to _printf_pad.o(.text) for _printf_pre_padding
    stm32f10x_it.o(.bss) refers (Special) to _printf_s.o(.ARM.Collect$$_printf_percent$$00000014) for _printf_s
    stm32f10x_it.o(.bss) refers (Special) to _printf_str.o(.text) for _printf_str
    stm32f10x_it.o(.bss) refers (Special) to _printf_x.o(.ARM.Collect$$_printf_percent$$0000000C) for _printf_x
    stm32f10x_it.o(.constdata) refers (Special) to _printf_hex_int.o(.text) for _printf_longlong_hex
    stm32f10x_it.o(.constdata) refers (Special) to _printf_percent.o(.ARM.Collect$$_printf_percent$$00000000) for _printf_percent
    stm32f10x_it.o(.constdata) refers (Special) to _printf_pad.o(.text) for _printf_pre_padding
[...]
    PY_mb_kang                               0x0802cc7b   Data          15  pinyinforkeyboardpage.o(.constdata)
    PY_mb_kao                                0x0802cc8a   Data           9  pinyinforkeyboardpage.o(.constdata)
    PY_mb_ke                                 0x0802cc93   Data          31  pinyinforkeyboardpage.o(.constdata)
    PY_mb_ken                                0x0802ccb2   Data           9  pinyinforkeyboardpage.o(.constdata)
    PY_mb_keng                               0x0802ccbb   Data           5  pinyinforkeyboardpage.o(.constdata)
    PY_mb_kong                               0x0802ccc0   Data           9  pinyinforkeyboardpage.o(.constdata)
    PY_mb_kou                                0x0802ccc9   Data           9  pinyinforkeyboardpage.o(.constdata)
    PY_mb_ku                                 0x0802ccd2   Data          15  pinyinforkeyboardpage.o(.constdata)
    PY_mb_kua                                0x0802cce1   Data          11  pinyinforkeyboardpage.o(.constdata)
    PY_mb_kuai                               0x0802ccec   Data           9  pinyinforkeyboardpage.o(.constdata)
    PY_mb_kuan                               0x0802ccf5   Data           5  pinyinforkeyboardpage.o(.constdata)
    PY_mb_kuang                              0x0802ccfa   Data          17  pinyinforkeyboardpage.o(.constdata)
    PY_mb_kui                                0x0802cd0b   Data          23  pinyinforkeyboardpage.o(.constdata)
    PY_mb_kun                                0x0802cd22   Data           9  pinyinforkeyboardpage.o(.constdata)
    PY_mb_kuo                                0x0802cd2b   Data           9  pinyinforkeyboardpage.o(.constdata)
    PY_mb_la                                 0x0802cd34   Data          15  pinyinforkeyboardpage.o(.constdata)
    PY_mb_lai                                0x0802cd43   Data           7  pinyinforkeyboardpage.o(.constdata)
    PY_mb_lan                                0x0802cd4a   Data          31  pinyinforkeyboardpage.o(.constdata)
    PY_mb_lang                               0x0802cd69   Data          15  pinyinforkeyboardpage.o(.constdata)
    PY_mb_lao                                0x0802cd78   Data          19  pinyinforkeyboardpage.o(.constdata)
    PY_mb_le                                 0x0802cd8b   Data           7  pinyinforkeyboardpage.o(.constdata)
    PY_mb_lei                                0x0802cd92   Data          23  pinyinforkeyboardpage.o(.constdata)
    PY_mb_leng                               0x0802cda9   Data           7  pinyinforkeyboardpage.o(.constdata)
    PY_mb_li                                 0x0802cdb0   Data          69  pinyinforkeyboardpage.o(.constdata)
    PY_mb_lian                               0x0802cdf5   Data          29  pinyinforkeyboardpage.o(.constdata)
    PY_mb_liang                              0x0802ce12   Data          25  pinyinforkeyboardpage.o(.constdata)
    PY_mb_liao                               0x0802ce2b   Data          25  pinyinforkeyboardpage.o(.constdata)
    PY_mb_lie                                0x0802ce44   Data          11  pinyinforkeyboardpage.o(.constdata)
    PY_mb_lin                                0x0802ce4f   Data          25  pinyinforkeyboardpage.o(.constdata)
    PY_mb_ling                               0x0802ce68   Data          29  pinyinforkeyboardpage.o(.constdata)
    PY_mb_liu                                0x0802ce85   Data          23  pinyinforkeyboardpage.o(.constdata)
    PY_mb_long                               0x0802ce9c   Data          19  pinyinforkeyboardpage.o(.constdata)
    PY_mb_lou                                0x0802ceaf   Data          13  pinyinforkeyboardpage.o(.constdata)
    PY_mb_lu                                 0x0802cebc   Data          41  pinyinforkeyboardpage.o(.constdata)
    PY_mb_luan                               0x0802cee5   Data          13  pinyinforkeyboardpage.o(.constdata)
    PY_mb_lue                                0x0802cef2   Data           5  pinyinforkeyboardpage.o(.constdata)
    PY_mb_lun                                0x0802cef7   Data          15  pinyinforkeyboardpage.o(.constdata)
    PY_mb_luo                                0x0802cf06   Data          25  pinyinforkeyboardpage.o(.constdata)
    PY_mb_lv                                 0x0802cf1f   Data          29  pinyinforkeyboardpage.o(.constdata)
    PY_mb_ma                                 0x0802cf3c   Data          19  pinyinforkeyboardpage.o(.constdata)
    PY_mb_mai                                0x0802cf4f   Data          13  pinyinforkeyboardpage.o(.constdata)
    PY_mb_man                                0x0802cf5c   Data          19  pinyinforkeyboardpage.o(.constdata)
    PY_mb_mang                               0x0802cf6f   Data          13  pinyinforkeyboardpage.o(.constdata)
    PY_mb_mao                                0x0802cf7c   Data          25  pinyinforkeyboardpage.o(.constdata)
    PY_mb_me                                 0x0802cf95   Data           3  pinyinforkeyboardpage.o(.constdata)
    PY_mb_mei                                0x0802cf98   Data          33  pinyinforkeyboardpage.o(.constdata)
    PY_mb_men                                0x0802cfb9   Data           7  pinyinforkeyboardpage.o(.constdata)
    PY_mb_meng                               0x0802cfc0   Data          17  pinyinforkeyboardpage.o(.constdata)
    PY_mb_mi                                 0x0802cfd1   Data          29  pinyinforkeyboardpage.o(.constdata)
    PY_mb_mian                               0x0802cfee   Data          19  pinyinforkeyboardpage.o(.constdata)
    PY_mb_miao                               0x0802d001   Data          17  pinyinforkeyboardpage.o(.constdata)
    PY_mb_mie                                0x0802d012   Data           5  pinyinforkeyboardpage.o(.constdata)
    PY_mb_min                                0x0802d017   Data          13  pinyinforkeyboardpage.o(.constdata)
    PY_mb_ming                               0x0802d024   Data          13  pinyinforkeyboardpage.o(.constdata)
    PY_mb_miu                                0x0802d031   Data           3  pinyinforkeyboardpage.o(.constdata)
    PY_mb_mo                                 0x0802d034   Data          37  pinyinforkeyboardpage.o(.constdata)
    PY_mb_mou                                0x0802d059   Data           7  pinyinforkeyboardpage.o(.constdata)
    PY_mb_mu                                 0x0802d060   Data          31  pinyinforkeyboardpage.o(.constdata)
    PY_mb_na                                 0x0802d07f   Data          15  pinyinforkeyboardpage.o(.constdata)
    PY_mb_nai                                0x0802d08e   Data          11  pinyinforkeyboardpage.o(.constdata)
    PY_mb_nan                                0x0802d099   Data           7  pinyinforkeyboardpage.o(.constdata)
    PY_mb_nang                               0x0802d0a0   Data           3  pinyinforkeyboardpage.o(.constdata)
    PY_mb_nao                                0x0802d0a3   Data          11  pinyinforkeyboardpage.o(.constdata)
    PY_mb_ne                                 0x0802d0ae   Data           3  pinyinforkeyboardpage.o(.constdata)
    PY_mb_nei                                0x0802d0b1   Data           5  pinyinforkeyboardpage.o(.constdata)
    PY_mb_nen                                0x0802d0b6   Data           3  pinyinforkeyboardpage.o(.constdata)
    PY_mb_neng                               0x0802d0b9   Data           3  pinyinforkeyboardpage.o(.constdata)
    PY_mb_ni                                 0x0802d0bc   Data          23  pinyinforkeyboardpage.o(.constdata)
    PY_mb_nian                               0x0802d0d3   Data          15  pinyinforkeyboardpage.o(.constdata)
    PY_mb_niang                              0x0802d0e2   Data           5  pinyinforkeyboardpage.o(.constdata)
    PY_mb_niao                               0x0802d0e7   Data           5  pinyinforkeyboardpage.o(.constdata)
    PY_mb_nie                                0x0802d0ec   Data          15  pinyinforkeyboardpage.o(.constdata)
    PY_mb_nin                                0x0802d0fb   Data           3  pinyinforkeyboardpage.o(.constdata)
    PY_mb_ning                               0x0802d0fe   Data          13  pinyinforkeyboardpage.o(.constdata)
    PY_mb_niu                                0x0802d10b   Data           9  pinyinforkeyboardpage.o(.constdata)
    PY_mb_nong                               0x0802d114   Data           9  pinyinforkeyboardpage.o(.constdata)
    PY_mb_nu                                 0x0802d11d   Data           7  pinyinforkeyboardpage.o(.constdata)
    PY_mb_nuan                               0x0802d124   Data           3  pinyinforkeyboardpage.o(.constdata)
    PY_mb_nue                                0x0802d127   Data           5  pinyinforkeyboardpage.o(.constdata)
    PY_mb_nuo                                0x0802d12c   Data           9  pinyinforkeyboardpage.o(.constdata)
    PY_mb_nv                                 0x0802d135   Data           3  pinyinforkeyboardpage.o(.constdata)
    PY_mb_o                                  0x0802d138   Data           3  pinyinforkeyboardpage.o(.constdata)
    PY_mb_ou                                 0x0802d13b   Data          15  pinyinforkeyboardpage.o(.constdata)
    PY_mb_pa                                 0x0802d14a   Data          15  pinyinforkeyboardpage.o(.constdata)
    PY_mb_pai                                0x0802d159   Data          13  pinyinforkeyboardpage.o(.constdata)
    PY_mb_pan                                0x0802d166   Data          17  pinyinforkeyboardpage.o(.constdata)
    PY_mb_pang                               0x0802d177   Data          11  pinyinforkeyboardpage.o(.constdata)
    PY_mb_pao                                0x0802d182   Data          15  pinyinforkeyboardpage.o(.constdata)
    PY_mb_pei                                0x0802d191   Data          19  pinyinforkeyboardpage.o(.constdata)
    PY_mb_pen                                0x0802d1a4   Data           5  pinyinforkeyboardpage.o(.constdata)
    PY_mb_peng                               0x0802d1a9   Data          29  pinyinforkeyboardpage.o(.constdata)
    PY_mb_pi                                 0x0802d1c6   Data          37  pinyinforkeyboardpage.o(.constdata)
    PY_mb_pian                               0x0802d1eb   Data           9  pinyinforkeyboardpage.o(.constdata)
    PY_mb_piao                               0x0802d1f4   Data           9  pinyinforkeyboardpage.o(.constdata)
    PY_mb_pie                                0x0802d1fd   Data           5  pinyinforkeyboardpage.o(.constdata)
    PY_mb_pin                                0x0802d202   Data          11  pinyinforkeyboardpage.o(.constdata)
    PY_mb_ping                               0x0802d20d   Data          19  pinyinforkeyboardpage.o(.constdata)
    PY_mb_po                                 0x0802d220   Data          17  pinyinforkeyboardpage.o(.constdata)
    PY_mb_pou                                0x0802d231   Data           3  pinyinforkeyboardpage.o(.constdata)
    PY_mb_pu                                 0x0802d234   Data          31  pinyinforkeyboardpage.o(.constdata)
    PY_mb_qi                                 0x0802d253   Data          73  pinyinforkeyboardpage.o(.constdata)
    PY_mb_qia                                0x0802d29c   Data           7  pinyinforkeyboardpage.o(.constdata)
    PY_mb_qian                               0x0802d2a3   Data          45  pinyinforkeyboardpage.o(.constdata)
    PY_mb_qiang                              0x0802d2d0   Data          17  pinyinforkeyboardpage.o(.constdata)
    PY_mb_qiao                               0x0802d2e1   Data          31  pinyinforkeyboardpage.o(.constdata)
    PY_mb_qie                                0x0802d300   Data          11  pinyinforkeyboardpage.o(.constdata)
    PY_mb_qin                                0x0802d30b   Data          23  pinyinforkeyboardpage.o(.constdata)
    PY_mb_qing                               0x0802d322   Data          27  pinyinforkeyboardpage.o(.constdata)
    PY_mb_qiong                              0x0802d33d   Data           5  pinyinforkeyboardpage.o(.constdata)
    PY_mb_qiu                                0x0802d342   Data          17  pinyinforkeyboardpage.o(.constdata)
    PY_mb_qu                                 0x0802d353   Data          27  pinyinforkeyboardpage.o(.constdata)
    PY_mb_quan                               0x0802d36e   Data          23  pinyinforkeyboardpage.o(.constdata)
    PY_mb_que                                0x0802d385   Data          17  pinyinforkeyboardpage.o(.constdata)
    PY_mb_qun                                0x0802d396   Data           5  pinyinforkeyboardpage.o(.constdata)
    PY_mb_ran                                0x0802d39b   Data           9  pinyinforkeyboardpage.o(.constdata)
    PY_mb_rang                               0x0802d3a4   Data          11  pinyinforkeyboardpage.o(.constdata)
    PY_mb_rao                                0x0802d3af   Data           7  pinyinforkeyboardpage.o(.constdata)
    PY_mb_re                                 0x0802d3b6   Data           5  pinyinforkeyboardpage.o(.constdata)
    PY_mb_ren                                0x0802d3bb   Data          21  pinyinforkeyboardpage.o(.constdata)
    PY_mb_reng                               0x0802d3d0   Data           5  pinyinforkeyboardpage.o(.constdata)
    PY_mb_ri                                 0x0802d3d5   Data           3  pinyinforkeyboardpage.o(.constdata)
    PY_mb_rong                               0x0802d3d8   Data          21  pinyinforkeyboardpage.o(.constdata)
    PY_mb_rou                                0x0802d3ed   Data           7  pinyinforkeyboardpage.o(.constdata)
    PY_mb_ru                                 0x0802d3f4   Data          21  pinyinforkeyboardpage.o(.constdata)
    PY_mb_ruan                               0x0802d409   Data           5  pinyinforkeyboardpage.o(.constdata)
    PY_mb_rui                                0x0802d40e   Data           7  pinyinforkeyboardpage.o(.constdata)
    PY_mb_run                                0x0802d415   Data           5  pinyinforkeyboardpage.o(.constdata)
    PY_mb_ruo                                0x0802d41a   Data           5  pinyinforkeyboardpage.o(.constdata)
    PY_mb_sa                                 0x0802d41f   Data           7  pinyinforkeyboardpage.o(.constdata)
    PY_mb_sai                                0x0802d426   Data           9  pinyinforkeyboardpage.o(.constdata)
    PY_mb_san                                0x0802d42f   Data           9  pinyinforkeyboardpage.o(.constdata)
    PY_mb_sang                               0x0802d438   Data           7  pinyinforkeyboardpage.o(.constdata)
    PY_mb_sao                                0x0802d43f   Data           9  pinyinforkeyboardpage.o(.constdata)
    PY_mb_se                                 0x0802d448   Data           7  pinyinforkeyboardpage.o(.constdata)
    PY_mb_sen                                0x0802d44f   Data           3  pinyinforkeyboardpage.o(.constdata)
    PY_mb_seng                               0x0802d452   Data           3  pinyinforkeyboardpage.o(.constdata)
    PY_mb_sha                                0x0802d455   Data          19  pinyinforkeyboardpage.o(.constdata)
    PY_mb_shai                               0x0802d468   Data           5  pinyinforkeyboardpage.o(.constdata)
    PY_mb_shan                               0x0802d46d   Data          35  pinyinforkeyboardpage.o(.constdata)
    PY_mb_shang                              0x0802d490   Data          17  pinyinforkeyboardpage.o(.constdata)
    PY_mb_shao                               0x0802d4a1   Data          23  pinyinforkeyboardpage.o(.constdata)
    PY_mb_she                                0x0802d4b8   Data          25  pinyinforkeyboardpage.o(.constdata)
    PY_mb_shen                               0x0802d4d1   Data          35  pinyinforkeyboardpage.o(.constdata)
    PY_mb_sheng                              0x0802d4f4   Data          23  pinyinforkeyboardpage.o(.constdata)
    PY_mb_shi                                0x0802d50b   Data          97  pinyinforkeyboardpage.o(.constdata)
    PY_mb_shou                               0x0802d56c   Data          21  pinyinforkeyboardpage.o(.constdata)
    PY_mb_shu                                0x0802d581   Data          67  pinyinforkeyboardpage.o(.constdata)
    PY_mb_shua                               0x0802d5c4   Data           5  pinyinforkeyboardpage.o(.constdata)
    PY_mb_shuai                              0x0802d5c9   Data           9  pinyinforkeyboardpage.o(.constdata)
    PY_mb_shuan                              0x0802d5d2   Data           5  pinyinforkeyboardpage.o(.constdata)
    PY_mb_shuang                             0x0802d5d7   Data           7  pinyinforkeyboardpage.o(.constdata)
    PY_mb_shui                               0x0802d5de   Data           9  pinyinforkeyboardpage.o(.constdata)
    PY_mb_shun                               0x0802d5e7   Data           9  pinyinforkeyboardpage.o(.constdata)
    PY_mb_shuo                               0x0802d5f0   Data           9  pinyinforkeyboardpage.o(.constdata)
    PY_mb_si                                 0x0802d5f9   Data          31  pinyinforkeyboardpage.o(.constdata)
    PY_mb_song                               0x0802d618   Data          17  pinyinforkeyboardpage.o(.constdata)
    PY_mb_sou                                0x0802d629   Data           9  pinyinforkeyboardpage.o(.constdata)
    PY_mb_su                                 0x0802d632   Data          23  pinyinforkeyboardpage.o(.constdata)
    PY_mb_suan                               0x0802d649   Data           7  pinyinforkeyboardpage.o(.constdata)
    PY_mb_sui                                0x0802d650   Data          23  pinyinforkeyboardpage.o(.constdata)
    PY_mb_sun                                0x0802d667   Data           7  pinyinforkeyboardpage.o(.constdata)
    PY_mb_suo                                0x0802d66e   Data          17  pinyinforkeyboardpage.o(.constdata)
    PY_mb_ta                                 0x0802d67f   Data          19  pinyinforkeyboardpage.o(.constdata)
    PY_mb_tai                                0x0802d692   Data          19  pinyinforkeyboardpage.o(.constdata)
    PY_mb_tan                                0x0802d6a5   Data          37  pinyinforkeyboardpage.o(.constdata)
    PY_mb_tang                               0x0802d6ca   Data          27  pinyinforkeyboardpage.o(.constdata)
    PY_mb_tao                                0x0802d6e5   Data          23  pinyinforkeyboardpage.o(.constdata)
    PY_mb_te                                 0x0802d6fc   Data           3  pinyinforkeyboardpage.o(.constdata)
    PY_mb_teng                               0x0802d6ff   Data           9  pinyinforkeyboardpage.o(.constdata)
    PY_mb_ti                                 0x0802d708   Data          31  pinyinforkeyboardpage.o(.constdata)
    PY_mb_tian                               0x0802d727   Data          17  pinyinforkeyboardpage.o(.constdata)
    PY_mb_tiao                               0x0802d738   Data          13  pinyinforkeyboardpage.o(.constdata)
    PY_mb_tie                                0x0802d745   Data           7  pinyinforkeyboardpage.o(.constdata)
    PY_mb_ting                               0x0802d74c   Data          21  pinyinforkeyboardpage.o(.constdata)
    PY_mb_tong                               0x0802d761   Data          27  pinyinforkeyboardpage.o(.constdata)
    PY_mb_tou                                0x0802d77c   Data           9  pinyinforkeyboardpage.o(.constdata)
    PY_mb_tu                                 0x0802d785   Data          23  pinyinforkeyboardpage.o(.constdata)
    PY_mb_tuan                               0x0802d79c   Data           5  pinyinforkeyboardpage.o(.constdata)
    PY_mb_tui                                0x0802d7a1   Data          13  pinyinforkeyboardpage.o(.constdata)
    PY_mb_tun                                0x0802d7ae   Data           9  pinyinforkeyboardpage.o(.constdata)
    PY_mb_tuo                                0x0802d7b7   Data          23  pinyinforkeyboardpage.o(.constdata)
    PY_mb_wa                                 0x0802d7ce   Data          15  pinyinforkeyboardpage.o(.constdata)
    PY_mb_wai                                0x0802d7dd   Data           5  pinyinforkeyboardpage.o(.constdata)
    PY_mb_wan                                0x0802d7e2   Data          35  pinyinforkeyboardpage.o(.constdata)
    PY_mb_wang                               0x0802d805   Data          21  pinyinforkeyboardpage.o(.constdata)
    PY_mb_wei                                0x0802d81a   Data          67  pinyinforkeyboardpage.o(.constdata)
    PY_mb_wen                                0x0802d85d   Data          21  pinyinforkeyboardpage.o(.constdata)
    PY_mb_weng                               0x0802d872   Data           7  pinyinforkeyboardpage.o(.constdata)
    PY_mb_wo                                 0x0802d879   Data          19  pinyinforkeyboardpage.o(.constdata)
    PY_mb_wu                                 0x0802d88c   Data          59  pinyinforkeyboardpage.o(.constdata)
    PY_mb_xi                                 0x0802d8c7   Data          69  pinyinforkeyboardpage.o(.constdata)
    PY_mb_xia                                0x0802d90c   Data          25  pinyinforkeyboardpage.o(.constdata)
    PY_mb_xian                               0x0802d925   Data          55  pinyinforkeyboardpage.o(.constdata)
    PY_mb_xiang                              0x0802d95c   Data          41  pinyinforkeyboardpage.o(.constdata)
    PY_mb_xiao                               0x0802d985   Data          35  pinyinforkeyboardpage.o(.constdata)
    PY_mb_xie                                0x0802d9a8   Data          41  pinyinforkeyboardpage.o(.constdata)
    PY_mb_xin                                0x0802d9d1   Data          21  pinyinforkeyboardpage.o(.constdata)
    PY_mb_xing                               0x0802d9e6   Data          29  pinyinforkeyboardpage.o(.constdata)
    PY_mb_xiong                              0x0802da03   Data          15  pinyinforkeyboardpage.o(.constdata)
    PY_mb_xiu                                0x0802da12   Data          21  pinyinforkeyboardpage.o(.constdata)
    PY_mb_xu                                 0x0802da27   Data          39  pinyinforkeyboardpage.o(.constdata)
    PY_mb_xuan                               0x0802da4e   Data          21  pinyinforkeyboardpage.o(.constdata)
    PY_mb_xue                                0x0802da63   Data          15  pinyinforkeyboardpage.o(.constdata)
    PY_mb_xun                                0x0802da72   Data          29  pinyinforkeyboardpage.o(.constdata)
    PY_mb_ya                                 0x0802da8f   Data          33  pinyinforkeyboardpage.o(.constdata)
    PY_mb_yan                                0x0802dab0   Data          67  pinyinforkeyboardpage.o(.constdata)
    PY_mb_yang                               0x0802daf3   Data          35  pinyinforkeyboardpage.o(.constdata)
    PY_mb_yao                                0x0802db16   Data          35  pinyinforkeyboardpage.o(.constdata)
    PY_mb_ye                                 0x0802db39   Data          31  pinyinforkeyboardpage.o(.constdata)
    PY_mb_yi                                 0x0802db58   Data         107  pinyinforkeyboardpage.o(.constdata)
    PY_mb_yin                                0x0802dbc3   Data          35  pinyinforkeyboardpage.o(.constdata)
    PY_mb_ying                               0x0802dbe6   Data          37  pinyinforkeyboardpage.o(.constdata)
    PY_mb_yo                                 0x0802dc0b   Data           3  pinyinforkeyboardpage.o(.constdata)
    PY_mb_yong                               0x0802dc0e   Data          31  pinyinforkeyboardpage.o(.constdata)
    PY_mb_you                                0x0802dc2d   Data          41  pinyinforkeyboardpage.o(.constdata)
    PY_mb_yu                                 0x0802dc56   Data          91  pinyinforkeyboardpage.o(.constdata)
    PY_mb_yuan                               0x0802dcb1   Data          41  pinyinforkeyboardpage.o(.constdata)
    PY_mb_yue                                0x0802dcda   Data          19  pinyinforkeyboardpage.o(.constdata)
    PY_mb_yun                                0x0802dced   Data          25  pinyinforkeyboardpage.o(.constdata)
    PY_mb_za                                 0x0802dd06   Data           9  pinyinforkeyboardpage.o(.constdata)
    PY_mb_zai                                0x0802dd0f   Data          17  pinyinforkeyboardpage.o(.constdata)
    PY_mb_zan                                0x0802dd20   Data           9  pinyinforkeyboardpage.o(.constdata)
    PY_mb_zang                               0x0802dd29   Data           7  pinyinforkeyboardpage.o(.constdata)
    PY_mb_zao                                0x0802dd30   Data          29  pinyinforkeyboardpage.o(.constdata)
    PY_mb_ze                                 0x0802dd4d   Data           9  pinyinforkeyboardpage.o(.constdata)
    PY_mb_zei                                0x0802dd56   Data           3  pinyinforkeyboardpage.o(.constdata)
    PY_mb_zen                                0x0802dd59   Data           3  pinyinforkeyboardpage.o(.constdata)
    PY_mb_zeng                               0x0802dd5c   Data           7  pinyinforkeyboardpage.o(.constdata)
    PY_mb_zha                                0x0802dd63   Data          27  pinyinforkeyboardpage.o(.constdata)
    PY_mb_zhai                               0x0802dd7e   Data          15  pinyinforkeyboardpage.o(.constdata)
    PY_mb_zhan                               0x0802dd8d   Data          35  pinyinforkeyboardpage.o(.constdata)
    PY_mb_zhang                              0x0802ddb0   Data          33  pinyinforkeyboardpage.o(.constdata)
    PY_mb_zhao                               0x0802ddd1   Data          23  pinyinforkeyboardpage.o(.constdata)
    PY_mb_zhe                                0x0802dde8   Data          23  pinyinforkeyboardpage.o(.constdata)
    PY_mb_zhen                               0x0802ddff   Data          35  pinyinforkeyboardpage.o(.constdata)
    PY_mb_zheng                              0x0802de22   Data          29  pinyinforkeyboardpage.o(.constdata)
    PY_mb_zhi                                0x0802de3f   Data          87  pinyinforkeyboardpage.o(.constdata)
    PY_mb_zhong                              0x0802de96   Data          23  pinyinforkeyboardpage.o(.constdata)
    PY_mb_zhou                               0x0802dead   Data          29  pinyinforkeyboardpage.o(.constdata)
    PY_mb_zhu                                0x0802deca   Data          53  pinyinforkeyboardpage.o(.constdata)
    PY_mb_zhua                               0x0802deff   Data           3  pinyinforkeyboardpage.o(.constdata)
    PY_mb_zhuai                              0x0802df02   Data           3  pinyinforkeyboardpage.o(.constdata)
    PY_mb_zhuan                              0x0802df05   Data          11  pinyinforkeyboardpage.o(.constdata)
    PY_mb_zhuang                             0x0802df10   Data          17  pinyinforkeyboardpage.o(.constdata)
    PY_mb_zhui                               0x0802df21   Data          13  pinyinforkeyboardpage.o(.constdata)
    PY_mb_zhun                               0x0802df2e   Data           5  pinyinforkeyboardpage.o(.constdata)
    PY_mb_zhuo                               0x0802df33   Data          21  pinyinforkeyboardpage.o(.constdata)
    PY_mb_zi                                 0x0802df48   Data          29  pinyinforkeyboardpage.o(.constdata)
    PY_mb_zong                               0x0802df65   Data          15  pinyinforkeyboardpage.o(.constdata)
    PY_mb_zou                                0x0802df74   Data           9  pinyinforkeyboardpage.o(.constdata)
    PY_mb_zu                                 0x0802df7d   Data          17  pinyinforkeyboardpage.o(.constdata)
    PY_mb_zuan                               0x0802df8e   Data           7  pinyinforkeyboardpage.o(.constdata)
    PY_mb_zui                                0x0802df95   Data           9  pinyinforkeyboardpage.o(.constdata)
    PY_mb_zun                                0x0802df9e   Data           5  pinyinforkeyboardpage.o(.constdata)
    PY_mb_zuo                                0x0802dfa3   Data          15  pinyinforkeyboardpage.o(.constdata)
    PY_index_a                               0x0802dfb4   Data          40  pinyinforkeyboardpage.o(.constdata)
    PY_index_b                               0x0802dfdc   Data         128  pinyinforkeyboardpage.o(.constdata)
    PY_index_c                               0x0802e05c   Data         264  pinyinforkeyboardpage.o(.constdata)
    PY_index_d                               0x0802e164   Data         160  pinyinforkeyboardpage.o(.constdata)
    PY_index_e                               0x0802e204   Data          24  pinyinforkeyboardpage.o(.constdata)
    PY_index_f                               0x0802e21c   Data          72  pinyinforkeyboardpage.o(.constdata)
    PY_index_g                               0x0802e264   Data         152  pinyinforkeyboardpage.o(.constdata)
    PY_index_h                               0x0802e2fc   Data         152  pinyinforkeyboardpage.o(.constdata)
    PY_index_j                               0x0802e394   Data         112  pinyinforkeyboardpage.o(.constdata)
    PY_index_k                               0x0802e404   Data         144  pinyinforkeyboardpage.o(.constdata)
    PY_index_l                               0x0802e494   Data         192  pinyinforkeyboardpage.o(.constdata)
    PY_index_m                               0x0802e554   Data         152  pinyinforkeyboardpage.o(.constdata)
    PY_index_n                               0x0802e5ec   Data         184  pinyinforkeyboardpage.o(.constdata)
    PY_index_o                               0x0802e6a4   Data          16  pinyinforkeyboardpage.o(.constdata)
    PY_index_p                               0x0802e6b4   Data         136  pinyinforkeyboardpage.o(.constdata)
    PY_index_q                               0x0802e73c   Data         112  pinyinforkeyboardpage.o(.constdata)
    PY_index_r                               0x0802e7ac   Data         112  pinyinforkeyboardpage.o(.constdata)
    PY_index_s                               0x0802e81c   Data         272  pinyinforkeyboardpage.o(.constdata)
    PY_index_t                               0x0802e92c   Data         152  pinyinforkeyboardpage.o(.constdata)
    PY_index_w                               0x0802e9c4   Data          72  pinyinforkeyboardpage.o(.constdata)
    PY_index_x                               0x0802ea0c   Data         112  pinyinforkeyboardpage.o(.constdata)
    PY_index_y                               0x0802ea7c   Data         120  pinyinforkeyboardpage.o(.constdata)
    PY_index_z                               0x0802eaf4   Data         288  pinyinforkeyboardpage.o(.constdata)
    PY_index_null                            0x0802ec14   Data           8  pinyinforkeyboardpage.o(.constdata)
    PY_index_pointer                         0x0802ec1c   Data         108  pinyinforkeyboardpage.o(.constdata)
    QWebPage                                 0x0802ed84   Data          64  qwebpage.o(.constdata)
    SettingsPage                             0x0802eef4   Data          64  settingspage.o(.constdata)
    SnakePage                                0x0802f19c   Data          64  snakepage.o(.constdata)
    TestPage                                 0x0802f3e8   Data          64  testpage.o(.constdata)
    TouchCheckPage                           0x0802f5e0   Data          64  touchcheckpage.o(.constdata)
    gCtrlObj_On                              0x0802f633   Data        2088  ctrlobjimg.o(.constdata)
    gCtrlObj_Off                             0x0802fe5b   Data        2088  ctrlobjimg.o(.constdata)
    gCtrlObj_OnOff                           0x08030683   Data        2088  ctrlobjimg.o(.constdata)
    gImage_StatusBar1                        0x08030eab   Data          42  resources.o(.constdata)
    gImage_BottomBar1                        0x08030ed5   Data          78  resources.o(.constdata)
    gImage_Frame1LB                          0x08030f23   Data         312  resources.o(.constdata)
    gImage_Frame1LT                          0x0803105b   Data         312  resources.o(.constdata)
    gImage_Frame1RB                          0x08031193   Data         312  resources.o(.constdata)
    gImage_Frame1RT                          0x080312cb   Data         312  resources.o(.constdata)
    gImage_HighLight                         0x08031403   Data         200  resources.o(.constdata)
    gImage_Dir                               0x080314cb   Data         576  resources.o(.constdata)
    gImage_GrayDir                           0x0803170b   Data         576  resources.o(.constdata)
    gImage_GrayDot                           0x0803194b   Data         576  resources.o(.constdata)
    gImage_GreenDot                          0x08031b8b   Data         576  resources.o(.constdata)
    gImage_ImgDot                            0x08031dcb   Data         576  resources.o(.constdata)
    gImage_Txt                               0x0803200b   Data         576  resources.o(.constdata)
    gImage_DownArrowHL                       0x0803224b   Data         874  resources.o(.constdata)
    gImage_DownArrowLL                       0x080325b5   Data         874  resources.o(.constdata)
    gImage_UpArrowHL                         0x0803291f   Data         874  resources.o(.constdata)
    gImage_UpArrowLL                         0x08032c89   Data         874  resources.o(.constdata)
    gImage_NumFrame                          0x08032ff3   Data          38  resources.o(.constdata)
    gImage_On                                0x08033019   Data        2088  resources.o(.constdata)
    gImage_Off                               0x08033841   Data        2088  resources.o(.constdata)
    gImage_OnOff                             0x08034069   Data        2088  resources.o(.constdata)
    gMyQwDrviceType                          0x08034894   Data           1  qwebhandler.o(.constdata)
    Region$$Table$$Base                      0x08035154   Number         0  anon$$obj.o(Region$$Table)
    Region$$Table$$Limit                     0x08035174   Number         0  anon$$obj.o(Region$$Table)
    RTC_Counter                              0x20001004   Data           4  stm32f10x_it.o(.data)
    OSCtxSwCtr                               0x20001028   Data           4  os_core.o(.data)
    OSEventFreeList                          0x2000102c   Data           4  os_core.o(.data)
    OSIntNesting                             0x20001030   Data           1  os_core.o(.data)
    OSLockNesting                            0x20001031   Data           1  os_core.o(.data)
    OSPrioCur                                0x20001032   Data           1  os_core.o(.data)
    OSPrioHighRdy                            0x20001033   Data           1  os_core.o(.data)
    OSRdyGrp                                 0x20001034   Data           1  os_core.o(.data)
    OSRdyTbl                                 0x20001035   Data           4  os_core.o(.data)
    OSRunning                                0x20001039   Data           1  os_core.o(.data)
    OSTaskCtr                                0x2000103a   Data           1  os_core.o(.data)
    OSIdleCtr                                0x2000103c   Data           4  os_core.o(.data)
    OSTCBCur                                 0x20001040   Data           4  os_core.o(.data)
    OSTCBFreeList                            0x20001044   Data           4  os_core.o(.data)
    OSTCBHighRdy                             0x20001048   Data           4  os_core.o(.data)
    OSTCBList                                0x2000104c   Data           4  os_core.o(.data)
    OSTickStepState                          0x20001050   Data           1  os_core.o(.data)
    OSQFreeList                              0x20001054   Data           4  os_core.o(.data)
    OSTime                                   0x20001058   Data           4  os_core.o(.data)
    TransferError                            0x2000107c   Data           1  sdcard.o(.data)
    TransferEnd                              0x20001080   Data           4  sdcard.o(.data)
    NumberOfBytes                            0x20001084   Data           4  sdcard.o(.data)
    SrcBuffer                                0x20001088   Data           4  sdcard.o(.data)
    DestBuffer                               0x2000108c   Data           4  sdcard.o(.data)
    __stdout                                 0x20001090   Data           4  uart.o(.data)
    Virtual_Com_Port_StringSerial            0x20001094   Data          26  usb_desc.o(.data)
    USART_Rx_ptr_in                          0x200010b4   Data           4  usb_hw_config.o(.data)
    USART_Rx_ptr_out                         0x200010b8   Data           4  usb_hw_config.o(.data)
    USART_Rx_length                          0x200010bc   Data           4  usb_hw_config.o(.data)
    USB_Tx_State                             0x200010c0   Data           1  usb_hw_config.o(.data)
    bIntPackSOF                              0x200010c4   Data           1  usb_istr.o(.data)
    pEpInt_IN                                0x200010c8   Data          28  usb_istr.o(.data)
    pEpInt_OUT                               0x200010e4   Data          28  usb_istr.o(.data)
    wIstr                                    0x20001100   Data           2  usb_istr.o(.data)
    Request                                  0x20001104   Data           1  usb_prop.o(.data)
    linecoding                               0x20001108   Data           8  usb_prop.o(.data)
    Device_Table                             0x20001110   Data           2  usb_prop.o(.data)
    Device_Property                          0x20001114   Data          48  usb_prop.o(.data)
    User_Standard_Requests                   0x20001144   Data          36  usb_prop.o(.data)
    Device_Descriptor                        0x20001168   Data           8  usb_prop.o(.data)
    Config_Descriptor                        0x20001170   Data           8  usb_prop.o(.data)
    String_Descriptor                        0x20001178   Data          32  usb_prop.o(.data)
    bDeviceState                             0x20001198   Data           4  usb_pwr.o(.data)
    fSuspendEnabled                          0x2000119c   Data           1  usb_pwr.o(.data)
    ResumeS                                  0x2000119d   Data           2  usb_pwr.o(.data)
    gpCurrentPage                            0x200011a8   Data           4  inputhandler.o(.data)
    gHeapLayer                               0x200011ac   Data           1  inputhandler.o(.data)
    gGobalPeripEvtBitFlag                    0x200011b0   Data           4  inputhandler.o(.data)
    gMusicParam                              0x200011b4   Data           8  musichandler.o(.data)
    gLCD_Mutex                               0x200011cc   Data           4  systeminit.o(.data)
    gTouchHandler_Sem                        0x200011d0   Data           4  systeminit.o(.data)
    gAllowTchHandler_Sem                     0x200011d4   Data           4  systeminit.o(.data)
    gVsDreq_Sem                              0x200011d8   Data           4  systeminit.o(.data)
    gRfRecvHandler_Sem                       0x200011dc   Data           4  systeminit.o(.data)
    gInputHandler_Queue                      0x200011e0   Data           4  systeminit.o(.data)
    gMusicHandler_Queue                      0x200011e4   Data           4  systeminit.o(.data)
    gTouchRegionNum                          0x200011ec   Data           1  touchhandler.o(.data)
    X_RATIO                                  0x200011f0   Data           4  touchhandler.o(.data)
    Y_RATIO                                  0x200011f4   Data           4  touchhandler.o(.data)
    X_OFFSET                                 0x200011f8   Data           4  touchhandler.o(.data)
    Y_OFFSET                                 0x200011fc   Data           4  touchhandler.o(.data)
    gpTouchRegions                           0x20001200   Data           4  touchhandler.o(.data)
    UseUsbOutputInfoFlag                     0x20001218   Data           1  applistpage.o(.data)
    gVars                                    0x20001278   Data           4  touchcheckpage.o(.data)
    Data_Mul_MaxPacketSize                   0x2000127c   Data           1  usb_core.o(.data)
    StatusInfo                               0x2000127e   Data           2  usb_core.o(.data)
    EPindex                                  0x20001280   Data           1  usb_init.o(.data)
    pInformation                             0x20001284   Data           4  usb_init.o(.data)
    pProperty                                0x20001288   Data           4  usb_init.o(.data)
    SaveState                                0x2000128c   Data           2  usb_init.o(.data)
    wInterrupt_Mask                          0x2000128e   Data           2  usb_init.o(.data)
    pUser_Standard_Requests                  0x20001290   Data           4  usb_init.o(.data)
    SaveRState                               0x20001294   Data           2  usb_int.o(.data)
    SaveTState                               0x20001296   Data           2  usb_int.o(.data)
    gQWebApiFlag                             0x200012a3   Data           1  qwebapi.o(.data)
    gMyQwID                                  0x200012a4   Data           1  qwebhandler.o(.data)
    gMyQwAddr                                0x200012a5   Data           1  qwebhandler.o(.data)
    gMyQwAddrReqPw                           0x200012a6   Data           1  qwebhandler.o(.data)
    gMyQwStartTime                           0x200012a8   Data           4  qwebhandler.o(.data)
    gMyQwHostHwId                            0x200012ac   Data           4  qwebhandler.o(.data)
    gMyQwNowRole                             0x200012b0   Data           1  qwebhandler.o(.data)
    gPacketTypeName                          0x200012b4   Data          40  qwebname.o(.data)
    gSessionTypeName                         0x200012dc   Data          12  qwebname.o(.data)
    gQwDeviceName                            0x200012e8   Data          12  qwebname.o(.data)
    gSessionStateName                        0x200012f4   Data          28  qwebname.o(.data)
    gQW_Send_Count                           0x20001311   Data           1  qwebpacket.o(.data)
    OSEventTbl                               0x20001414   Data         256  os_core.o(.bss)
    OSTaskIdleStk                            0x20001514   Data         512  os_core.o(.bss)
    OSTCBPrioTbl                             0x20001714   Data         128  os_core.o(.bss)
    OSTCBTbl                                 0x20001794   Data         616  os_core.o(.bss)
    OSQTbl                                   0x200019fc   Data          96  os_core.o(.bss)
    bTempBuf                                 0x20001e74   Data          64  cc2500.o(.bss)
    SDIO_InitStructure                       0x20001ed4   Data          24  sdcard.o(.bss)
    SDIO_CmdInitStructure                    0x20001eec   Data          20  sdcard.o(.bss)
    SDIO_DataInitStructure                   0x20001f00   Data          24  sdcard.o(.bss)
    USB_Rx_Buffer                            0x20001f18   Data          64  usb_endp.o(.bss)
    USART_Rx_Buffer                          0x20001f58   Data        1024  usb_hw_config.o(.bss)
    gEntriesOfPage                           0x20002582   Data          26  inputhandler.o(.bss)
    gPagePeripEvtFlag                        0x2000259c   Data          52  inputhandler.o(.bss)
    gGobalPeripEvtRecord                     0x200025d0   Data         256  inputhandler.o(.bss)
    Device_Info                              0x2000913c   Data          28  usb_init.o(.bss)
    gQWebUserData                            0x20009358   Data          12  qwebapi.o(.bss)
    gMyQwAttributeStr                        0x20009364   Data          16  qwebhandler.o(.bss)
    __libspace_start                         0x20009504   Data          96  libspace.o(.bss)
    __temporary_stack_top$libspace           0x20009564   Data           0  libspace.o(.bss)



==============================================================================

Memory Map of the image

  Image Entry point : 0x08000131

  Load Region LR_IROM1 (Base: 0x08000000, Size: 0x000364bc, Max: 0x00080000, ABSOLUTE, COMPRESSED[0x000352d4])

    Execution Region ER_IROM1 (Base: 0x08000000, Size: 0x000351a8, Max: 0x00080000, ABSOLUTE)

    Base Addr    Size         Type   Attr      Idx    E Section Name        Object

    0x08000000   0x00000130   Data   RO          200    RESET               stm32f10x.o
    0x08000130   0x00000008   Code   RO         2107  * !!!main             __main.o(c_w.l)
    0x08000138   0x00000034   Code   RO         2377    !!!scatter          __scatter.o(c_w.l)
    0x0800016c   0x0000005a   Code   RO         2375    !!dczerorl2         __dczerorl2.o(c_w.l)
    0x080001c6   0x00000002   PAD
    0x080001c8   0x0000001c   Code   RO         2379    !!handler_zi        __scatter_zi.o(c_w.l)
    0x080001e4   0x00000000   Code   RO         2084    .ARM.Collect$$_printf_percent$$00000000  _printf_percent.o(c_w.l)
    0x080001e4   0x00000006   Code   RO         2083    .ARM.Collect$$_printf_percent$$00000003  _printf_f.o(c_w.l)
    0x080001ea   0x00000006   Code   RO         2081    .ARM.Collect$$_printf_percent$$00000009  _printf_d.o(c_w.l)
    0x080001f0   0x00000006   Code   RO         2082    .ARM.Collect$$_printf_percent$$0000000A  _printf_u.o(c_w.l)
    0x080001f6   0x00000006   Code   RO         2080    .ARM.Collect$$_printf_percent$$0000000C  _printf_x.o(c_w.l)
    0x080001fc   0x00000006   Code   RO         2078    .ARM.Collect$$_printf_percent$$00000013  _printf_c.o(c_w.l)
    0x08000202   0x00000006   Code   RO         2079    .ARM.Collect$$_printf_percent$$00000014  _printf_s.o(c_w.l)
    0x08000208   0x00000004   Code   RO         2155    .ARM.Collect$$_printf_percent$$00000017  _printf_percent_end.o(c_w.l)
    0x0800020c   0x00000006   Code   RO         2257    .ARM.Collect$$libinit$$00000000  libinit.o(c_w.l)
    0x08000212   0x00000000   Code   RO         2260    .ARM.Collect$$libinit$$00000006  libinit2.o(c_w.l)
    0x08000212   0x00000000   Code   RO         2262    .ARM.Collect$$libinit$$00000008  libinit2.o(c_w.l)
    0x08000212   0x00000000   Code   RO         2264    .ARM.Collect$$libinit$$0000000A  libinit2.o(c_w.l)
    0x08000212   0x00000006   Code   RO         2265    .ARM.Collect$$libinit$$0000000B  libinit2.o(c_w.l)
    0x08000218   0x00000000   Code   RO         2267    .ARM.Collect$$libinit$$0000000D  libinit2.o(c_w.l)
    0x08000218   0x00000000   Code   RO         2269    .ARM.Collect$$libinit$$0000000F  libinit2.o(c_w.l)
    0x08000218   0x00000000   Code   RO         2271    .ARM.Collect$$libinit$$00000011  libinit2.o(c_w.l)
    0x08000218   0x0000000a   Code   RO         2272    .ARM.Collect$$libinit$$00000012  libinit2.o(c_w.l)
    0x08000222   0x00000000   Code   RO         2273    .ARM.Collect$$libinit$$00000013  libinit2.o(c_w.l)
    0x08000222   0x00000000   Code   RO         2275    .ARM.Collect$$libinit$$00000015  libinit2.o(c_w.l)
    0x08000222   0x00000000   Code   RO         2277    .ARM.Collect$$libinit$$00000017  libinit2.o(c_w.l)
    0x08000222   0x00000000   Code   RO         2279    .ARM.Collect$$libinit$$00000019  libinit2.o(c_w.l)
    0x08000222   0x00000000   Code   RO         2281    .ARM.Collect$$libinit$$0000001B  libinit2.o(c_w.l)
    0x08000222   0x00000000   Code   RO         2283    .ARM.Collect$$libinit$$0000001D  libinit2.o(c_w.l)
    0x08000222   0x00000000   Code   RO         2285    .ARM.Collect$$libinit$$0000001F  libinit2.o(c_w.l)
    0x08000222   0x00000000   Code   RO         2287    .ARM.Collect$$libinit$$00000021  libinit2.o(c_w.l)
    0x08000222   0x00000000   Code   RO         2291    .ARM.Collect$$libinit$$00000028  libinit2.o(c_w.l)
    0x08000222   0x00000000   Code   RO         2293    .ARM.Collect$$libinit$$0000002A  libinit2.o(c_w.l)
    0x08000222   0x00000000   Code   RO         2295    .ARM.Collect$$libinit$$0000002C  libinit2.o(c_w.l)
    0x08000222   0x00000000   Code   RO         2297    .ARM.Collect$$libinit$$0000002E  libinit2.o(c_w.l)
    0x08000222   0x00000002   Code   RO         2298    .ARM.Collect$$libinit$$0000002F  libinit2.o(c_w.l)
    0x08000224   0x00000002   Code   RO         2327    .ARM.Collect$$libshutdown$$00000000  libshutdown.o(c_w.l)
    0x08000226   0x00000000   Code   RO         2336    .ARM.Collect$$libshutdown$$00000003  libshutdown2.o(c_w.l)
    0x08000226   0x00000000   Code   RO         2339    .ARM.Collect$$libshutdown$$00000006  libshutdown2.o(c_w.l)
    0x08000226   0x00000000   Code   RO         2342    .ARM.Collect$$libshutdown$$00000009  libshutdown2.o(c_w.l)
    0x08000226   0x00000000   Code   RO         2344    .ARM.Collect$$libshutdown$$0000000B  libshutdown2.o(c_w.l)
    0x08000226   0x00000000   Code   RO         2347    .ARM.Collect$$libshutdown$$0000000E  libshutdown2.o(c_w.l)
    0x08000226   0x00000002   Code   RO         2348    .ARM.Collect$$libshutdown$$0000000F  libshutdown2.o(c_w.l)
    0x08000228   0x00000000   Code   RO         2143    .ARM.Collect$$rtentry$$00000000  rtentry.o(c_w.l)
    0x08000228   0x00000000   Code   RO         2178    .ARM.Collect$$rtentry$$00000002  rtentry2.o(c_w.l)
    0x08000228   0x00000006   Code   RO         2193    .ARM.Collect$$rtentry$$00000004  rtentry4.o(c_w.l)
    0x0800022e   0x00000000   Code   RO         2180    .ARM.Collect$$rtentry$$00000009  rtentry2.o(c_w.l)
    0x0800022e   0x00000004   Code   RO         2181    .ARM.Collect$$rtentry$$0000000A  rtentry2.o(c_w.l)
    0x08000232   0x00000000   Code   RO         2183    .ARM.Collect$$rtentry$$0000000C  rtentry2.o(c_w.l)
    0x08000232   0x00000008   Code   RO         2184    .ARM.Collect$$rtentry$$0000000D  rtentry2.o(c_w.l)
    0x0800023a   0x00000000   Code   RO         2299    .ARM.Collect$$rtexit$$00000000  rtexit.o(c_w.l)
    0x0800023a   0x00000000   Code   RO         2306    .ARM.Collect$$rtexit$$00000002  rtexit2.o(c_w.l)
    0x0800023a   0x00000004   Code   RO         2307    .ARM.Collect$$rtexit$$00000003  rtexit2.o(c_w.l)
    0x0800023e   0x00000004   Code   RO         2308    .ARM.Collect$$rtexit$$00000004  rtexit2.o(c_w.l)
    0x08000242   0x00000002   PAD
    0x08000244   0x00000020   Code   RO          294    .emb_text           core_cm3.o
    0x08000264   0x000000a0   Code   RO            2    .text               main.o
    0x08000304   0x000000a4   Code   RO          202    .text               stm32f10x.o
    0x080003a8   0x00000b18   Code   RO          206    .text               stm32f10x_it.o
    0x08000ec0   0x0000042e   Code   RO          230    .text               stm32f10x_adc.o
    0x080012ee   0x00000002   PAD
    0x080012f0   0x000000e0   Code   RO          304    .text               misc.o
    0x080013d0   0x000000b0   Code   RO          322    .text               stm32f10x_bkp.o
    0x08001480   0x0000025c   Code   RO          334    .text               stm32f10x_dma.o
    0x080016dc   0x00000130   Code   RO          349    .text               stm32f10x_exti.o
    0x0800180c   0x000005cc   Code   RO          364    .text               stm32f10x_flash.o
    0x08001dd8   0x00000608   Code   RO          379    .text               stm32f10x_fsmc.o
    0x080023e0   0x00000348   Code   RO          394    .text               stm32f10x_gpio.o
    0x08002728   0x000000d4   Code   RO          409    .text               stm32f10x_pwr.o
    0x080027fc   0x00000390   Code   RO          421    .text               stm32f10x_rcc.o
    0x08002b8c   0x00000164   Code   RO          438    .text               stm32f10x_rtc.o
    0x08002cf0   0x000001cc   Code   RO          450    .text               stm32f10x_sdio.o
    0x08002ebc   0x0000030c   Code   RO          465    .text               stm32f10x_spi.o
    0x080031c8   0x00000d62   Code   RO          480    .text               stm32f10x_tim.o
    0x08003f2a   0x00000002   PAD
    0x08003f2c   0x00000408   Code   RO          495    .text               stm32f10x_usart.o
    0x08004334   0x00000690   Code   RO          510    .text               os_core.o
    0x080049c4   0x000005fc   Code   RO          548    .text               os_mutex.o
    0x08004fc0   0x000005dc   Code   RO          560    .text               os_q.o
    0x0800559c   0x00000388   Code   RO          572    .text               os_sem.o
    0x08005924   0x000005b4   Code   RO          584    .text               os_task.o
    0x08005ed8   0x000001b0   Code   RO          596    .text               os_time.o
    0x08006088   0x000008d0   Code   RO          608    .text               os_wrap.o
    0x08006958   0x000000f4   Code   RO          629    .text               os_cpu_c.o
    0x08006a4c   0x0000002a   Code   RO          687    .text               cpu_a.o
    0x08006a76   0x00000002   PAD
    0x08006a78   0x00000098   Code   RO          690    .text               os_cpu_a.o
    0x08006b10   0x000005c0   Code   RO          693    .text               cpu_c.o
    0x080070d0   0x00000230   Code   RO          711    .text               diskio.o
    0x08007300   0x00002b8a   Code   RO          735    .text               ff.o
    0x08009e8a   0x00000002   PAD
    0x08009e8c   0x000005fc   Code   RO          772    .text               fswrap.o
    0x0800a488   0x000000d0   Code   RO          795    .text               cc936.o
    0x0800a558   0x000000a0   Code   RO          823    .text               adc.o
    0x0800a5f8   0x00000724   Code   RO          835    .text               cc2500.o
    0x0800ad1c   0x000005e8   Code   RO          854    .text               lcd_hx8312.o
    0x0800b304   0x00000574   Code   RO          877    .text               rtc.o
    0x0800b878   0x00000284   Code   RO          896    .text               spi.o
    0x0800bafc   0x000021f8   Code   RO          908    .text               sdcard.o
    0x0800dcf4   0x000002f8   Code   RO          924    .text               spiflash.o
    0x0800dfec   0x00000124   Code   RO          936    .text               spitouch.o
    0x0800e110   0x00000288   Code   RO          948    .text               time.o
    0x0800e398   0x0000019c   Code   RO          960    .text               uart.o
    0x0800e534   0x00000404   Code   RO          980    .text               vs1003b.o
    0x0800e938   0x000000d8   Code   RO         1037    .text               usb_endp.o
    0x0800ea10   0x0000025c   Code   RO         1083    .text               usb_hw_config.o
    0x0800ec6c   0x00000078   Code   RO         1106    .text               usb_istr.o
    0x0800ece4   0x000003bc   Code   RO         1134    .text               usb_prop.o
    0x0800f0a0   0x00000160   Code   RO         1162    .text               usb_pwr.o
    0x0800f200   0x000004bc   Code   RO         1180    .text               dbsetting.o
    0x0800f6bc   0x00000f6c   Code   RO         1196    .text               inputhandler.o
    0x08010628   0x00000394   Code   RO         1273    .text               mischandler.o
    0x080109bc   0x0000008c   Code   RO         1285    .text               keyhandler.o
    0x08010a48   0x00001044   Code   RO         1297    .text               musichandler.o
    0x08011a8c   0x00000604   Code   RO         1315    .text               publicfunc.o
    0x08012090   0x00000d84   Code   RO         1342    .text               systeminit.o
    0x08012e14   0x00000254   Code   RO         1362    .text               theme.o
    0x08013068   0x00000460   Code   RO         1377    .text               touchhandler.o
    0x080134c8   0x000006ac   Code   RO         1396    .text               userapi.o
    0x08013b74   0x000019ec   Code   RO         1410    .text               controlobj.o
    0x08015560   0x00002632   Code   RO         1433    .text               q_gui.o
    0x08017b92   0x00000002   PAD
    0x08017b94   0x00000748   Code   RO         1449    .text               q_heap.o
    0x080182dc   0x00000ad8   Code   RO         1464    .text               applistpage.o
    0x08018db4   0x00000800   Code   RO         1483    .text               chatpage.o
    0x080195b4   0x0000058c   Code   RO         1502    .text               ebookpage.o
    0x08019b40   0x00001778   Code   RO         1521    .text               filelistpage.o
    0x0801b2b8   0x00001ce8   Code   RO         1540    .text               keyboardpage.o
    0x0801cfa0   0x000004d4   Code   RO         1563    .text               mainpage.o
    0x0801d474   0x00001e48   Code   RO         1581    .text               musicpage.o
    0x0801f2bc   0x00000504   Code   RO         1601    .text               picturepage.o
    0x0801f7c0   0x00000084   Code   RO         1620    .text               pinyinforkeyboardpage.o
    0x0801f844   0x00000c5c   Code   RO         1636    .text               qwebpage.o
    0x080204a0   0x00001868   Code   RO         1655    .text               settingspage.o
    0x08021d08   0x000010a4   Code   RO         1675    .text               snakepage.o
    0x08022dac   0x00000264   Code   RO         1694    .text               testpage.o
    0x08023010   0x00000a9c   Code   RO         1713    .text               touchcheckpage.o
    0x08023aac   0x00000b58   Code   RO         1748    .text               usb_core.o
    0x08024604   0x0000003c   Code   RO         1763    .text               usb_init.o
    0x08024640   0x00000334   Code   RO         1786    .text               usb_int.o
    0x08024974   0x00000058   Code   RO         1810    .text               usb_mem.o
    0x080249cc   0x00000084   Code   RO         1822    .text               usb_sil.o
    0x08024a50   0x00000828   Code   RO         1834    .text               usb_regs.o
    0x08025278   0x00000168   Code   RO         1846    .text               qwebaddrmgt.o
    0x080253e0   0x000003c0   Code   RO         1871    .text               qwebapi.o
    0x080257a0   0x0000058a   Code   RO         1907    .text               qwebhandler.o
    0x08025d2a   0x00000002   PAD
    0x08025d2c   0x000008f4   Code   RO         1929    .text               qwebcallback.o
    0x08026620   0x00000a3a   Code   RO         1968    .text               qwebsession.o
    0x0802705a   0x00000002   PAD
    0x0802705c   0x00000410   Code   RO         1984    .text               qwebpacket.o
    0x0802746c   0x00000264   Code   RO         2007    .text               qwebtransmission.o
    0x080276d0   0x00000002   Code   RO         2021    .text               use_no_semi_2.o(c_w.l)
    0x080276d2   0x00000002   PAD
    0x080276d4   0x00000020   Code   RO         2027    .text               noretval__2printf.o(c_w.l)
    0x080276f4   0x00000028   Code   RO         2029    .text               noretval__2sprintf.o(c_w.l)
    0x0802771c   0x0000004c   Code   RO         2033    .text               _printf_pad.o(c_w.l)
    0x08027768   0x00000052   Code   RO         2035    .text               _printf_str.o(c_w.l)
    0x080277ba   0x00000002   PAD
    0x080277bc   0x00000070   Code   RO         2037    .text               _printf_dec.o(c_w.l)
    0x0802782c   0x0000005c   Code   RO         2042    .text               _printf_hex_int.o(c_w.l)
    0x08027888   0x00000148   Code   RO         2070    .text               __printf_flags_wp.o(c_w.l)
    0x080279d0   0x00000018   Code   RO         2085    .text               strcat.o(c_w.l)
    0x080279e8   0x00000024   Code   RO         2087    .text               strstr.o(c_w.l)
    0x08027a0c   0x0000004a   Code   RO         2089    .text               strcpy.o(c_w.l)
    0x08027a56   0x0000003e   Code   RO         2091    .text               strlen.o(c_w.l)
    0x08027a94   0x0000008c   Code   RO         2093    .text               rt_memcpy_v6.o(c_w.l)
    0x08027b20   0x00000010   Code   RO         2095    .text               aeabi_memset.o(c_w.l)
    0x08027b30   0x00000044   Code   RO         2097    .text               rt_memclr.o(c_w.l)
    0x08027b74   0x00000064   Code   RO         2099    .text               rt_memcpy_w.o(c_w.l)
    0x08027bd8   0x0000004e   Code   RO         2101    .text               rt_memclr_w.o(c_w.l)
    0x08027c26   0x00000002   PAD
    0x08027c28   0x00000080   Code   RO         2103    .text               strcmpv7m.o(c_w.l)
    0x08027ca8   0x00000006   Code   RO         2105    .text               heapauxi.o(c_w.l)
    0x08027cae   0x00000002   Code   RO         2141    .text               use_no_semi.o(c_w.l)
    0x08027cb0   0x000000ae   Code   RO         2145    .text               _printf_intcommon.o(c_w.l)
    0x08027d5e   0x00000448   Code   RO         2147    .text               _printf_fp_dec.o(c_w.l)
    0x080281a6   0x00000002   PAD
    0x080281a8   0x00000030   Code   RO         2149    .text               _printf_char_common.o(c_w.l)
    0x080281d8   0x0000000a   Code   RO         2151    .text               _sputc.o(c_w.l)
    0x080281e2   0x0000002c   Code   RO         2153    .text               _printf_char.o(c_w.l)
    0x0802820e   0x00000010   Code   RO         2160    .text               rtudiv10.o(c_w.l)
    0x0802821e   0x00000002   PAD
    0x08028220   0x0000000c   Code   RO         2198    .text               rt_locale_intlibspace.o(c_w.l)
    0x0802822c   0x0000008a   Code   RO         2200    .text               lludiv10.o(c_w.l)
    0x080282b6   0x00000002   PAD
    0x080282b8   0x0000007c   Code   RO         2202    .text               _printf_fp_infnan.o(c_w.l)
    0x08028334   0x000000d0   Code   RO         2206    .text               bigflt0.o(c_w.l)
    0x08028404   0x00000008   Code   RO         2244    .text               libspace.o(c_w.l)
    0x0802840c   0x0000004a   Code   RO         2247    .text               sys_stackheap_outer.o(c_w.l)
    0x08028456   0x0000000c   Code   RO         2249    .text               exit.o(c_w.l)
    0x08028462   0x0000003e   Code   RO         2209    CL$$btod_d2e        btod.o(c_w.l)
    0x080284a0   0x00000046   Code   RO         2211    CL$$btod_d2e_denorm_low  btod.o(c_w.l)
    0x080284e6   0x00000060   Code   RO         2210    CL$$btod_d2e_norm_op1  btod.o(c_w.l)
    0x08028546   0x00000338   Code   RO         2219    CL$$btod_div_common  btod.o(c_w.l)
    0x0802887e   0x000000c6   Code   RO         2216    CL$$btod_e2e        btod.o(c_w.l)
    0x08028944   0x00000028   Code   RO         2213    CL$$btod_ediv       btod.o(c_w.l)
    0x0802896c   0x00000028   Code   RO         2212    CL$$btod_emul       btod.o(c_w.l)
    0x08028994   0x00000244   Code   RO         2218    CL$$btod_mult_common  btod.o(c_w.l)
    0x08028bd8   0x00000028   Code   RO         2242    i.__ARM_fpclassify  fpclassify.o(m_ws.l)
    0x08028c00   0x0000002c   Code   RO         2232    locale$$code        lc_numeric_c.o(c_w.l)
    0x08028c2c   0x00000010   Code   RO         2234    x$fpl$dcheck        dcheck.o(fz_ws.l)
    0x08028c3c   0x00000078   Code   RO         2162    x$fpl$dcmpinfnan    dcmpin.o(fz_ws.l)
    0x08028cb4   0x0000002c   Code   RO         2165    x$fpl$dflt          dflt_clz.o(fz_ws.l)
    0x08028ce0   0x00000070   Code   RO         2109    x$fpl$dleqf         dleqf.o(fz_ws.l)
    0x08028d50   0x00000088   Code   RO         2111    x$fpl$drleqf        drleqf.o(fz_ws.l)
    0x08028dd8   0x00000050   Code   RO         2113    x$fpl$f2d           f2d.o(fz_ws.l)
    0x08028e28   0x00000100   Code   RO         2115    x$fpl$fadd          faddsub_clz.o(fz_ws.l)
    0x08028f28   0x0000000c   Code   RO         2168    x$fpl$fcheck        fcheck.o(fz_ws.l)
    0x08028f34   0x0000000c   Code   RO         2170    x$fpl$fcheck1       fcheck1.o(fz_ws.l)
    0x08028f40   0x000001e4   Code   RO         2122    x$fpl$fdiv          fdiv.o(fz_ws.l)
    0x08029124   0x00000070   Code   RO         2125    x$fpl$ffix          ffix.o(fz_ws.l)
    0x08029194   0x00000058   Code   RO         2129    x$fpl$ffixu         ffixu.o(fz_ws.l)
    0x080291ec   0x00000032   Code   RO         2134    x$fpl$fflt          fflt_clz.o(fz_ws.l)
    0x0802921e   0x00000008   Code   RO         2133    x$fpl$ffltu         fflt_clz.o(fz_ws.l)
    0x08029226   0x00000002   PAD
    0x08029228   0x00000108   Code   RO         2137    x$fpl$fmul          fmul.o(fz_ws.l)
    0x08029330   0x0000004a   Code   RO         2172    x$fpl$fnorm2        fnorm2_clz.o(fz_ws.l)
    0x0802937a   0x00000002   PAD
    0x0802937c   0x00000124   Code   RO         2117    x$fpl$fsub          faddsub_clz.o(fz_ws.l)
    0x080294a0   0x00000086   Code   RO         2174    x$fpl$funder        funder.o(fz_ws.l)
    0x08029526   0x00000004   Code   RO         2139    x$fpl$printf1       printf1.o(fz_ws.l)
    0x0802952a   0x00000064   Code   RO         2238    x$fpl$retnan        retnan.o(fz_ws.l)
    0x0802958e   0x00000030   Code   RO         2240    x$fpl$trapveneer    trapv.o(fz_ws.l)
    0x080295be   0x00000000   Code   RO         2176    x$fpl$usenofp       usenofp.o(fz_ws.l)
    0x080295be   0x00000013   Data   RO          208    .constdata          stm32f10x_it.o
    0x080295d1   0x00000100   Data   RO          512    .constdata          os_core.o
    0x080296d1   0x0000000d   Data   RO          736    .constdata          ff.o
    0x080296de   0x000003c0   Data   RO          796    .constdata          cc936.o
    0x08029a9e   0x00000008   Data   RO          837    .constdata          cc2500.o
    0x08029aa6   0x00000002   PAD
    0x08029aa8   0x00000068   Data   RO          878    .constdata          rtc.o
    0x08029b10   0x0000079e   Data   RO          981    .constdata          vs1003b.o
    0x0802a2ae   0x000000b1   Data   RO          994    .constdata          usb_desc.o
    0x0802a35f   0x00000266   Data   RO         1135    .constdata          usb_prop.o
    0x0802a5c5   0x00000003   PAD
    0x0802a5c8   0x0000008d   Data   RO         1182    .constdata          dbsetting.o
    0x0802a655   0x00000003   PAD
    0x0802a658   0x000000d8   Data   RO         1198    .constdata          inputhandler.o
    0x0802a730   0x000001a0   Data   RO         1299    .constdata          musichandler.o
    0x0802a8d0   0x00000200   Data   RO         1316    .constdata          publicfunc.o
    0x0802aad0   0x0000011c   Data   RO         1343    .constdata          systeminit.o
    0x0802abec   0x000000c6   Data   RO         1397    .constdata          userapi.o
    0x0802acb2   0x00000002   PAD
    0x0802acb4   0x000000b7   Data   RO         1412    .constdata          controlobj.o
    0x0802ad6b   0x00000001   PAD
    0x0802ad6c   0x00000055   Data   RO         1451    .constdata          q_heap.o
    0x0802adc1   0x00000003   PAD
    0x0802adc4   0x00000506   Data   RO         1465    .constdata          applistpage.o
    0x0802b2ca   0x00000002   PAD
    0x0802b2cc   0x000001ca   Data   RO         1484    .constdata          chatpage.o
    0x0802b496   0x00000002   PAD
    0x0802b498   0x00000167   Data   RO         1503    .constdata          ebookpage.o
    0x0802b5ff   0x00000001   PAD
    0x0802b600   0x00000147   Data   RO         1522    .constdata          filelistpage.o
    0x0802b747   0x00000001   PAD
    0x0802b748   0x000003f7   Data   RO         1541    .constdata          keyboardpage.o
    0x0802bb3f   0x00000001   PAD
    0x0802bb40   0x000001da   Data   RO         1564    .constdata          mainpage.o
    0x0802bd1a   0x00000002   PAD
    0x0802bd1c   0x00000194   Data   RO         1582    .constdata          musicpage.o
    0x0802beb0   0x00000219   Data   RO         1602    .constdata          picturepage.o
    0x0802c0c9   0x00000003   PAD
    0x0802c0cc   0x00002bbc   Data   RO         1621    .constdata          pinyinforkeyboardpage.o
    0x0802ec88   0x000001de   Data   RO         1637    .constdata          qwebpage.o
    0x0802ee66   0x00000002   PAD
    0x0802ee68   0x00000236   Data   RO         1656    .constdata          settingspage.o
    0x0802f09e   0x00000002   PAD
    0x0802f0a0   0x000001e6   Data   RO         1676    .constdata          snakepage.o
    0x0802f286   0x00000002   PAD
    0x0802f288   0x0000025a   Data   RO         1695    .constdata          testpage.o
    0x0802f4e2   0x00000002   PAD
    0x0802f4e4   0x0000014f   Data   RO         1714    .constdata          touchcheckpage.o
    0x0802f633   0x00001878   Data   RO         1734    .constdata          ctrlobjimg.o
    0x08030eab   0x000039e6   Data   RO         1741    .constdata          resources.o
    0x08034891   0x00000003   PAD
    0x08034894   0x00000068   Data   RO         1909    .constdata          qwebhandler.o
    0x080348fc   0x00000043   Data   RO         1930    .constdata          qwebcallback.o
    0x0803493f   0x00000001   PAD
    0x08034940   0x00000085   Data   RO         1970    .constdata          qwebsession.o
    0x080349c5   0x00000028   Data   RO         2043    .constdata          _printf_hex_int.o(c_w.l)
    0x080349ed   0x00000011   Data   RO         2071    .constdata          __printf_flags_wp.o(c_w.l)
    0x080349fe   0x00000002   PAD
    0x08034a00   0x00000094   Data   RO         2207    .constdata          bigflt0.o(c_w.l)
    0x08034a94   0x00000009   Data   RO         1363    .conststring        theme.o
    0x08034a9d   0x00000132   Data   RO         1466    .conststring        applistpage.o
    0x08034bcf   0x00000010   Data   RO         1485    .conststring        chatpage.o
    0x08034bdf   0x0000006e   Data   RO         1504    .conststring        ebookpage.o
    0x08034c4d   0x0000007c   Data   RO         1523    .conststring        filelistpage.o
    0x08034cc9   0x00000139   Data   RO         1542    .conststring        keyboardpage.o
    0x08034e02   0x0000003a   Data   RO         1565    .conststring        mainpage.o
    0x08034e3c   0x0000004c   Data   RO         1583    .conststring        musicpage.o
    0x08034e88   0x00000019   Data   RO         1603    .conststring        picturepage.o
    0x08034ea1   0x0000014a   Data   RO         1622    .conststring        pinyinforkeyboardpage.o
    0x08034feb   0x00000019   Data   RO         1638    .conststring        qwebpage.o
    0x08035004   0x0000000d   Data   RO         1657    .conststring        settingspage.o
    0x08035011   0x00000022   Data   RO         1677    .conststring        snakepage.o
    0x08035033   0x0000001c   Data   RO         1696    .conststring        testpage.o
    0x0803504f   0x0000001b   Data   RO         1715    .conststring        touchcheckpage.o
    0x0803506a   0x000000e7   Data   RO         1954    .conststring        qwebname.o
    0x08035151   0x00000003   PAD
    0x08035154   0x00000020   Data   RO         2373    Region$$Table       anon$$obj.o
    0x08035174   0x00000017   Data   RO          201    STKV                stm32f10x.o
    0x0803518b   0x00000001   PAD
    0x0803518c   0x0000001c   Data   RO         2231    locale$$data        lc_numeric_c.o(c_w.l)


    Execution Region RW_IRAM1 (Base: 0x20000000, Size: 0x00009568, Max: 0x00010000, ABSOLUTE, COMPRESSED[0x0000012c])

    Base Addr    Size         Type   Attr      Idx    E Section Name        Object

    0x20000000   0x00001000   Data   RW          198    .ARM.__AT_0x20000000  stm32f10x.o
    0x20001000   0x00000014   Data   RW          209    .data               stm32f10x_it.o
    0x20001014   0x00000014   Data   RW          422    .data               stm32f10x_rcc.o
    0x20001028   0x00000034   Data   RW          513    .data               os_core.o
    0x2000105c   0x00000002   Data   RW          610    .data               os_wrap.o
    0x2000105e   0x00000002   PAD
    0x20001060   0x00000006   Data   RW          737    .data               ff.o
    0x20001066   0x00000001   Data   RW          855    .data               lcd_hx8312.o
    0x20001067   0x00000001   PAD
    0x20001068   0x00000028   Data   RW          910    .data               sdcard.o
    0x20001090   0x00000004   Data   RW          961    .data               uart.o
    0x20001094   0x0000001a   Data   RW          995    .data               usb_desc.o
    0x200010ae   0x00000002   PAD
    0x200010b0   0x00000004   Data   RW         1039    .data               usb_endp.o
    0x200010b4   0x0000000d   Data   RW         1085    .data               usb_hw_config.o
    0x200010c1   0x00000003   PAD
    0x200010c4   0x0000003e   Data   RW         1107    .data               usb_istr.o
    0x20001102   0x00000002   PAD
    0x20001104   0x00000094   Data   RW         1136    .data               usb_prop.o
    0x20001198   0x00000007   Data   RW         1163    .data               usb_pwr.o
    0x2000119f   0x00000001   PAD
    0x200011a0   0x00000008   Data   RW         1183    .data               dbsetting.o
    0x200011a8   0x0000000c   Data   RW         1199    .data               inputhandler.o
    0x200011b4   0x00000010   Data   RW         1300    .data               musichandler.o
    0x200011c4   0x00000008   Data   RW         1317    .data               publicfunc.o
    0x200011cc   0x0000001c   Data   RW         1344    .data               systeminit.o
    0x200011e8   0x00000004   Data   RW         1364    .data               theme.o
    0x200011ec   0x00000018   Data   RW         1378    .data               touchhandler.o
    0x20001204   0x0000000c   Data   RW         1413    .data               controlobj.o
    0x20001210   0x00000008   Data   RW         1435    .data               q_gui.o
    0x20001218   0x00000001   Data   RW         1467    .data               applistpage.o
    0x20001219   0x00000003   PAD
    0x2000121c   0x00000004   Data   RW         1486    .data               chatpage.o
    0x20001220   0x00000004   Data   RW         1505    .data               ebookpage.o
    0x20001224   0x00000004   Data   RW         1524    .data               filelistpage.o
    0x20001228   0x00000008   Data   RW         1543    .data               keyboardpage.o
    0x20001230   0x00000030   Data   RW         1584    .data               musicpage.o
    0x20001260   0x00000004   Data   RW         1604    .data               picturepage.o
    0x20001264   0x00000004   Data   RW         1639    .data               qwebpage.o
    0x20001268   0x00000008   Data   RW         1658    .data               settingspage.o
    0x20001270   0x00000004   Data   RW         1678    .data               snakepage.o
    0x20001274   0x00000001   Data   RW         1697    .data               testpage.o
    0x20001275   0x00000003   PAD
    0x20001278   0x00000004   Data   RW         1716    .data               touchcheckpage.o
    0x2000127c   0x00000004   Data   RW         1749    .data               usb_core.o
    0x20001280   0x00000014   Data   RW         1765    .data               usb_init.o
    0x20001294   0x00000004   Data   RW         1787    .data               usb_int.o
    0x20001298   0x0000000a   Data   RW         1848    .data               qwebaddrmgt.o
    0x200012a2   0x00000002   Data   RW         1873    .data               qwebapi.o
    0x200012a4   0x0000000d   Data   RW         1910    .data               qwebhandler.o
    0x200012b1   0x00000003   PAD
    0x200012b4   0x0000005c   Data   RW         1955    .data               qwebname.o
    0x20001310   0x00000001   Data   RW         1971    .data               qwebsession.o
    0x20001311   0x00000001   Data   RW         1986    .data               qwebpacket.o
    0x20001312   0x00000002   PAD
    0x20001314   0x00000100   Zero   RW          207    .bss                stm32f10x_it.o
    0x20001414   0x00000648   Zero   RW          511    .bss                os_core.o
    0x20001a5c   0x000000c0   Zero   RW          609    .bss                os_wrap.o
    0x20001b1c   0x00000050   Zero   RW          712    .bss                diskio.o
    0x20001b6c   0x00000308   Zero   RW          773    .bss                fswrap.o
    0x20001e74   0x00000040   Zero   RW          836    .bss                cc2500.o
    0x20001eb4   0x00000064   Zero   RW          909    .bss                sdcard.o
    0x20001f18   0x00000040   Zero   RW         1038    .bss                usb_endp.o
    0x20001f58   0x00000400   Zero   RW         1084    .bss                usb_hw_config.o
    0x20002358   0x00000200   Zero   RW         1181    .bss                dbsetting.o
    0x20002558   0x00000178   Zero   RW         1197    .bss                inputhandler.o
    0x200026d0   0x0000050c   Zero   RW         1298    .bss                musichandler.o
    0x20002bdc   0x00000124   Zero   RW         1411    .bss                controlobj.o
    0x20002d00   0x00000036   Zero   RW         1434    .bss                q_gui.o
    0x20002d36   0x00000002   PAD
    0x20002d38   0x00006404   Zero   RW         1450    .bss                q_heap.o
    0x2000913c   0x0000001c   Zero   RW         1764    .bss                usb_init.o
    0x20009158   0x00000200   Zero   RW         1847    .bss                qwebaddrmgt.o
    0x20009358   0x0000000c   Zero   RW         1872    .bss                qwebapi.o
    0x20009364   0x00000010   Zero   RW         1908    .bss                qwebhandler.o
    0x20009374   0x00000190   Zero   RW         1969    .bss                qwebsession.o
    0x20009504   0x00000060   Zero   RW         2245    .bss                libspace.o(c_w.l)
    0x20009564   0x00000004   PAD
    0x20009568   0x00000000   Zero   RW          199    HEAP                stm32f10x.o


==============================================================================

Image component sizes


      Code (inc. data)   RO Data    RW Data    ZI Data      Debug   Object Name

       160         10          0          0          0        734   adc.o
      2776        836       1592          1          0       4899   applistpage.o
      1828        178          8          0         64       8292   cc2500.o
       208          8        960          0          0       2314   cc936.o
      2048        194        474          4          0       4811   chatpage.o
      6636        544        183         12        292      11482   controlobj.o
        32          0          0          0          0        400   core_cm3.o
        42          0          0          0          0        240   cpu_a.o
      1472         84          0          0          0      10419   cpu_c.o
         0          0       6264          0          0        538   ctrlobjimg.o
      1212        434        141          8        512       3752   dbsetting.o
       560          4          0          0         80       4466   diskio.o
      1420        414        469          4          0       3748   ebookpage.o
     11146         48         13          6          0      32397   ff.o
      6008        846        451          4          0      11567   filelistpage.o
      1532        280          0          0        776      11266   fswrap.o
      3948        842        216         12        376      10463   inputhandler.o
      7400        442       1328          8          0      18280   keyboardpage.o
       140          8          0          0          0        575   keyhandler.o
      1512         50          0          1          0       5169   lcd_hx8312.o
       160         12          0          0          0     250545   main.o
      1236        438        532          0          0       2783   mainpage.o
       224         20          0          0          0       3437   misc.o
       916        272          0          0          0       2195   mischandler.o
      4164        722        416         16       1292       7239   musichandler.o
      7752        796        480         48          0      11244   musicpage.o
      1680        118        256         52       1608      14623   os_core.o
       152         30          0          0          0        284   os_cpu_a.o
       244          4          0          0          0      92717   os_cpu_c.o
      1532         42          0          0          0       4070   os_mutex.o
      1500         30          0          0          0       5225   os_q.o
       904         18          0          0          0       3682   os_sem.o
      1460         62          0          0          0       4634   os_task.o
       432         24          0          0          0       1790   os_time.o
      2256        874          0          2        192       7165   os_wrap.o
      1284        242        562          4          0       2998   picturepage.o
       132          6      11526          0          0      20989   pinyinforkeyboardpage.o
      1540        306        512          8          0       5874   publicfunc.o
      9778        434          0          8         54      24393   q_gui.o
      1864        472         85          0      25604       4840   q_heap.o
       360         10          0         10        512       5374   qwebaddrmgt.o
       960        204          0          2         12       6705   qwebapi.o
      2292        550         67          0          0       7621   qwebcallback.o
      1418        300        104         13         16       5384   qwebhandler.o
         0          0        231         92          0        711   qwebname.o
      1040         26          0          1          0       5756   qwebpacket.o
      3164        280        503          4          0       5931   qwebpage.o
      2618        544        133          1        400       6966   qwebsession.o
       612        234          0          0          0       1842   qwebtransmission.o
         0          0      14822          0          0       1579   resources.o
      1396        196        104          0          0       3210   rtc.o
      8696        320          0         40        100      18581   sdcard.o
      6248        536        579          8          0      17644   settingspage.o
      4260        496        520          4          0      10104   snakepage.o
       644         28          0          0          0       2544   spi.o
       760         10          0          0          0       3484   spiflash.o
       292         16          0          0          0       1216   spitouch.o
       164         50        327       4096          0        368   stm32f10x.o
      1070         28          0          0          0     231681   stm32f10x_adc.o
       176         12          0          0          0       3304   stm32f10x_bkp.o
       604          8          0          0          0      14158   stm32f10x_dma.o
       304         14          0          0          0       4391   stm32f10x_exti.o
      1484         38          0          0          0      14462   stm32f10x_flash.o
      1544         20          0          0          0      13247   stm32f10x_fsmc.o
       840         38          0          0          0      14005   stm32f10x_gpio.o
      2840        474         19         20        256      15652   stm32f10x_it.o
       212         14          0          0          0       1895   stm32f10x_pwr.o
       912         32          0         20          0      17492   stm32f10x_rcc.o
       356         10          0          0          0       2686   stm32f10x_rtc.o
       460         22          0          0          0      16236   stm32f10x_sdio.o
       780         14          0          0          0      13490   stm32f10x_spi.o
      3426         84          0          0          0      42700   stm32f10x_tim.o
      1032         20          0          0          0      14444   stm32f10x_usart.o
      3460       1390        284         28          0       4134   systeminit.o
       612        102        630          1          0       2487   testpage.o
       596         38          9          4          0       1918   theme.o
       648         18          0          0          0       2430   time.o
      2716        502        362          4          0       4943   touchcheckpage.o
      1120         44          0         24          0       4204   touchhandler.o
       412         22          0          4          0       3310   uart.o
      2904        114          0          4          0       7927   usb_core.o
         0          0        177         26          0      12507   usb_desc.o
       216         28          0          4         64       4592   usb_endp.o
       604         72          0         13       1024       4067   usb_hw_config.o
        60         24          0         20         28       3982   usb_init.o
       820         32          0          4          0       1787   usb_int.o
       120         20          0         62          0       1228   usb_istr.o
        88          6          0          0          0       1350   usb_mem.o
       956        114        614        148          0       9352   usb_prop.o
       352         26          0          7          0       2597   usb_pwr.o
      2088         24          0          0          0      11557   usb_regs.o
       132         12          0          0          0       1414   usb_sil.o
      1708        306        198          0          0       6681   userapi.o
      1028         26       1950          0          0       4021   vs1003b.o

    ----------------------------------------------------------------------
    160908      17692      48175       4884      33264    1237890   Object Totals
         0          0         32          0          0          0   (incl. Generated)
        14          0         42         22          2          0   (incl. Padding)

    ----------------------------------------------------------------------

      Code (inc. data)   RO Data    RW Data    ZI Data      Debug   Library Member Name

        90          0          0          0          0          0   __dczerorl2.o
         8          0          0          0          0         68   __main.o
       328          4         17          0          0         88   __printf_flags_wp.o
        52          8          0          0          0          0   __scatter.o
        28          0          0          0          0          0   __scatter_zi.o
         6          0          0          0          0          0   _printf_c.o
        44          0          0          0          0        108   _printf_char.o
        48          4          0          0          0         96   _printf_char_common.o
         6          0          0          0          0          0   _printf_d.o
       112         16          0          0          0         92   _printf_dec.o
         6          0          0          0          0          0   _printf_f.o
      1096          0          0          0          0        204   _printf_fp_dec.o
       124         16          0          0          0         84   _printf_fp_infnan.o
        92          6         40          0          0         84   _printf_hex_int.o
       174          0          0          0          0         88   _printf_intcommon.o
        76          0          0          0          0        104   _printf_pad.o
         0          0          0          0          0          0   _printf_percent.o
         4          0          0          0          0          0   _printf_percent_end.o
         6          0          0          0          0          0   _printf_s.o
        82          0          0          0          0         80   _printf_str.o
         6          0          0          0          0          0   _printf_u.o
         6          0          0          0          0          0   _printf_x.o
        10          0          0          0          0         68   _sputc.o
        16          0          0          0          0         68   aeabi_memset.o
       208          6        148          0          0         92   bigflt0.o
      1910        128          0          0          0        660   btod.o
        16          6          0          0          0         68   dcheck.o
       120          0          0          0          0         84   dcmpin.o
        44          0          0          0          0         68   dflt_clz.o
       112          6          0          0          0         68   dleqf.o
       136          6          0          0          0         68   drleqf.o
        12          0          0          0          0         68   exit.o
        80          4          0          0          0         68   f2d.o
       548         18          0          0          0        136   faddsub_clz.o
        12          6          0          0          0         68   fcheck.o
        12          6          0          0          0         68   fcheck1.o
       484         76          0          0          0         76   fdiv.o
       112          4          0          0          0         68   ffix.o
        88          6          0          0          0         68   ffixu.o
        58          0          0          0          0        136   fflt_clz.o
       264          6          0          0          0         68   fmul.o
        74          0          0          0          0         84   fnorm2_clz.o
        40          0          0          0          0         68   fpclassify.o
       134          0          0          0          0         84   funder.o
         6          0          0          0          0        148   heapauxi.o
        44         10         28          0          0         76   lc_numeric_c.o
         6          0          0          0          0          0   libinit.o
        18          0          0          0          0          0   libinit2.o
         2          0          0          0          0          0   libshutdown.o
         2          0          0          0          0          0   libshutdown2.o
         8          4          0          0         96         68   libspace.o
       138          0          0          0          0         76   lludiv10.o
        32          8          0          0          0         80   noretval__2printf.o
        40          6          0          0          0         80   noretval__2sprintf.o
         4          0          0          0          0         68   printf1.o
       100          0          0          0          0         68   retnan.o
        12          6          0          0          0         68   rt_locale_intlibspace.o
        68          0          0          0          0         68   rt_memclr.o
        78          0          0          0          0         76   rt_memclr_w.o
       140          0          0          0          0         68   rt_memcpy_v6.o
       100          0          0          0          0         80   rt_memcpy_w.o
         0          0          0          0          0          0   rtentry.o
        12          0          0          0          0          0   rtentry2.o
         6          0          0          0          0          0   rtentry4.o
         0          0          0          0          0          0   rtexit.o
         8          0          0          0          0          0   rtexit2.o
        16          0          0          0          0         68   rtudiv10.o
        24          0          0          0          0         68   strcat.o
       128          2          0          0          0         68   strcmpv7m.o
        74          0          0          0          0         76   strcpy.o
        62          0          0          0          0         76   strlen.o
        36          0          0          0          0         76   strstr.o
        74          0          0          0          0         80   sys_stackheap_outer.o
        48          0          0          0          0         68   trapv.o
         2          0          0          0          0         68   use_no_semi.o
         2          0          0          0          0         68   use_no_semi_2.o
         0          0          0          0          0          0   usenofp.o

    ----------------------------------------------------------------------
      8194        368        235          0        100       5140   Library Totals
        20          0          2          0          4          0   (incl. Padding)

    ----------------------------------------------------------------------

      Code (inc. data)   RO Data    RW Data    ZI Data      Debug   Library Name

      5688        224        233          0         96       3588   c_w.l
      2446        144          0          0          0       1484   fz_ws.l
        40          0          0          0          0         68   m_ws.l

    ----------------------------------------------------------------------
      8194        368        235          0        100       5140   Library Totals

    ----------------------------------------------------------------------

==============================================================================


      Code (inc. data)   RO Data    RW Data    ZI Data      Debug   

    169102      18060      48410       4884      33364    1231480   Grand Totals
    169102      18060      48410        300      33364    1231480   ELF Image Totals (compressed)
    169102      18060      48410        300          0          0   ROM Totals

==============================================================================

    Total RO  Size (Code + RO Data)               217512 ( 212.41kB)
    Total RW  Size (RW Data + ZI Data)             38248 (  37.35kB)
    Total ROM Size (Code + RO Data + RW Data)     217812 ( 212.71kB)

==============================================================================

