


ARM Macro Assembler    Page 1 


    1 00000000         ;/******************************************************
                       ***********************/
    2 00000000         ;/* STM32F10x.s: Startup file for ST STM32F10x device se
                       ries                  */
    3 00000000         ;/******************************************************
                       ***********************/
    4 00000000         ;/* <<< Use Configuration Wizard in Context Menu >>>    
                                             */
    5 00000000         ;/******************************************************
                       ***********************/
    6 00000000         ;/* This file is part of the uVision/ARM development too
                       ls.                   */
    7 00000000         ;/* Copyright (c) 2005-2007 Keil Software. All rights re
                       served.               */
    8 00000000         ;/* This software may only be used under the terms of a 
                       valid, current,       */
    9 00000000         ;/* end user licence from KEIL for a compatible version 
                       of KEIL software      */
   10 00000000         ;/* development tools. Nothing else gives you the right 
                       to use this software. */
   11 00000000         ;/******************************************************
                       ***********************/
   12 00000000         
   13 00000000         
   14 00000000         ;// <h> Stack Configuration
   15 00000000         ;//   <o> Stack Size (in Bytes) <0x0-0xFFFFFFFF:8>
   16 00000000         ;// </h>
   17 00000000         
   18 00000000 00001000 
                       Stack_Size
                               EQU              4096
   19 00000000         
   20 00000000                 AREA             |.ARM.__AT_0x20000000|, DATA, R
EADWRITE, ALIGN=3
   21 00000000 00 00 00 
              00 00 00 
              00 00 00 
              00 00 00 
              00 00 00 
              00 00 00 
              00 00 00 
              00 00 00 
              00 00 00 
              00 00 00 
              00 00 00 
              00 00 00 
              00 00 00 
              00 00 00 
              00 00 00 
              00 00 00 
              00 00 00 
              00 00 00 
              00 00 00 
              00 00 00 
              00 00 00 
              00 00 00 
              00 00 00 
              00 00 00 
              00 00 00 



ARM Macro Assembler    Page 2 


              00 00 00 
              00 00 00 
              00 00 00 
              00 00 00 
              00 00 00 
              00 00 00 
              00 00 00 
              00 00 00 
              00 00 00 
              00 00 00 
              00 00 00 
              00 00 00 
              00 00 00 
              00 00 00 
              00 00 00 
              00 00 00 
              00 00 00 
              00 00 00 
              00 00 00 
              00 00 00 
              00 00 00 
              00 00 00 
              00 00 00 
              00 00 00 
              00 00 00 
              00 00 00 
              00 00 00 
              00 00 00 
              00 00 00 
              00 00 00 
              00 00 00 
              00 00 00 
              00 00 00 
              00 00 00 
              00 00 00 
              00 00 00 
              00 00 00 
              00 00 00 
              00 00 00 
              00 00 00 
              00 00 00 
              00 00 00 
              00 00 00 
              00 00 00 
              00 00 00 
              00 00 00 
              00 00 00 
              00 00 00 
              00 00 00 
              00 00 00 
              00 00 00 
              00 00 00 
              00 00 00 
              00 00 00 
              00 00 00 
              00 00 00 
              00 00 00 
              00 00 00 
              00 00 00 



ARM Macro Assembler    Page 3 


              00 00 00 
              00 00 00 
              00 00 00 
              00 00 00 
              00 00 00 
              00 00 00 
              00 00 00 
              00 00 00 
              00 00 00 
              00 00 00 
              00 00 00 
              00 00 00 
              00 00 00 
              00 00 00 
              00 00 00 
              00 00 00 
              00 00 00 
              00 00 00 
              00 00 00 
              00 00 00 
              00 00 00 
              00 00 00 
              00 00 00 
              00 00 00 
              00 00 00 
              00 00 00 
              00 00 00 
              00 00 00 
              00 00 00 
              00 00 00 
              00 00 00 
              00 00 00 
              00 00 00 
              00 00 00 
              00 00 00 
              00 00 00 
              00 00 00 
              00 00 00 
              00 00 00 
              00 00 00 
              00 00 00 
              00 00 00 
              00 00 00 
              00 00 00 
              00 00 00 
              00 00 00 
              00 00 00 
              00 00 00 
              00 00 00 
              00 00 00 
              00 00 00 
              00 00 00 
              00 00 00 
              00 00 00 
              00 00 00 
              00 00 00 
              00 00 00 
              00 00 00 
              00 00 00 



ARM Macro Assembler    Page 4 


              00 00 00 
              00 00 00 
              00 00 00 
              00 00 00 
              00 00 00 
              00 00 00 
              00 00 00 
              00 00 00 
              00 00 00 
              00 00 00 
              00 00 00 
              00 00 00 
              00 00 00 
              00 00 00 
              00 00 00 
              00 00 00 
              00 00 00 
              00 00 00 
              00 00 00 
              00 00 00 
              00 00 00 
              00 00 00 
              00 00 00 
              00 00 00 
              00 00 00 
              00 00 00 
              00 00 00 
              00 00 00 
              00 00 00 
              00 00 00 
              00 00 00 
              00 00 00 
              00 00 00 
              00 00 00 
              00 00 00 
              00 00 00 
              00 00 00 
              00 00 00 
              00 00 00 
              00 00 00 
              00 00 00 
              00 00 00 
              00 00 00 
              00 00 00 
              00 00 00 
              00 00 00 
              00 00 00 
              00 00 00 
              00 00 00 
              00 00 00 
              00 00 00 
              00 00 00 
              00 00 00 
              00 00 00 
              00 00 00 
              00 00 00 
              00 00 00 
              00 00 00 
              00 00 00 



ARM Macro Assembler    Page 5 


              00 00 00 
              00 00 00 
              00 00 00 
              00 00 00 
              00 00 00 
              00 00 00 
              00 00 00 
              00 00 00 
              00 00 00 
              00 00 00 
              00 00 00 
              00 00 00 
              00 00 00 
              00 00 00 
              00 00 00 
              00 00 00 
              00 00 00 
              00 00 00 
              00 00 00 
              00 00 00 
              00 00 00 
              00 00 00 
              00 00 00 
              00 00 00 
              00 00 00 
              00 00 00 
              00 00 00 
              00 00 00 
              00 00 00 
              00 00 00 
              00 00 00 
              00 00 00 
              00 00 00 
              00 00 00 
              00 00 00 
              00 00 00 
              00 00 00 
              00 00 00 
              00 00 00 
              00 00 00 
              00 00 00 
              00 00 00 
              00 00 00 
              00 00 00 
              00 00 00 
              00 00 00 
              00 00 00 
              00 00 00 
              00 00 00 
              00 00 00 
              00 00 00 
              00 00 00 
              00 00 00 
              00 00 00 
              00 00 00 
              00 00 00 
              00 00 00 
              00 00 00 
              00 00 00 



ARM Macro Assembler    Page 6 


              00 00 00 
              00 00 00 
              00 00 00 
              00 00 00 
              00 00 00 
              00 00 00 
              00 00 00 
              00 00 00 
              00 00 00 
              00 00 00 
              00 00 00 
              00 00 00 
              00 00 00 
              00 00 00 
              00 00 00 
              00 00 00 
              00 00 00 
              00 00 00 
              00 00 00 
              00 00 00 
              00 00 00 
              00 00 00 
              00 00 00 
              00 00 00 
              00 00 00 
              00 00 00 
              00 00 00 
              00 00 00 
              00 00 00 
              00 00 00 
              00 00 00 
              00 00 00 
              00 00 00 
              00 00 00 
              00 00 00 
              00 00 00 
              00 00 00 
              00 00 00 
              00 00 00 
              00 00 00 
              00 00 00 
              00 00 00 
              00 00 00 
              00 00 00 
              00 00 00 
              00 00 00 
              00 00 00 
              00 00 00 
              00 00 00 
              00 00 00 
              00 00 00 
              00 00 00 
              00 00 00 
              00 00 00 
              00 00 00 
              00 00 00 
              00 00 00 
              00 00 00 
              00 00 00 



ARM Macro Assembler    Page 7 


              00 00 00 
              00 00 00 
              00 00 00 
              00 00 00 
              00 00 00 
              00 00 00 
              00 00 00 
              00 00 00 
              00 00 00 
              00 00 00 
              00 00 00 
              00 00 00 
              00 00 00 
              00 00 00 
              00 00 00 
              00 00 00 
              00 00 00 
              00 00 00 
              00 00 00 
              00 00 00 
              00 00 00 
              00 00 00 
              00 00 00 
              00 00 00 
              00 00 00 
              00 00 00 
              00 00 00 
              00 00 00 
              00 00 00 
              00 00 00 
              00 00 00 
              00 00 00 
              00 00 00 
              00 00 00 
              00 00 00 
              00 00 00 
              00 00 00 
              00 00 00 
              00 00 00 
              00 00 00 
              00 00 00 
              00 00 00 
              00 00 00 
              00 00 00 
              00 00 00 
              00 00 00 
              00 00 00 
              00 00 00 
              00 00 00 
              00 00 00 
              00 00 00 
              00 00 00 
              00 00 00 
              00 00 00 
              00 00 00 
              00 00 00 
              00 00 00 
              00 00 00 
              00 00 00 



ARM Macro Assembler    Page 8 


              00 00 00 
              00 00 00 
              00 00 00 
              00 00 00 
              00 00 00 
              00 00 00 
              00 00 00 
              00 00 00 
              00 00 00 
              00 00 00 
              00 00 00 
              00 00 00 
              00 00 00 
              00 00 00 
              00 00 00 
              00 00 00 
              00 00 00 
              00 00 00 
              00 00 00 
              00 00 00 
              00 00 00 
              00 00 00 
              00 00 00 
              00 00 00 
              00 00 00 
              00 00 00 
              00 00 00 
              00 00 00 
              00 00 00 
              00 00 00 
              00 00 00 
              00 00 00 
              00 00 00 
              00 00 00 
              00 00 00 
              00 00 00 
              00 00 00 
              00 00 00 
              00 00 00 
              00 00 00 
              00 00 00 
              00 00 00 
              00 00 00 
              00 00 00 
              00 00 00 
              00 00 00 
              00 00 00 
              00 00 00 
              00 00 00 
              00 00 00 
              00 00 00 
              00 00 00 
              00 00 00 
              00 00 00 
              00 00 00 
              00 00 00 
              00 00 00 
              00 00 00 
              00 00 00 



ARM Macro Assembler    Page 9 


              00 00 00 
              00 00 00 
              00 00 00 
              00 00 00 
              00 00 00 
              00 00 00 
              00 00 00 
              00 00 00 
              00 00 00 
              00 00 00 
              00 00 00 
              00 00 00 
              00 00 00 
              00 00 00 
              00 00 00 
              00 00 00 
              00 00 00 
              00 00 00 
              00 00 00 
              00 00 00 
              00 00 00 
              00 00 00 
              00 00 00 
              00 00 00 
              00 00 00 
              00 00 00 
              00 00 00 
              00 00 00 
              00 00 00 
              00 00 00 
              00 00 00 
              00 00 00 
              00 00 00 
              00 00 00 
              00 00 00 
              00 00 00 
              00 00 00 
              00 00 00 
              00 00 00 
              00 00 00 
              00 00 00 
              00 00 00 
              00 00 00 
              00 00 00 
              00 00 00 
              00 00 00 
              00 00 00 
              00 00 00 
              00 00 00 
              00 00 00 
              00 00 00 
              00 00 00 
              00 00 00 
              00 00 00 
              00 00 00 
              00 00 00 
              00 00 00 
              00 00 00 
              00 00 00 



ARM Macro Assembler    Page 10 


              00 00 00 
              00 00 00 
              00 00 00 
              00 00 00 
              00 00 00 
              00 00 00 
              00 00 00 
              00 00 00 
              00 00 00 
              00 00 00 
              00 00 00 
              00 00 00 
              00 00 00 
              00 00 00 
              00 00 00 
              00 00 00 
              00 00 00 
              00 00 00 
              00 00 00 
              00 00 00 
              00 00 00 
              00 00 00 
              00 00 00 
              00 00 00 
              00 00 00 
              00 00 00 
              00 00 00 
              00 00 00 
              00 00 00 
              00 00 00 
              00 00 00 
              00 00 00 
              00 00 00 
              00 00 00 
              00 00 00 
              00 00 00 
              00 00 00 
              00 00 00 
              00 00 00 
              00 00 00 
              00 00 00 
              00 00 00 
              00 00 00 
              00 00 00 
              00 00 00 
              00 00 00 
              00 00 00 
              00 00 00 
              00 00 00 
              00 00 00 
              00 00 00 
              00 00 00 
              00 00 00 
              00 00 00 
              00 00 00 
              00 00 00 
              00 00 00 
              00 00 00 
              00 00 00 



ARM Macro Assembler    Page 11 


              00 00 00 
              00 00 00 
              00 00 00 
              00 00 00 
              00 00 00 
              00 00 00 
              00 00 00 
              00 00 00 
              00 00 00 
              00 00 00 
              00 00 00 
              00 00 00 
              00 00 00 
              00 00 00 
              00 00 00 
              00 00 00 
              00 00 00 
              00 00 00 
              00 00 00 
              00 00 00 
              00 00 00 
              00 00 00 
              00 00 00 
              00 00 00 
              00 00 00 
              00 00 00 
              00 00 00 
              00 00 00 
              00 00 00 
              00 00 00 
              00 00 00 
              00 00 00 
              00 00 00 
              00 00 00 
              00 00 00 
              00 00 00 
              00 00 00 
              00 00 00 
              00 00 00 
              00 00 00 
              00 00 00 
              00 00 00 
              00 00 00 
              00 00 00 
              00 00 00 
              00 00 00 
              00 00 00 
              00 00 00 
              00 00 00 
              00 00 00 
              00 00 00 
              00 00 00 
              00 00 00 
              00 00 00 
              00 00 00 
              00 00 00 
              00 00 00 
              00 00 00 
              00 00 00 



ARM Macro Assembler    Page 12 


              00 00 00 
              00 00 00 
              00 00 00 
              00 00 00 
              00 00 00 
              00 00 00 
              00 00 00 
              00 00 00 
              00 00 00 
              00 00 00 
              00 00 00 
              00 00 00 
              00 00 00 
              00 00 00 
              00 00 00 
              00 00 00 
              00 00 00 
              00 00 00 
              00 00 00 
              00 00 00 
              00 00 00 
              00 00 00 
              00 00 00 
              00 00 00 
              00 00 00 
              00 00 00 
              00 00 00 
              00 00 00 
              00 00 00 
              00 00 00 
              00 00 00 
              00 00 00 
              00 00 00 
              00 00 00 
              00 00 00 
              00 00 00 
              00 00 00 
              00 00 00 
              00 00 00 
              00 00 00 
              00 00 00 
              00 00 00 
              00 00 00 
              00 00 00 
              00 00 00 
              00 00 00 
              00 00 00 
              00 00 00 
              00 00 00 
              00 00 00 
              00 00 00 
              00 00 00 
              00 00 00 
              00 00 00 
              00 00 00 
              00 00 00 
              00 00 00 
              00 00 00 
              00 00 00 



ARM Macro Assembler    Page 13 


              00 00 00 
              00 00 00 
              00 00 00 
              00 00 00 
              00 00 00 
              00 00 00 
              00 00 00 
              00 00 00 
              00 00 00 
              00 00 00 
              00 00 00 
              00 00 00 
              00 00 00 
              00 00 00 
              00 00 00 
              00 00 00 
              00 00 00 
              00 00 00 
              00 00 00 
              00 00 00 
              00 00 00 
              00 00 00 
              00 00 00 
              00 00 00 
              00 00 00 
              00 00 00 
              00 00 00 
              00 00 00 
              00 00 00 
              00 00 00 
              00 00 00 
              00 00 00 
              00 00 00 
              00 00 00 
              00 00 00 
              00 00 00 
              00 00 00 
              00 00 00 
              00 00 00 
              00 00 00 
              00 00 00 
              00 00 00 
              00 00 00 
              00 00 00 
              00 00 00 
              00 00 00 
              00 00 00 
              00 00 00 
              00 00 00 
              00 00 00 
              00 00 00 
              00 00 00 
              00 00 00 
              00 00 00 
              00 00 00 
              00 00 00 
              00 00 00 
              00 00 00 
              00 00 00 



ARM Macro Assembler    Page 14 


              00 00 00 
              00 00 00 
              00 00 00 
              00 00 00 
              00 00 00 
              00 00 00 
              00 00 00 
              00 00 00 
              00 00 00 
              00 00 00 
              00 00 00 
              00 00 00 
              00 00 00 
              00 00 00 
              00 00 00 
              00 00 00 
              00 00 00 
              00 00 00 
              00 00 00 
              00 00 00 
              00 00 00 
              00 00 00 
              00 00 00 
              00 00 00 
              00 00 00 
              00 00 00 
              00 00 00 
              00 00 00 
              00 00 00 
              00 00 00 
              00 00 00 
              00 00 00 
              00 00 00 
              00 00 00 
              00 00 00 
              00 00 00 
              00 00 00 
              00 00 00 
              00 00 00 
              00 00 00 
              00 00 00 
              00 00 00 
              00 00 00 
              00 00 00 
              00 00 00 
              00 00 00 
              00 00 00 
              00 00 00 
              00 00 00 
              00 00 00 
              00 00 00 
              00 00 00 
              00 00 00 
              00 00 00 
              00 00 00 
              00 00 00 
              00 00 00 
              00 00 00 
              00 00 00 



ARM Macro Assembler    Page 15 


              00 00 00 
              00 00 00 
              00 00 00 
              00 00 00 
              00 00 00 
              00 00 00 
              00 00 00 
              00 00 00 
              00 00 00 
              00 00 00 
              00 00 00 
              00 00 00 
              00 00 00 
              00 00 00 
              00 00 00 
              00 00 00 
              00 00 00 
              00 00 00 
              00 00 00 
              00 00 00 
              00 00 00 
              00 00 00 
              00 00 00 
              00 00 00 
              00 00 00 
              00 00 00 
              00 00 00 
              00 00 00 
              00 00 00 
              00 00 00 
              00 00 00 
              00 00 00 
              00 00 00 
              00 00 00 
              00 00 00 
              00 00 00 
              00 00 00 
              00 00 00 
              00 00 00 
              00 00 00 
              00 00 00 
              00 00 00 
              00 00 00 
              00 00 00 
              00 00 00 
              00 00 00 
              00 00 00 
              00 00 00 
              00 00 00 
              00 00 00 
              00 00 00 
              00 00 00 
              00 00 00 
              00 00 00 
              00 00 00 
              00 00 00 
              00 00 00 
              00 00 00 
              00 00 00 



ARM Macro Assembler    Page 16 


              00 00 00 
              00 00 00 
              00 00 00 
              00 00 00 
              00 00 00 
              00 00 00 
              00 00 00 
              00 00 00 
              00 00 00 
              00 00 00 
              00 00 00 
              00 00 00 
              00 00 00 
              00 00 00 
              00 00 00 
              00 00 00 
              00 00 00 
              00 00 00 
              00 00 00 
              00 00 00 
              00 00 00 
              00 00 00 
              00 00 00 
              00 00 00 
              00 00 00 
              00 00 00 
              00 00 00 
              00 00 00 
              00 00 00 
              00 00 00 
              00 00 00 
              00 00 00 
              00 00 00 
              00 00 00 
              00 00 00 
              00 00 00 
              00 00 00 
              00 00 00 
              00 00 00 
              00 00 00 
              00 00 00 
              00 00 00 
              00 00 00 
              00 00 00 
              00 00 00 
              00 00 00 
              00 00 00 
              00 00 00 
              00 00 00 
              00 00 00 
              00 00 00 
              00 00 00 
              00 00 00 
              00 00 00 
              00 00 00 
              00 00 00 
              00 00 00 
              00 00 00 
              00 00 00 



ARM Macro Assembler    Page 17 


              00 00 00 
              00 00 00 
              00 00 00 
              00 00 00 
              00 00 00 
              00 00 00 
              00 00 00 
              00 00 00 
              00 00 00 
              00 00 00 
              00 00 00 
              00 00 00 
              00 00 00 
              00 00 00 
              00 00 00 
              00 00 00 
              00 00 00 
              00 00 00 
              00 00 00 
              00 00 00 
              00 00 00 
              00 00 00 
              00 00 00 
              00 00 00 
              00 00 00 
              00 00 00 
              00 00 00 
              00 00 00 
              00 00 00 
              00 00 00 
              00 00 00 
              00 00 00 
              00 00 00 
              00 00 00 
              00 00 00 
              00 00 00 
              00 00 00 
              00 00 00 
              00 00 00 
              00 00 00 
              00 00 00 
              00 00 00 
              00 00 00 
              00 00 00 
              00 00 00 
              00 00 00 
              00 00 00 
              00 00 00 
              00 00 00 
              00 00 00 
              00 00 00 
              00 00 00 
              00 00 00 
              00 00 00 
              00 00 00 
              00 00 00 
              00 00 00 
              00 00 00 
              00 00 00 



ARM Macro Assembler    Page 18 


              00 00 00 
              00 00 00 
              00 00 00 
              00 00 00 
              00 00 00 
              00 00 00 
              00 00 00 
              00 00 00 
              00 00 00 
              00 00 00 
              00 00 00 
              00 00 00 
              00 00 00 
              00 00 00 
              00 00 00 
              00 00 00 
              00 00 00 
              00 00 00 
              00 00 00 
              00 00 00 
              00 00 00 
              00 00 00 
              00 00 00 
              00 00 00 
              00 00 00 
              00 00 00 
              00 00 00 
              00 00 00 
              00 00 00 
              00 00 00 
              00 00 00 
              00 00 00 
              00 00 00 
              00 00 00 
              00 00 00 
              00 00 00 
              00 00 00 
              00 00 00 
              00 00 00 
              00 00 00 
              00 00 00 
              00 00 00 
              00 00 00 
              00 00 00 
              00 00 00 
              00 00 00 
              00 00 00 
              00 00 00 
              00 00 00 
              00 00 00 
              00 00 00 
              00 00 00 
              00 00 00 
              00 00 00 
              00 00 00 
              00 00 00 
              00 00 00 
              00 00 00 
              00 00 00 



ARM Macro Assembler    Page 19 


              00 00 00 
              00 00 00 
              00 00 00 
              00 00 00 
              00 00 00 
              00 00 00 
              00 00 00 
              00 00 00 
              00 00 00 
              00 00 00 
              00 00 00 
              00 00 00 
              00 00 00 
              00 00 00 
              00 00 00 
              00 00 00 
              00 00 00 
              00 00 00 
              00 00 00 
              00 00 00 
              00 00 00 
              00 00 00 
              00 00 00 
              00 00 00 
              00 00 00 
              00 00 00 
              00 00 00 
              00 00 00 
              00 00 00 
              00 00 00 
              00 00 00 
              00 00 00 
              00 00 00 
              00 00 00 
              00 00 00 
              00 00 00 
              00 00 00 
              00 00 00 
              00 00 00 
              00 00 00 
              00 00 00 
              00 00 00 
              00 00 00 
              00 00 00 
              00 00 00 
              00 00 00 
              00 00 00 
              00 00 00 
              00 00 00 
              00 00 00 
              00 00 00 
              00 00 00 
              00 00 00 
              00 00 00 
              00 00 00 
              00 00 00 
              00 00 00 
              00 00 00 
              00 00 00 



ARM Macro Assembler    Page 20 


              00 00 00 
              00 00 00 
              00 00 00 
              00 00 00 
              00 00 00 
              00 00 00 
              00 00 00 
              00 00 00 
              00 00 00 
              00 00 00 
              00 00 00 
              00 00 00 
              00 00 00 
              00 00 00 
              00 00 00 
              00 00 00 
              00 00 00 
              00 00 00 
              00 00 00 
              00 00 00 
              00 00 00 
              00 00 00 
              00 00 00 
              00 00 00 
              00 00 00 
              00 00 00 
              00 00 00 
              00 00 00 
              00 00 00 
              00 00 00 
              00 00 00 
              00 00 00 
              00 00 00 
              00 00 00 
              00 00 00 
              00 00 00 
              00 00 00 
              00 00 00 
              00 00 00 
              00 00 00 
              00 00 00 
              00 00 00 
              00 00 00 
              00 00 00 
              00 00 00 
              00 00 00 
              00 00 00 
              00 00 00 
              00 00 00 
              00 00 00 
              00 00 00 
              00 00 00 
              00 00 00 
              00 00 00 
              00 00 00 
              00 00 00 
              00 00 00 
              00 00 00 
              00 00 00 



ARM Macro Assembler    Page 21 


              00 00 00 
              00 00 00 
              00 00 00 
              00 00 00 
              00 00 00 
              00 00 00 
              00 00 00 
              00 00 00 
              00 00 00 
              00 00 00 
              00 00 00 
              00 00 00 
              00 00 00 
              00 00 00 
              00 00 00 
              00 00 00 
              00 00 00 
              00 00 00 
              00 00 00 
              00 00 00 
              00 00 00 
              00 00 00 
              00 00 00 
              00 00 00 
              00 00 00 
              00 00 00 
              00 00 00 
              00 00 00 
              00 00 00 
              00 00 00 
              00 00 00 
              00 00 00 
              00 00 00 
              00 00 00 
              00 00 00 
              00 00 00 
              00 00 00 
              00 00 00 
              00 00 00 
              00 00 00 
              00 00 00 
              00 00 00 
              00 00 00 
              00 00 00 
              00 00 00 
              00 00 00 
              00 00 00 
              00 00 00 
              00 00 00 
              00 00 00 
              00 00 00 
              00 00 00 
              00 00 00 
              00 00 00 
              00 00 00 
              00 00 00 
              00 00 00 
              00 00 00 
              00 00 00 



ARM Macro Assembler    Page 22 


              00 00 00 
              00 00 00 
              00 00 00 
              00 00 00 
              00 00 00 
              00 00 00 
              00 00 00 
              00 00 00 
              00 00 00 
              00 00 00 
              00 00 00 
              00 00 00 
              00 00 00 
              00 00 00 
              00 00 00 
              00 00 00 
              00 00 00 
              00 00 00 
              00 00 00 
              00 00 00 
              00 00 00 
              00 00 00 
              00 00 00 
              00 00 00 
              00 00 00 
              00 00 00 
              00 00 00 
              00 00 00 
              00 00 00 
              00 00 00 
              00 00 00 
              00 00 00 
              00 00 00 
              00 00 00 
              00 00 00 
              00 00 00 
              00 00 00 
              00 00 00 
              00 00 00 
              00 00 00 
              00 00 00 
              00 00 00 
              00 00 00 
              00 00 00 
              00 00 00 
              00 00 00 
              00 00 00 
              00 00 00 
              00 00 00 
              00 00 00 
              00 00 00 
              00 00 00 
              00 00 00 
              00 00 00 
              00 00 00 
              00 00 00 
              00 00 00 
              00 00 00 
              00 00 00 



ARM Macro Assembler    Page 23 


              00 00 00 
              00 00 00 
              00 00 00 
              00 00 00 
              00 00 00 
              00 00 00 
              00 00 00 
              00 00 00 
              00 00 00 
              00 00 00 
              00 00 00 
              00 00 00 
              00 00 00 
              00 00 00 
              00 00 00 
              00 00 00 
              00 00 00 
              00 00 00 
              00 00 00 
              00 00 00 
              00 00 00 
              00 00 00 
              00 00 00 
              00 00 00 
              00 00 00 
              00 00 00 
              00 00 00 
              00 00 00 
              00 00 00 
              00 00 00 
              00 00 00 
              00 00 00 
              00 00 00 
              00 00 00 
              00 00 00 
              00 00 00 
              00 00 00 
              00 00 00 
              00 00 00 
              00 00 00 
              00 00 00 
              00 00 00 
              00 00 00 
              00 00 00 
              00 00 00 
              00 00 00 
              00 00 00 
              00 00 00 
              00 00 00 
              00 00 00 
              00 00 00 
              00 00 00 
              00 00 00 
              00 00 00 
              00 00 00 
              00 00 00 
              00 00 00 
              00 00 00 
              00 00 00 



ARM Macro Assembler    Page 24 


              00 00 00 
              00 00 00 
              00 00 00 
              00 00 00 
              00 00 00 
              00 00 00 
              00 00 00 
              00 00 00 
              00 00 00 
              00 00 00 
              00 00 00 
              00 00 00 
              00 00 00 
              00 00 00 
              00 00 00 
              00 00 00 
              00 00 00 
              00 00 00 
              00 00 00 
              00 00 00 
              00 00 00 
              00 00 00 
              00 00 00 
              00 00 00 
              00 00 00 
              00 00 00 
              00 00 00 
              00 00 00 
              00 00 00 
              00 00 00 
              00 00 00 
              00 00 00 
              00 00 00 
              00 00 00 
              00 00 00 
              00 00 00 
              00 00 00 
              00 00 00 
              00 00 00 
              00 00 00 
              00 00 00 
              00 00 00 
              00       Stack_Mem
                               SPACE            Stack_Size
   22 00001000         __initial_sp
   23 00001000         
   24 00001000         
   25 00001000         ;// <h> Heap Configuration
   26 00001000         ;//   <o>  Heap Size (in Bytes) <0x0-0xFFFFFFFF:8>
   27 00001000         ;// </h>
   28 00001000         
   29 00001000 00000000 
                       Heap_Size
                               EQU              0
   30 00001000         
   31 00001000                 AREA             HEAP, NOINIT, READWRITE, ALIGN=
3
   32 00000000         __heap_base
   33 00000000         Heap_Mem



ARM Macro Assembler    Page 25 


                               SPACE            Heap_Size
   34 00000000         __heap_limit
   35 00000000         
   36 00000000                 IMPORT           OS_CPU_SysTickHandler
   37 00000000                 IMPORT           OS_CPU_PendSVHandler
   38 00000000                 IMPORT           NMIException
   39 00000000                 IMPORT           MemManageException
   40 00000000                 IMPORT           BusFaultException
   41 00000000                 IMPORT           UsageFaultException
   42 00000000                 IMPORT           DebugMonitor
   43 00000000                 IMPORT           SVCHandler
   44 00000000         
   45 00000000                 PRESERVE8
   46 00000000                 THUMB
   47 00000000         
   48 00000000         
   49 00000000         ; Vector Table Mapped to Address 0 at Reset
   50 00000000         
   51 00000000                 AREA             RESET, DATA, READONLY
   52 00000000                 EXPORT           __Vectors
   53 00000000         
   54 00000000 00000000 
                       __Vectors
                               DCD              __initial_sp ; Top of Stack
   55 00000004 00000000        DCD              Reset_Handler ; Reset Handler
   56 00000008 00000000        DCD              NMIException ; NMI Handler
   57 0000000C 00000000        DCD              Fault_Handler ; Hard Fault Hand
                                                            ler
   58 00000010 00000000        DCD              MemManageException 
                                                            ; MPU Fault Handler
                                                            
   59 00000014 00000000        DCD              BusFaultException 
                                                            ; Bus Fault Handler
                                                            
   60 00000018 00000000        DCD              UsageFaultException ; Usage Fau
                                                            lt Handler
   61 0000001C 00000000        DCD              0           ; Reserved
   62 00000020 00000000        DCD              0           ; Reserved
   63 00000024 00000000        DCD              0           ; Reserved
   64 00000028 00000000        DCD              0           ; Reserved
   65 0000002C 00000000        DCD              SVCHandler  ; SVCall Handler
   66 00000030 00000000        DCD              DebugMonitor ; Debug Monitor Ha
                                                            ndler
   67 00000034 00000000        DCD              0           ; Reserved
   68 00000038 00000000        DCD              OS_CPU_PendSVHandler 
                                                            ; PendSV Handler
   69 0000003C 00000000        DCD              OS_CPU_SysTickHandler 
                                                            ; SysTick Handler
   70 00000040         
   71 00000040         ; External Interrupts
   72 00000040 00000000        DCD              WWDG_IRQHandler 
                                                            ; Window Watchdog
   73 00000044 00000000        DCD              PVD_IRQHandler ; PVD through EX
                                                            TI Line detect
   74 00000048 00000000        DCD              TAMPER_IRQHandler ; Tamper
   75 0000004C 00000000        DCD              RTC_IRQHandler ; RTC
   76 00000050 00000000        DCD              FLASH_IRQHandler ; Flash
   77 00000054 00000000        DCD              RCC_IRQHandler ; RCC
   78 00000058 00000000        DCD              EXTI0_IRQHandler ; EXTI Line 0



ARM Macro Assembler    Page 26 


   79 0000005C 00000000        DCD              EXTI1_IRQHandler ; EXTI Line 1
   80 00000060 00000000        DCD              EXTI2_IRQHandler ; EXTI Line 2
   81 00000064 00000000        DCD              EXTI3_IRQHandler ; EXTI Line 3
   82 00000068 00000000        DCD              EXTI4_IRQHandler ; EXTI Line 4
   83 0000006C 00000000        DCD              DMA1_Channel1_IRQHandler 
                                                            ; DMA1 Channel 1
   84 00000070 00000000        DCD              DMA1_Channel2_IRQHandler 
                                                            ; DMA1 Channel 2
   85 00000074 00000000        DCD              DMA1_Channel3_IRQHandler 
                                                            ; DMA1 Channel 3
   86 00000078 00000000        DCD              DMA1_Channel4_IRQHandler 
                                                            ; DMA1 Channel 4
   87 0000007C 00000000        DCD              DMA1_Channel5_IRQHandler 
                                                            ; DMA1 Channel 5
   88 00000080 00000000        DCD              DMA1_Channel6_IRQHandler 
                                                            ; DMA1 Channel 6
   89 00000084 00000000        DCD              DMA1_Channel7_IRQHandler 
                                                            ; DMA1 Channel 7
   90 00000088 00000000        DCD              ADC1_2_IRQHandler ; ADC1 & ADC2
                                                            
   91 0000008C 00000000        DCD              USB_HP_CAN1_TX_IRQHandler ; USB
                                                             High Priority or C
                                                            AN1 TX
   92 00000090 00000000        DCD              USB_LP_CAN1_RX0_IRQHandler ; US
                                                            B Low  Priority or 
                                                            CAN1 RX0
   93 00000094 00000000        DCD              CAN1_RX1_IRQHandler ; CAN1 RX1
   94 00000098 00000000        DCD              CAN1_SCE_IRQHandler ; CAN1 SCE
   95 0000009C 00000000        DCD              EXTI9_5_IRQHandler 
                                                            ; EXTI Line 9..5
   96 000000A0 00000000        DCD              TIM1_BRK_IRQHandler 
                                                            ; TIM1 Break
   97 000000A4 00000000        DCD              TIM1_UP_IRQHandler 
                                                            ; TIM1 Update
   98 000000A8 00000000        DCD              TIM1_TRG_COM_IRQHandler ; TIM1 
                                                            Trigger and Commuta
                                                            tion
   99 000000AC 00000000        DCD              TIM1_CC_IRQHandler ; TIM1 Captu
                                                            re Compare
  100 000000B0 00000000        DCD              TIM2_IRQHandler ; TIM2
  101 000000B4 00000000        DCD              TIM3_IRQHandler ; TIM3
  102 000000B8 00000000        DCD              TIM4_IRQHandler ; TIM4
  103 000000BC 00000000        DCD              I2C1_EV_IRQHandler ; I2C1 Event
                                                            
  104 000000C0 00000000        DCD              I2C1_ER_IRQHandler ; I2C1 Error
                                                            
  105 000000C4 00000000        DCD              I2C2_EV_IRQHandler ; I2C2 Event
                                                            
  106 000000C8 00000000        DCD              I2C2_ER_IRQHandler ; I2C2 Error
                                                            
  107 000000CC 00000000        DCD              SPI1_IRQHandler ; SPI1
  108 000000D0 00000000        DCD              SPI2_IRQHandler ; SPI2
  109 000000D4 00000000        DCD              USART1_IRQHandler ; USART1
  110 000000D8 00000000        DCD              USART2_IRQHandler ; USART2
  111 000000DC 00000000        DCD              USART3_IRQHandler ; USART3
  112 000000E0 00000000        DCD              EXTI15_10_IRQHandler 
                                                            ; EXTI Line 15..10
  113 000000E4 00000000        DCD              RTCAlarm_IRQHandler ; RTC Alarm
                                                             through EXTI Line



ARM Macro Assembler    Page 27 


  114 000000E8 00000000        DCD              USBWakeUp_IRQHandler ; USB Wake
                                                            up from suspend
  115 000000EC 00000000        DCD              TIM8_BRK_IRQHandler 
                                                            ; TIM8 Break
  116 000000F0 00000000        DCD              TIM8_UP_IRQHandler 
                                                            ; TIM8 Update
  117 000000F4 00000000        DCD              TIM8_TRG_COM_IRQHandler ; TIM8 
                                                            Trigger and Commuta
                                                            tion
  118 000000F8 00000000        DCD              TIM8_CC_IRQHandler ; TIM8 Captu
                                                            re Compare
  119 000000FC 00000000        DCD              ADC3_IRQHandler ; ADC3
  120 00000100 00000000        DCD              FSMC_IRQHandler ; FSMC
  121 00000104 00000000        DCD              SDIO_IRQHandler ; SDIO
  122 00000108 00000000        DCD              TIM5_IRQHandler ; TIM5
  123 0000010C 00000000        DCD              SPI3_IRQHandler ; SPI3
  124 00000110 00000000        DCD              UART4_IRQHandler ; UART4
  125 00000114 00000000        DCD              UART5_IRQHandler ; UART5
  126 00000118 00000000        DCD              TIM6_IRQHandler ; TIM6
  127 0000011C 00000000        DCD              TIM7_IRQHandler ; TIM7
  128 00000120 00000000        DCD              DMA2_Channel1_IRQHandler 
                                                            ; DMA2 Channel1
  129 00000124 00000000        DCD              DMA2_Channel2_IRQHandler 
                                                            ; DMA2 Channel2
  130 00000128 00000000        DCD              DMA2_Channel3_IRQHandler 
                                                            ; DMA2 Channel3
  131 0000012C 00000000        DCD              DMA2_Channel4_5_IRQHandler ; DM
                                                            A2 Channel4 & Chann
                                                            el5
  132 00000130         
  133 00000130                 AREA             STKV, DATA, READONLY
  134 00000000 46 41 55 
              4C 54 21 
              00       FAULT_MSG
                               DCB              "FAULT!",0
  135 00000007 53 54 41 
              43 4B 20 
              4F 56 45 
              52 46 4C 
              4F 57 21 
              00       STK_OV_MSG
                               DCB              "STACK OVERFLOW!",0
  136 00000017         
  137 00000017                 AREA             |.text|, CODE, READONLY
  138 00000000         
  139 00000000 E000ED29 
                       BFSR    EQU              0xE000ED29
  140 00000000 E000ED38 
                       BFAR    EQU              0xE000ED38
  141 00000000 00000092 
                       STKVBFSR
                               EQU              0x00000092
  142 00000000 1FFFFFFC 
                       STKVBFAR
                               EQU              0x1FFFFFFC
  143 00000000 1FFFFFE0 
                       ERRSP   EQU              0x1FFFFFE0
  144 00000000 40013800 
                       UART0_FLAG



ARM Macro Assembler    Page 28 


                               EQU              0x40013800
  145 00000000 40013804 
                       UART0_DATA
                               EQU              0x40013804
  146 00000000         
  147 00000000         Reset_Handler
                               PROC
  148 00000000                 EXPORT           Reset_Handler             [WEAK
]
  149 00000000                 IMPORT           __main
  150 00000000 481C            LDR              R0, =__main
  151 00000002 4700            BX               R0
  152 00000004                 ENDP
  153 00000004         
  154 00000004         Fault_Handler
                               PROC
  155 00000004                 IMPORT           HardFaultException
  156 00000004         
  157 00000004         ;Deubg msg
  158 00000004 491C            LDR              R1,=FAULT_MSG
  159 00000006 4A1D            LDR              R2,=UART0_FLAG
  160 00000008 4B1D            LDR              R3,=UART0_DATA
  161 0000000A         PutsLoop1
  162 0000000A F811 0B01       LDRB             R0, [R1], #1
  163 0000000E B128            CBZ              R0, PutsEnd
  164 00000010         PutcWaitLoop1
  165 00000010 6814            LDR              R4, [R2]
  166 00000012 F014 0F80       TST              R4, #0x80
  167 00000016 D0FB            BEQ              PutcWaitLoop1
  168 00000018 7018            STRB             R0, [R3]
  169 0000001A E7F6            B                PutsLoop1
  170 0000001C         PutsEnd
  171 0000001C         
  172 0000001C         ;Get info 
  173 0000001C F01E 0F04       TST              LR, #4
  174 00000020 BF0C            ITE              EQ
  175 00000022 F3EF 8008       MRSEQ            R0, MSP
  176 00000026 F3EF 8009       MRSNE            R0, PSP
  177 0000002A         
  178 0000002A         ;Check stack memory overflow
  179 0000002A         ;if(BFSR==0x00000092 && BFAR==0x1FFFFFFC && SP==0x1FFFFF
                       E0),is stack overflow,output deubg msg to uart.
  180 0000002A         ;else goto HardFaultException
  181 0000002A 4916            LDR              R1,=ERRSP
  182 0000002C 4288            CMP              R0, R1
  183 0000002E F47F AFFE       BNE              HardFaultException 
                                                            ;SP==0x1FFFFFE0
  184 00000032         
  185 00000032 4915            LDR              R1,=BFSR
  186 00000034 6809            LDR              R1,[R1]
  187 00000036 F04F 0292       LDR              R2,=STKVBFSR
  188 0000003A 4291            CMP              R1, R2
  189 0000003C F47F AFFE       BNE              HardFaultException 
                                                            ;BFSR==0x00000092
  190 00000040         
  191 00000040 4912            LDR              R1,=BFAR
  192 00000042 6809            LDR              R1,[R1]
  193 00000044 4A12            LDR              R2,=STKVBFAR
  194 00000046 4291            CMP              R1, R2



ARM Macro Assembler    Page 29 


  195 00000048 F47F AFFE       BNE              HardFaultException 
                                                            ;BFAR==0x1FFFFFFC
  196 0000004C         
  197 0000004C         ;Yes,Stack is overflow,we must output the msg for progra
                       mmer.
  198 0000004C 4911            LDR              R1,=STK_OV_MSG
  199 0000004E 4A0B            LDR              R2,=UART0_FLAG
  200 00000050 4B0B            LDR              R3,=UART0_DATA
  201 00000052         PutsLoop2
  202 00000052 F811 0B01       LDRB             R0, [R1], #1
  203 00000056 B128            CBZ              R0, Loop
  204 00000058         PutcWaitLoop2
  205 00000058 6814            LDR              R4, [R2]
  206 0000005A F014 0F80       TST              R4, #0x80
  207 0000005E D0FB            BEQ              PutcWaitLoop2
  208 00000060 7018            STRB             R0, [R3]
  209 00000062 E7F6            B                PutsLoop2
  210 00000064         Loop
  211 00000064 E7FE            B                .
  212 00000066                 ENDP
  213 00000066         
  214 00000066         Default_Handler
                               PROC
  215 00000066                 EXPORT           WWDG_IRQHandler            [WEA
K]
  216 00000066                 EXPORT           PVD_IRQHandler             [WEA
K]
  217 00000066                 EXPORT           TAMPER_IRQHandler          [WEA
K]
  218 00000066                 EXPORT           RTC_IRQHandler             [WEA
K]
  219 00000066                 EXPORT           FLASH_IRQHandler           [WEA
K]
  220 00000066                 EXPORT           RCC_IRQHandler             [WEA
K]
  221 00000066                 EXPORT           EXTI0_IRQHandler           [WEA
K]
  222 00000066                 EXPORT           EXTI1_IRQHandler           [WEA
K]
  223 00000066                 EXPORT           EXTI2_IRQHandler           [WEA
K]
  224 00000066                 EXPORT           EXTI3_IRQHandler           [WEA
K]
  225 00000066                 EXPORT           EXTI4_IRQHandler           [WEA
K]
  226 00000066                 EXPORT           DMA1_Channel1_IRQHandler   [WEA
K]
  227 00000066                 EXPORT           DMA1_Channel2_IRQHandler   [WEA
K]
  228 00000066                 EXPORT           DMA1_Channel3_IRQHandler   [WEA
K]
  229 00000066                 EXPORT           DMA1_Channel4_IRQHandler   [WEA
K]
  230 00000066                 EXPORT           DMA1_Channel5_IRQHandler   [WEA
K]
  231 00000066                 EXPORT           DMA1_Channel6_IRQHandler   [WEA
K]
  232 00000066                 EXPORT           DMA1_Channel7_IRQHandler   [WEA
K]



ARM Macro Assembler    Page 30 


  233 00000066                 EXPORT           ADC1_2_IRQHandler          [WEA
K]
  234 00000066                 EXPORT           USB_HP_CAN1_TX_IRQHandler  [WEA
K]
  235 00000066                 EXPORT           USB_LP_CAN1_RX0_IRQHandler [WEA
K]
  236 00000066                 EXPORT           CAN1_RX1_IRQHandler        [WEA
K]
  237 00000066                 EXPORT           CAN1_SCE_IRQHandler        [WEA
K]
  238 00000066                 EXPORT           EXTI9_5_IRQHandler         [WEA
K]
  239 00000066                 EXPORT           TIM1_BRK_IRQHandler        [WEA
K]
  240 00000066                 EXPORT           TIM1_UP_IRQHandler         [WEA
K]
  241 00000066                 EXPORT           TIM1_TRG_COM_IRQHandler    [WEA
K]
  242 00000066                 EXPORT           TIM1_CC_IRQHandler         [WEA
K]
  243 00000066                 EXPORT           TIM2_IRQHandler            [WEA
K]
  244 00000066                 EXPORT           TIM3_IRQHandler            [WEA
K]
  245 00000066                 EXPORT           TIM4_IRQHandler            [WEA
K]
  246 00000066                 EXPORT           I2C1_EV_IRQHandler         [WEA
K]
  247 00000066                 EXPORT           I2C1_ER_IRQHandler         [WEA
K]
  248 00000066                 EXPORT           I2C2_EV_IRQHandler         [WEA
K]
  249 00000066                 EXPORT           I2C2_ER_IRQHandler         [WEA
K]
  250 00000066                 EXPORT           SPI1_IRQHandler            [WEA
K]
  251 00000066                 EXPORT           SPI2_IRQHandler            [WEA
K]
  252 00000066                 EXPORT           USART1_IRQHandler          [WEA
K]
  253 00000066                 EXPORT           USART2_IRQHandler          [WEA
K]
  254 00000066                 EXPORT           USART3_IRQHandler          [WEA
K]
  255 00000066                 EXPORT           EXTI15_10_IRQHandler       [WEA
K]
  256 00000066                 EXPORT           RTCAlarm_IRQHandler        [WEA
K]
  257 00000066                 EXPORT           USBWakeUp_IRQHandler       [WEA
K]
  258 00000066                 EXPORT           TIM8_BRK_IRQHandler        [WEA
K]
  259 00000066                 EXPORT           TIM8_UP_IRQHandler         [WEA
K]
  260 00000066                 EXPORT           TIM8_TRG_COM_IRQHandler    [WEA
K]
  261 00000066                 EXPORT           TIM8_CC_IRQHandler         [WEA
K]
  262 00000066                 EXPORT           ADC3_IRQHandler            [WEA



ARM Macro Assembler    Page 31 


K]
  263 00000066                 EXPORT           FSMC_IRQHandler            [WEA
K]
  264 00000066                 EXPORT           SDIO_IRQHandler            [WEA
K]
  265 00000066                 EXPORT           TIM5_IRQHandler            [WEA
K]
  266 00000066                 EXPORT           SPI3_IRQHandler            [WEA
K]
  267 00000066                 EXPORT           UART4_IRQHandler           [WEA
K]
  268 00000066                 EXPORT           UART5_IRQHandler           [WEA
K]
  269 00000066                 EXPORT           TIM6_IRQHandler            [WEA
K]
  270 00000066                 EXPORT           TIM7_IRQHandler            [WEA
K]
  271 00000066                 EXPORT           DMA2_Channel1_IRQHandler   [WEA
K]
  272 00000066                 EXPORT           DMA2_Channel2_IRQHandler   [WEA
K]
  273 00000066                 EXPORT           DMA2_Channel3_IRQHandler   [WEA
K]
  274 00000066                 EXPORT           DMA2_Channel4_5_IRQHandler [WEA
K]
  275 00000066         
  276 00000066         WWDG_IRQHandler
  277 00000066         PVD_IRQHandler
  278 00000066         TAMPER_IRQHandler
  279 00000066         RTC_IRQHandler
  280 00000066         FLASH_IRQHandler
  281 00000066         RCC_IRQHandler
  282 00000066         EXTI0_IRQHandler
  283 00000066         EXTI1_IRQHandler
  284 00000066         EXTI2_IRQHandler
  285 00000066         EXTI3_IRQHandler
  286 00000066         EXTI4_IRQHandler
  287 00000066         DMA1_Channel1_IRQHandler
  288 00000066         DMA1_Channel2_IRQHandler
  289 00000066         DMA1_Channel3_IRQHandler
  290 00000066         DMA1_Channel4_IRQHandler
  291 00000066         DMA1_Channel5_IRQHandler
  292 00000066         DMA1_Channel6_IRQHandler
  293 00000066         DMA1_Channel7_IRQHandler
  294 00000066         ADC1_2_IRQHandler
  295 00000066         USB_HP_CAN1_TX_IRQHandler
  296 00000066         USB_LP_CAN1_RX0_IRQHandler
  297 00000066         CAN1_RX1_IRQHandler
  298 00000066         CAN1_SCE_IRQHandler
  299 00000066         EXTI9_5_IRQHandler
  300 00000066         TIM1_BRK_IRQHandler
  301 00000066         TIM1_UP_IRQHandler
  302 00000066         TIM1_TRG_COM_IRQHandler
  303 00000066         TIM1_CC_IRQHandler
  304 00000066         TIM2_IRQHandler
  305 00000066         TIM3_IRQHandler
  306 00000066         TIM4_IRQHandler
  307 00000066         I2C1_EV_IRQHandler
  308 00000066         I2C1_ER_IRQHandler



ARM Macro Assembler    Page 32 


  309 00000066         I2C2_EV_IRQHandler
  310 00000066         I2C2_ER_IRQHandler
  311 00000066         SPI1_IRQHandler
  312 00000066         SPI2_IRQHandler
  313 00000066         USART1_IRQHandler
  314 00000066         USART2_IRQHandler
  315 00000066         USART3_IRQHandler
  316 00000066         EXTI15_10_IRQHandler
  317 00000066         RTCAlarm_IRQHandler
  318 00000066         USBWakeUp_IRQHandler
  319 00000066         TIM8_BRK_IRQHandler
  320 00000066         TIM8_UP_IRQHandler
  321 00000066         TIM8_TRG_COM_IRQHandler
  322 00000066         TIM8_CC_IRQHandler
  323 00000066         ADC3_IRQHandler
  324 00000066         FSMC_IRQHandler
  325 00000066         SDIO_IRQHandler
  326 00000066         TIM5_IRQHandler
  327 00000066         SPI3_IRQHandler
  328 00000066         UART4_IRQHandler
  329 00000066         UART5_IRQHandler
  330 00000066         TIM6_IRQHandler
  331 00000066         TIM7_IRQHandler
  332 00000066         DMA2_Channel1_IRQHandler
  333 00000066         DMA2_Channel2_IRQHandler
  334 00000066         DMA2_Channel3_IRQHandler
  335 00000066         DMA2_Channel4_5_IRQHandler
  336 00000066 E7FE            B                .
  337 00000068         
  338 00000068                 ENDP
  339 00000068         
  340 00000068         
  341 00000068                 ALIGN
  342 00000068         
  343 00000068         
  344 00000068         ; User Initial Stack & Heap
  345 00000068         
  346 00000068                 IF               :DEF:__MICROLIB
  353 00000068         
  354 00000068                 IMPORT           __use_two_region_memory
  355 00000068                 EXPORT           __user_initial_stackheap
  356 00000068         __user_initial_stackheap
  357 00000068         
  358 00000068 480B            LDR              R0, =  Heap_Mem
  359 0000006A 490C            LDR              R1, =(Stack_Mem + Stack_Size)
  360 0000006C 4A0A            LDR              R2, = (Heap_Mem +  Heap_Size)
  361 0000006E 4B0C            LDR              R3, = Stack_Mem
  362 00000070 4770            BX               LR
  363 00000072         
  364 00000072 00 00           ALIGN
  365 00000074         
  366 00000074                 ENDIF
  367 00000074         
  368 00000074         
  369 00000074                 END
              00000000 
              00000000 
              40013800 
              40013804 



ARM Macro Assembler    Page 33 


              1FFFFFE0 
              E000ED29 
              E000ED38 
              1FFFFFFC 
              00000000 
              00000000 
              00001000 
              00000000 
Command Line: --debug --xref --device=DARMSTM --apcs=interwork -o.\Output\STM32
F10x.o -I"D:\Program Files\Keil3\ARM\INC\ST\STM32F10x" --list=.\STM32F10x.lst .
.\..\Start\STM32F10x.s



ARM Macro Assembler    Page 1 Alphabetic symbol ordering
Relocatable symbols

.ARM.__AT_0x20000000 00000000

Symbol: .ARM.__AT_0x20000000
   Definitions
      At line 20 in file ..\..\Start\STM32F10x.s
   Uses
      None
Comment: .ARM.__AT_0x20000000 unused
Stack_Mem 00000000

Symbol: Stack_Mem
   Definitions
      At line 21 in file ..\..\Start\STM32F10x.s
   Uses
      At line 359 in file ..\..\Start\STM32F10x.s
      At line 361 in file ..\..\Start\STM32F10x.s

__initial_sp 00001000

Symbol: __initial_sp
   Definitions
      At line 22 in file ..\..\Start\STM32F10x.s
   Uses
      At line 54 in file ..\..\Start\STM32F10x.s
Comment: __initial_sp used once
3 symbols



ARM Macro Assembler    Page 1 Alphabetic symbol ordering
Relocatable symbols

HEAP 00000000

Symbol: HEAP
   Definitions
      At line 31 in file ..\..\Start\STM32F10x.s
   Uses
      None
Comment: HEAP unused
Heap_Mem 00000000

Symbol: Heap_Mem
   Definitions
      At line 33 in file ..\..\Start\STM32F10x.s
   Uses
      At line 358 in file ..\..\Start\STM32F10x.s
      At line 360 in file ..\..\Start\STM32F10x.s

__heap_base 00000000

Symbol: __heap_base
   Definitions
      At line 32 in file ..\..\Start\STM32F10x.s
   Uses
      None
Comment: __heap_base unused
__heap_limit 00000000

Symbol: __heap_limit
   Definitions
      At line 34 in file ..\..\Start\STM32F10x.s
   Uses
      None
Comment: __heap_limit unused
4 symbols



ARM Macro Assembler    Page 1 Alphabetic symbol ordering
Relocatable symbols

RESET 00000000

Symbol: RESET
   Definitions
      At line 51 in file ..\..\Start\STM32F10x.s
   Uses
      None
Comment: RESET unused
__Vectors 00000000

Symbol: __Vectors
   Definitions
      At line 54 in file ..\..\Start\STM32F10x.s
   Uses
      At line 52 in file ..\..\Start\STM32F10x.s
Comment: __Vectors used once
2 symbols



ARM Macro Assembler    Page 1 Alphabetic symbol ordering
Relocatable symbols

FAULT_MSG 00000000

Symbol: FAULT_MSG
   Definitions
      At line 134 in file ..\..\Start\STM32F10x.s
   Uses
      At line 158 in file ..\..\Start\STM32F10x.s
Comment: FAULT_MSG used once
STKV 00000000

Symbol: STKV
   Definitions
      At line 133 in file ..\..\Start\STM32F10x.s
   Uses
      None
Comment: STKV unused
STK_OV_MSG 00000007

Symbol: STK_OV_MSG
   Definitions
      At line 135 in file ..\..\Start\STM32F10x.s
   Uses
      At line 198 in file ..\..\Start\STM32F10x.s
Comment: STK_OV_MSG used once
3 symbols



ARM Macro Assembler    Page 1 Alphabetic symbol ordering
Relocatable symbols

.text 00000000

Symbol: .text
   Definitions
      At line 137 in file ..\..\Start\STM32F10x.s
   Uses
      None
Comment: .text unused
ADC1_2_IRQHandler 00000066

Symbol: ADC1_2_IRQHandler
   Definitions
      At line 294 in file ..\..\Start\STM32F10x.s
   Uses
      At line 90 in file ..\..\Start\STM32F10x.s
      At line 233 in file ..\..\Start\STM32F10x.s

ADC3_IRQHandler 00000066

Symbol: ADC3_IRQHandler
   Definitions
      At line 323 in file ..\..\Start\STM32F10x.s
   Uses
      At line 119 in file ..\..\Start\STM32F10x.s
      At line 262 in file ..\..\Start\STM32F10x.s

CAN1_RX1_IRQHandler 00000066

Symbol: CAN1_RX1_IRQHandler
   Definitions
      At line 297 in file ..\..\Start\STM32F10x.s
   Uses
      At line 93 in file ..\..\Start\STM32F10x.s
      At line 236 in file ..\..\Start\STM32F10x.s

CAN1_SCE_IRQHandler 00000066

Symbol: CAN1_SCE_IRQHandler
   Definitions
      At line 298 in file ..\..\Start\STM32F10x.s
   Uses
      At line 94 in file ..\..\Start\STM32F10x.s
      At line 237 in file ..\..\Start\STM32F10x.s

DMA1_Channel1_IRQHandler 00000066

Symbol: DMA1_Channel1_IRQHandler
   Definitions
      At line 287 in file ..\..\Start\STM32F10x.s
   Uses
      At line 83 in file ..\..\Start\STM32F10x.s
      At line 226 in file ..\..\Start\STM32F10x.s

DMA1_Channel2_IRQHandler 00000066

Symbol: DMA1_Channel2_IRQHandler
   Definitions
      At line 288 in file ..\..\Start\STM32F10x.s
   Uses



ARM Macro Assembler    Page 2 Alphabetic symbol ordering
Relocatable symbols

      At line 84 in file ..\..\Start\STM32F10x.s
      At line 227 in file ..\..\Start\STM32F10x.s

DMA1_Channel3_IRQHandler 00000066

Symbol: DMA1_Channel3_IRQHandler
   Definitions
      At line 289 in file ..\..\Start\STM32F10x.s
   Uses
      At line 85 in file ..\..\Start\STM32F10x.s
      At line 228 in file ..\..\Start\STM32F10x.s

DMA1_Channel4_IRQHandler 00000066

Symbol: DMA1_Channel4_IRQHandler
   Definitions
      At line 290 in file ..\..\Start\STM32F10x.s
   Uses
      At line 86 in file ..\..\Start\STM32F10x.s
      At line 229 in file ..\..\Start\STM32F10x.s

DMA1_Channel5_IRQHandler 00000066

Symbol: DMA1_Channel5_IRQHandler
   Definitions
      At line 291 in file ..\..\Start\STM32F10x.s
   Uses
      At line 87 in file ..\..\Start\STM32F10x.s
      At line 230 in file ..\..\Start\STM32F10x.s

DMA1_Channel6_IRQHandler 00000066

Symbol: DMA1_Channel6_IRQHandler
   Definitions
      At line 292 in file ..\..\Start\STM32F10x.s
   Uses
      At line 88 in file ..\..\Start\STM32F10x.s
      At line 231 in file ..\..\Start\STM32F10x.s

DMA1_Channel7_IRQHandler 00000066

Symbol: DMA1_Channel7_IRQHandler
   Definitions
      At line 293 in file ..\..\Start\STM32F10x.s
   Uses
      At line 89 in file ..\..\Start\STM32F10x.s
      At line 232 in file ..\..\Start\STM32F10x.s

DMA2_Channel1_IRQHandler 00000066

Symbol: DMA2_Channel1_IRQHandler
   Definitions
      At line 332 in file ..\..\Start\STM32F10x.s
   Uses
      At line 128 in file ..\..\Start\STM32F10x.s
      At line 271 in file ..\..\Start\STM32F10x.s

DMA2_Channel2_IRQHandler 00000066




ARM Macro Assembler    Page 3 Alphabetic symbol ordering
Relocatable symbols

Symbol: DMA2_Channel2_IRQHandler
   Definitions
      At line 333 in file ..\..\Start\STM32F10x.s
   Uses
      At line 129 in file ..\..\Start\STM32F10x.s
      At line 272 in file ..\..\Start\STM32F10x.s

DMA2_Channel3_IRQHandler 00000066

Symbol: DMA2_Channel3_IRQHandler
   Definitions
      At line 334 in file ..\..\Start\STM32F10x.s
   Uses
      At line 130 in file ..\..\Start\STM32F10x.s
      At line 273 in file ..\..\Start\STM32F10x.s

DMA2_Channel4_5_IRQHandler 00000066

Symbol: DMA2_Channel4_5_IRQHandler
   Definitions
      At line 335 in file ..\..\Start\STM32F10x.s
   Uses
      At line 131 in file ..\..\Start\STM32F10x.s
      At line 274 in file ..\..\Start\STM32F10x.s

Default_Handler 00000066

Symbol: Default_Handler
   Definitions
      At line 214 in file ..\..\Start\STM32F10x.s
   Uses
      None
Comment: Default_Handler unused
EXTI0_IRQHandler 00000066

Symbol: EXTI0_IRQHandler
   Definitions
      At line 282 in file ..\..\Start\STM32F10x.s
   Uses
      At line 78 in file ..\..\Start\STM32F10x.s
      At line 221 in file ..\..\Start\STM32F10x.s

EXTI15_10_IRQHandler 00000066

Symbol: EXTI15_10_IRQHandler
   Definitions
      At line 316 in file ..\..\Start\STM32F10x.s
   Uses
      At line 112 in file ..\..\Start\STM32F10x.s
      At line 255 in file ..\..\Start\STM32F10x.s

EXTI1_IRQHandler 00000066

Symbol: EXTI1_IRQHandler
   Definitions
      At line 283 in file ..\..\Start\STM32F10x.s
   Uses
      At line 79 in file ..\..\Start\STM32F10x.s
      At line 222 in file ..\..\Start\STM32F10x.s



ARM Macro Assembler    Page 4 Alphabetic symbol ordering
Relocatable symbols


EXTI2_IRQHandler 00000066

Symbol: EXTI2_IRQHandler
   Definitions
      At line 284 in file ..\..\Start\STM32F10x.s
   Uses
      At line 80 in file ..\..\Start\STM32F10x.s
      At line 223 in file ..\..\Start\STM32F10x.s

EXTI3_IRQHandler 00000066

Symbol: EXTI3_IRQHandler
   Definitions
      At line 285 in file ..\..\Start\STM32F10x.s
   Uses
      At line 81 in file ..\..\Start\STM32F10x.s
      At line 224 in file ..\..\Start\STM32F10x.s

EXTI4_IRQHandler 00000066

Symbol: EXTI4_IRQHandler
   Definitions
      At line 286 in file ..\..\Start\STM32F10x.s
   Uses
      At line 82 in file ..\..\Start\STM32F10x.s
      At line 225 in file ..\..\Start\STM32F10x.s

EXTI9_5_IRQHandler 00000066

Symbol: EXTI9_5_IRQHandler
   Definitions
      At line 299 in file ..\..\Start\STM32F10x.s
   Uses
      At line 95 in file ..\..\Start\STM32F10x.s
      At line 238 in file ..\..\Start\STM32F10x.s

FLASH_IRQHandler 00000066

Symbol: FLASH_IRQHandler
   Definitions
      At line 280 in file ..\..\Start\STM32F10x.s
   Uses
      At line 76 in file ..\..\Start\STM32F10x.s
      At line 219 in file ..\..\Start\STM32F10x.s

FSMC_IRQHandler 00000066

Symbol: FSMC_IRQHandler
   Definitions
      At line 324 in file ..\..\Start\STM32F10x.s
   Uses
      At line 120 in file ..\..\Start\STM32F10x.s
      At line 263 in file ..\..\Start\STM32F10x.s

Fault_Handler 00000004

Symbol: Fault_Handler
   Definitions



ARM Macro Assembler    Page 5 Alphabetic symbol ordering
Relocatable symbols

      At line 154 in file ..\..\Start\STM32F10x.s
   Uses
      At line 57 in file ..\..\Start\STM32F10x.s
Comment: Fault_Handler used once
I2C1_ER_IRQHandler 00000066

Symbol: I2C1_ER_IRQHandler
   Definitions
      At line 308 in file ..\..\Start\STM32F10x.s
   Uses
      At line 104 in file ..\..\Start\STM32F10x.s
      At line 247 in file ..\..\Start\STM32F10x.s

I2C1_EV_IRQHandler 00000066

Symbol: I2C1_EV_IRQHandler
   Definitions
      At line 307 in file ..\..\Start\STM32F10x.s
   Uses
      At line 103 in file ..\..\Start\STM32F10x.s
      At line 246 in file ..\..\Start\STM32F10x.s

I2C2_ER_IRQHandler 00000066

Symbol: I2C2_ER_IRQHandler
   Definitions
      At line 310 in file ..\..\Start\STM32F10x.s
   Uses
      At line 106 in file ..\..\Start\STM32F10x.s
      At line 249 in file ..\..\Start\STM32F10x.s

I2C2_EV_IRQHandler 00000066

Symbol: I2C2_EV_IRQHandler
   Definitions
      At line 309 in file ..\..\Start\STM32F10x.s
   Uses
      At line 105 in file ..\..\Start\STM32F10x.s
      At line 248 in file ..\..\Start\STM32F10x.s

Loop 00000064

Symbol: Loop
   Definitions
      At line 210 in file ..\..\Start\STM32F10x.s
   Uses
      At line 203 in file ..\..\Start\STM32F10x.s
Comment: Loop used once
PVD_IRQHandler 00000066

Symbol: PVD_IRQHandler
   Definitions
      At line 277 in file ..\..\Start\STM32F10x.s
   Uses
      At line 73 in file ..\..\Start\STM32F10x.s
      At line 216 in file ..\..\Start\STM32F10x.s

PutcWaitLoop1 00000010




ARM Macro Assembler    Page 6 Alphabetic symbol ordering
Relocatable symbols

Symbol: PutcWaitLoop1
   Definitions
      At line 164 in file ..\..\Start\STM32F10x.s
   Uses
      At line 167 in file ..\..\Start\STM32F10x.s
Comment: PutcWaitLoop1 used once
PutcWaitLoop2 00000058

Symbol: PutcWaitLoop2
   Definitions
      At line 204 in file ..\..\Start\STM32F10x.s
   Uses
      At line 207 in file ..\..\Start\STM32F10x.s
Comment: PutcWaitLoop2 used once
PutsEnd 0000001C

Symbol: PutsEnd
   Definitions
      At line 170 in file ..\..\Start\STM32F10x.s
   Uses
      At line 163 in file ..\..\Start\STM32F10x.s
Comment: PutsEnd used once
PutsLoop1 0000000A

Symbol: PutsLoop1
   Definitions
      At line 161 in file ..\..\Start\STM32F10x.s
   Uses
      At line 169 in file ..\..\Start\STM32F10x.s
Comment: PutsLoop1 used once
PutsLoop2 00000052

Symbol: PutsLoop2
   Definitions
      At line 201 in file ..\..\Start\STM32F10x.s
   Uses
      At line 209 in file ..\..\Start\STM32F10x.s
Comment: PutsLoop2 used once
RCC_IRQHandler 00000066

Symbol: RCC_IRQHandler
   Definitions
      At line 281 in file ..\..\Start\STM32F10x.s
   Uses
      At line 77 in file ..\..\Start\STM32F10x.s
      At line 220 in file ..\..\Start\STM32F10x.s

RTCAlarm_IRQHandler 00000066

Symbol: RTCAlarm_IRQHandler
   Definitions
      At line 317 in file ..\..\Start\STM32F10x.s
   Uses
      At line 113 in file ..\..\Start\STM32F10x.s
      At line 256 in file ..\..\Start\STM32F10x.s

RTC_IRQHandler 00000066

Symbol: RTC_IRQHandler



ARM Macro Assembler    Page 7 Alphabetic symbol ordering
Relocatable symbols

   Definitions
      At line 279 in file ..\..\Start\STM32F10x.s
   Uses
      At line 75 in file ..\..\Start\STM32F10x.s
      At line 218 in file ..\..\Start\STM32F10x.s

Reset_Handler 00000000

Symbol: Reset_Handler
   Definitions
      At line 147 in file ..\..\Start\STM32F10x.s
   Uses
      At line 55 in file ..\..\Start\STM32F10x.s
      At line 148 in file ..\..\Start\STM32F10x.s

SDIO_IRQHandler 00000066

Symbol: SDIO_IRQHandler
   Definitions
      At line 325 in file ..\..\Start\STM32F10x.s
   Uses
      At line 121 in file ..\..\Start\STM32F10x.s
      At line 264 in file ..\..\Start\STM32F10x.s

SPI1_IRQHandler 00000066

Symbol: SPI1_IRQHandler
   Definitions
      At line 311 in file ..\..\Start\STM32F10x.s
   Uses
      At line 107 in file ..\..\Start\STM32F10x.s
      At line 250 in file ..\..\Start\STM32F10x.s

SPI2_IRQHandler 00000066

Symbol: SPI2_IRQHandler
   Definitions
      At line 312 in file ..\..\Start\STM32F10x.s
   Uses
      At line 108 in file ..\..\Start\STM32F10x.s
      At line 251 in file ..\..\Start\STM32F10x.s

SPI3_IRQHandler 00000066

Symbol: SPI3_IRQHandler
   Definitions
      At line 327 in file ..\..\Start\STM32F10x.s
   Uses
      At line 123 in file ..\..\Start\STM32F10x.s
      At line 266 in file ..\..\Start\STM32F10x.s

TAMPER_IRQHandler 00000066

Symbol: TAMPER_IRQHandler
   Definitions
      At line 278 in file ..\..\Start\STM32F10x.s
   Uses
      At line 74 in file ..\..\Start\STM32F10x.s
      At line 217 in file ..\..\Start\STM32F10x.s



ARM Macro Assembler    Page 8 Alphabetic symbol ordering
Relocatable symbols


TIM1_BRK_IRQHandler 00000066

Symbol: TIM1_BRK_IRQHandler
   Definitions
      At line 300 in file ..\..\Start\STM32F10x.s
   Uses
      At line 96 in file ..\..\Start\STM32F10x.s
      At line 239 in file ..\..\Start\STM32F10x.s

TIM1_CC_IRQHandler 00000066

Symbol: TIM1_CC_IRQHandler
   Definitions
      At line 303 in file ..\..\Start\STM32F10x.s
   Uses
      At line 99 in file ..\..\Start\STM32F10x.s
      At line 242 in file ..\..\Start\STM32F10x.s

TIM1_TRG_COM_IRQHandler 00000066

Symbol: TIM1_TRG_COM_IRQHandler
   Definitions
      At line 302 in file ..\..\Start\STM32F10x.s
   Uses
      At line 98 in file ..\..\Start\STM32F10x.s
      At line 241 in file ..\..\Start\STM32F10x.s

TIM1_UP_IRQHandler 00000066

Symbol: TIM1_UP_IRQHandler
   Definitions
      At line 301 in file ..\..\Start\STM32F10x.s
   Uses
      At line 97 in file ..\..\Start\STM32F10x.s
      At line 240 in file ..\..\Start\STM32F10x.s

TIM2_IRQHandler 00000066

Symbol: TIM2_IRQHandler
   Definitions
      At line 304 in file ..\..\Start\STM32F10x.s
   Uses
      At line 100 in file ..\..\Start\STM32F10x.s
      At line 243 in file ..\..\Start\STM32F10x.s

TIM3_IRQHandler 00000066

Symbol: TIM3_IRQHandler
   Definitions
      At line 305 in file ..\..\Start\STM32F10x.s
   Uses
      At line 101 in file ..\..\Start\STM32F10x.s
      At line 244 in file ..\..\Start\STM32F10x.s

TIM4_IRQHandler 00000066

Symbol: TIM4_IRQHandler
   Definitions



ARM Macro Assembler    Page 9 Alphabetic symbol ordering
Relocatable symbols

      At line 306 in file ..\..\Start\STM32F10x.s
   Uses
      At line 102 in file ..\..\Start\STM32F10x.s
      At line 245 in file ..\..\Start\STM32F10x.s

TIM5_IRQHandler 00000066

Symbol: TIM5_IRQHandler
   Definitions
      At line 326 in file ..\..\Start\STM32F10x.s
   Uses
      At line 122 in file ..\..\Start\STM32F10x.s
      At line 265 in file ..\..\Start\STM32F10x.s

TIM6_IRQHandler 00000066

Symbol: TIM6_IRQHandler
   Definitions
      At line 330 in file ..\..\Start\STM32F10x.s
   Uses
      At line 126 in file ..\..\Start\STM32F10x.s
      At line 269 in file ..\..\Start\STM32F10x.s

TIM7_IRQHandler 00000066

Symbol: TIM7_IRQHandler
   Definitions
      At line 331 in file ..\..\Start\STM32F10x.s
   Uses
      At line 127 in file ..\..\Start\STM32F10x.s
      At line 270 in file ..\..\Start\STM32F10x.s

TIM8_BRK_IRQHandler 00000066

Symbol: TIM8_BRK_IRQHandler
   Definitions
      At line 319 in file ..\..\Start\STM32F10x.s
   Uses
      At line 115 in file ..\..\Start\STM32F10x.s
      At line 258 in file ..\..\Start\STM32F10x.s

TIM8_CC_IRQHandler 00000066

Symbol: TIM8_CC_IRQHandler
   Definitions
      At line 322 in file ..\..\Start\STM32F10x.s
   Uses
      At line 118 in file ..\..\Start\STM32F10x.s
      At line 261 in file ..\..\Start\STM32F10x.s

TIM8_TRG_COM_IRQHandler 00000066

Symbol: TIM8_TRG_COM_IRQHandler
   Definitions
      At line 321 in file ..\..\Start\STM32F10x.s
   Uses
      At line 117 in file ..\..\Start\STM32F10x.s
      At line 260 in file ..\..\Start\STM32F10x.s




ARM Macro Assembler    Page 10 Alphabetic symbol ordering
Relocatable symbols

TIM8_UP_IRQHandler 00000066

Symbol: TIM8_UP_IRQHandler
   Definitions
      At line 320 in file ..\..\Start\STM32F10x.s
   Uses
      At line 116 in file ..\..\Start\STM32F10x.s
      At line 259 in file ..\..\Start\STM32F10x.s

UART4_IRQHandler 00000066

Symbol: UART4_IRQHandler
   Definitions
      At line 328 in file ..\..\Start\STM32F10x.s
   Uses
      At line 124 in file ..\..\Start\STM32F10x.s
      At line 267 in file ..\..\Start\STM32F10x.s

UART5_IRQHandler 00000066

Symbol: UART5_IRQHandler
   Definitions
      At line 329 in file ..\..\Start\STM32F10x.s
   Uses
      At line 125 in file ..\..\Start\STM32F10x.s
      At line 268 in file ..\..\Start\STM32F10x.s

USART1_IRQHandler 00000066

Symbol: USART1_IRQHandler
   Definitions
      At line 313 in file ..\..\Start\STM32F10x.s
   Uses
      At line 109 in file ..\..\Start\STM32F10x.s
      At line 252 in file ..\..\Start\STM32F10x.s

USART2_IRQHandler 00000066

Symbol: USART2_IRQHandler
   Definitions
      At line 314 in file ..\..\Start\STM32F10x.s
   Uses
      At line 110 in file ..\..\Start\STM32F10x.s
      At line 253 in file ..\..\Start\STM32F10x.s

USART3_IRQHandler 00000066

Symbol: USART3_IRQHandler
   Definitions
      At line 315 in file ..\..\Start\STM32F10x.s
   Uses
      At line 111 in file ..\..\Start\STM32F10x.s
      At line 254 in file ..\..\Start\STM32F10x.s

USBWakeUp_IRQHandler 00000066

Symbol: USBWakeUp_IRQHandler
   Definitions
      At line 318 in file ..\..\Start\STM32F10x.s



ARM Macro Assembler    Page 11 Alphabetic symbol ordering
Relocatable symbols

   Uses
      At line 114 in file ..\..\Start\STM32F10x.s
      At line 257 in file ..\..\Start\STM32F10x.s

USB_HP_CAN1_TX_IRQHandler 00000066

Symbol: USB_HP_CAN1_TX_IRQHandler
   Definitions
      At line 295 in file ..\..\Start\STM32F10x.s
   Uses
      At line 91 in file ..\..\Start\STM32F10x.s
      At line 234 in file ..\..\Start\STM32F10x.s

USB_LP_CAN1_RX0_IRQHandler 00000066

Symbol: USB_LP_CAN1_RX0_IRQHandler
   Definitions
      At line 296 in file ..\..\Start\STM32F10x.s
   Uses
      At line 92 in file ..\..\Start\STM32F10x.s
      At line 235 in file ..\..\Start\STM32F10x.s

WWDG_IRQHandler 00000066

Symbol: WWDG_IRQHandler
   Definitions
      At line 276 in file ..\..\Start\STM32F10x.s
   Uses
      At line 72 in file ..\..\Start\STM32F10x.s
      At line 215 in file ..\..\Start\STM32F10x.s

__user_initial_stackheap 00000068

Symbol: __user_initial_stackheap
   Definitions
      At line 356 in file ..\..\Start\STM32F10x.s
   Uses
      At line 355 in file ..\..\Start\STM32F10x.s
Comment: __user_initial_stackheap used once
71 symbols



ARM Macro Assembler    Page 1 Alphabetic symbol ordering
Absolute symbols

BFAR E000ED38

Symbol: BFAR
   Definitions
      At line 140 in file ..\..\Start\STM32F10x.s
   Uses
      At line 191 in file ..\..\Start\STM32F10x.s
Comment: BFAR used once
BFSR E000ED29

Symbol: BFSR
   Definitions
      At line 139 in file ..\..\Start\STM32F10x.s
   Uses
      At line 185 in file ..\..\Start\STM32F10x.s
Comment: BFSR used once
ERRSP 1FFFFFE0

Symbol: ERRSP
   Definitions
      At line 143 in file ..\..\Start\STM32F10x.s
   Uses
      At line 181 in file ..\..\Start\STM32F10x.s
Comment: ERRSP used once
Heap_Size 00000000

Symbol: Heap_Size
   Definitions
      At line 29 in file ..\..\Start\STM32F10x.s
   Uses
      At line 33 in file ..\..\Start\STM32F10x.s
      At line 360 in file ..\..\Start\STM32F10x.s

STKVBFAR 1FFFFFFC

Symbol: STKVBFAR
   Definitions
      At line 142 in file ..\..\Start\STM32F10x.s
   Uses
      At line 193 in file ..\..\Start\STM32F10x.s
Comment: STKVBFAR used once
STKVBFSR 00000092

Symbol: STKVBFSR
   Definitions
      At line 141 in file ..\..\Start\STM32F10x.s
   Uses
      At line 187 in file ..\..\Start\STM32F10x.s
Comment: STKVBFSR used once
Stack_Size 00001000

Symbol: Stack_Size
   Definitions
      At line 18 in file ..\..\Start\STM32F10x.s
   Uses
      At line 21 in file ..\..\Start\STM32F10x.s
      At line 359 in file ..\..\Start\STM32F10x.s

UART0_DATA 40013804



ARM Macro Assembler    Page 2 Alphabetic symbol ordering
Absolute symbols


Symbol: UART0_DATA
   Definitions
      At line 145 in file ..\..\Start\STM32F10x.s
   Uses
      At line 160 in file ..\..\Start\STM32F10x.s
      At line 200 in file ..\..\Start\STM32F10x.s

UART0_FLAG 40013800

Symbol: UART0_FLAG
   Definitions
      At line 144 in file ..\..\Start\STM32F10x.s
   Uses
      At line 159 in file ..\..\Start\STM32F10x.s
      At line 199 in file ..\..\Start\STM32F10x.s

9 symbols



ARM Macro Assembler    Page 1 Alphabetic symbol ordering
External symbols

BusFaultException 00000000

Symbol: BusFaultException
   Definitions
      At line 40 in file ..\..\Start\STM32F10x.s
   Uses
      At line 59 in file ..\..\Start\STM32F10x.s
Comment: BusFaultException used once
DebugMonitor 00000000

Symbol: DebugMonitor
   Definitions
      At line 42 in file ..\..\Start\STM32F10x.s
   Uses
      At line 66 in file ..\..\Start\STM32F10x.s
Comment: DebugMonitor used once
HardFaultException 00000000

Symbol: HardFaultException
   Definitions
      At line 155 in file ..\..\Start\STM32F10x.s
   Uses
      At line 183 in file ..\..\Start\STM32F10x.s
      At line 189 in file ..\..\Start\STM32F10x.s
      At line 195 in file ..\..\Start\STM32F10x.s

MemManageException 00000000

Symbol: MemManageException
   Definitions
      At line 39 in file ..\..\Start\STM32F10x.s
   Uses
      At line 58 in file ..\..\Start\STM32F10x.s
Comment: MemManageException used once
NMIException 00000000

Symbol: NMIException
   Definitions
      At line 38 in file ..\..\Start\STM32F10x.s
   Uses
      At line 56 in file ..\..\Start\STM32F10x.s
Comment: NMIException used once
OS_CPU_PendSVHandler 00000000

Symbol: OS_CPU_PendSVHandler
   Definitions
      At line 37 in file ..\..\Start\STM32F10x.s
   Uses
      At line 68 in file ..\..\Start\STM32F10x.s
Comment: OS_CPU_PendSVHandler used once
OS_CPU_SysTickHandler 00000000

Symbol: OS_CPU_SysTickHandler
   Definitions
      At line 36 in file ..\..\Start\STM32F10x.s
   Uses
      At line 69 in file ..\..\Start\STM32F10x.s
Comment: OS_CPU_SysTickHandler used once
SVCHandler 00000000



ARM Macro Assembler    Page 2 Alphabetic symbol ordering
External symbols


Symbol: SVCHandler
   Definitions
      At line 43 in file ..\..\Start\STM32F10x.s
   Uses
      At line 65 in file ..\..\Start\STM32F10x.s
Comment: SVCHandler used once
UsageFaultException 00000000

Symbol: UsageFaultException
   Definitions
      At line 41 in file ..\..\Start\STM32F10x.s
   Uses
      At line 60 in file ..\..\Start\STM32F10x.s
Comment: UsageFaultException used once
__main 00000000

Symbol: __main
   Definitions
      At line 149 in file ..\..\Start\STM32F10x.s
   Uses
      At line 150 in file ..\..\Start\STM32F10x.s
Comment: __main used once
__use_two_region_memory 00000000

Symbol: __use_two_region_memory
   Definitions
      At line 354 in file ..\..\Start\STM32F10x.s
   Uses
      None
Comment: __use_two_region_memory unused
11 symbols
424 symbols in table
