ARM Linker, RVCT4.0 [Build 524] for uVision [Standard]

==============================================================================

Section Cross References

    main.o(.text) refers to stm32f10x_rcc.o(.text) for RCC_DeInit
    main.o(.text) refers to stm32f10x_flash.o(.text) for FLASH_SetLatency
    main.o(.text) refers to uart.o(.text) for COM1_Init
    main.o(.text) refers to os_wrap.o(.text) for OS_WrapInit
    main.o(.text) refers to inputhandler.o(.text) for InputHandler_Task
    stm32f10x.o(.ARM.__AT_0x20000000) refers (Special) to heapauxi.o(.text) for __use_two_region_memory
    stm32f10x.o(HEAP) refers (Special) to heapauxi.o(.text) for __use_two_region_memory
    stm32f10x.o(RESET) refers (Special) to heapauxi.o(.text) for __use_two_region_memory
    stm32f10x.o(RESET) refers to stm32f10x.o(.ARM.__AT_0x20000000) for __initial_sp
    stm32f10x.o(RESET) refers to stm32f10x.o(.text) for Reset_Handler
    stm32f10x.o(RESET) refers to stm32f10x_it.o(.text) for NMIException
    stm32f10x.o(RESET) refers to os_cpu_a.o(.text) for OS_CPU_PendSVHandler
    stm32f10x.o(RESET) refers to os_cpu_c.o(.text) for OS_CPU_SysTickHandler
    stm32f10x.o(STKV) refers (Special) to heapauxi.o(.text) for __use_two_region_memory
    stm32f10x.o(.text) refers (Special) to heapauxi.o(.text) for __use_two_region_memory
    stm32f10x.o(.text) refers to stm32f10x_it.o(.text) for HardFaultException
    stm32f10x.o(.text) refers to __main.o(!!!main) for __main
    stm32f10x.o(.text) refers to stm32f10x.o(STKV) for FAULT_MSG
    stm32f10x.o(.text) refers to stm32f10x.o(HEAP) for Heap_Mem
    stm32f10x.o(.text) refers to stm32f10x.o(.ARM.__AT_0x20000000) for Stack_Mem
    stm32f10x_it.o(.text) refers (Special) to _printf_hex_int.o(.text) for _printf_longlong_hex
    stm32f10x_it.o(.text) refers (Special) to _printf_percent.o(.ARM.Collect$$_printf_percent$$00000000) for _printf_percent
    stm32f10x_it.o(.text) refers (Special) to _printf_pad.o(.text) for _printf_pre_padding
    stm32f10x_it.o(.text) refers (Special) to _printf_s.o(.ARM.Collect$$_printf_percent$$00000014) for _printf_s
    stm32f10x_it.o(.text) refers (Special) to _printf_str.o(.text) for _printf_str
    stm32f10x_it.o(.text) refers (Special) to _printf_x.o(.ARM.Collect$$_printf_percent$$0000000C) for _printf_x
    stm32f10x_it.o(.text) refers to noretval__2printf.o(.text) for __2printf
    stm32f10x_it.o(.text) refers to os_wrap.o(.text) for OS_TaskStkCheck
    stm32f10x_it.o(.text) refers to q_heap.o(.text) for DebugHeap
    stm32f10x_it.o(.text) refers to userapi.o(.text) for Q_ErrorStop
    stm32f10x_it.o(.text) refers to cpu_a.o(.text) for CPU_SR_Save
    stm32f10x_it.o(.text) refers to stm32f10x_rtc.o(.text) for RTC_GetITStatus
    stm32f10x_it.o(.text) refers to q_gui.o(.text) for Gui_GetBgLightVal
    stm32f10x_it.o(.text) refers to dbsetting.o(.text) for Q_DB_GetValue
    stm32f10x_it.o(.text) refers to os_core.o(.text) for OSIntExit
    stm32f10x_it.o(.text) refers to stm32f10x_exti.o(.text) for EXTI_GetITStatus
    stm32f10x_it.o(.text) refers to stm32f10x_gpio.o(.text) for GPIO_ReadInputDataBit
    stm32f10x_it.o(.text) refers to usb_istr.o(.text) for USB_Istr
    stm32f10x_it.o(.text) refers to stm32f10x_tim.o(.text) for TIM_GetITStatus
    stm32f10x_it.o(.text) refers to os_core.o(.data) for OSTCBCur
    stm32f10x_it.o(.text) refers to os_core.o(.bss) for OSTCBPrioTbl
    stm32f10x_it.o(.text) refers to stm32f10x_it.o(.constdata) for .constdata
    stm32f10x_it.o(.text) refers to stm32f10x_it.o(.data) for .data
    stm32f10x_it.o(.text) refers to systeminit.o(.data) for gInputHandler_Queue
    stm32f10x_it.o(.text) refers to stm32f10x_usart.o(.text) for USART_GetITStatus
    stm32f10x_it.o(.text) refers to stm32f10x_it.o(.bss) for .bss
    stm32f10x_it.o(.text) refers to os_cpu_a.o(.text) for OS_CPU_SR_Save
    stm32f10x_it.o(.text) refers to sdcard.o(.text) for SD_ProcessIRQSrc
    stm32f10x_it.o(.bss) refers (Special) to _printf_hex_int.o(.text) for _printf_longlong_hex
    stm32f10x_it.o(.bss) refers (Special) to _printf_percent.o(.ARM.Collect$$_printf_percent$$00000000) for _printf_percent
    stm32f10x_it.o(.bss) refers (Special) to _printf_pad.o(.text) for _printf_pre_padding
    stm32f10x_it.o(.bss) refers (Special) to _printf_s.o(.ARM.Collect$$_printf_percent$$00000014) for _printf_s
    stm32f10x_it.o(.bss) refers (Special) to _printf_str.o(.text) for _printf_str
    stm32f10x_it.o(.bss) refers (Special) to _printf_x.o(.ARM.Collect$$_printf_percent$$0000000C) for _printf_x
    stm32f10x_it.o(.constdata) refers (Special) to _printf_hex_int.o(.text) for _printf_longlong_hex
    stm32f10x_it.o(.constdata) refers (Special) to _printf_percent.o(.ARM.Collect$$_printf_percent$$00000000) for _printf_percent
    stm32f10x_it.o(.constdata) refers (Special) to _printf_pad.o(.text) for _printf_pre_padding
[...]
    PY_mb_kao                                0x0802d36a   Data           9  pinyinforkeyboardpage.o(.constdata)
    PY_mb_ke                                 0x0802d373   Data          31  pinyinforkeyboardpage.o(.constdata)
    PY_mb_ken                                0x0802d392   Data           9  pinyinforkeyboardpage.o(.constdata)
    PY_mb_keng                               0x0802d39b   Data           5  pinyinforkeyboardpage.o(.constdata)
    PY_mb_kong                               0x0802d3a0   Data           9  pinyinforkeyboardpage.o(.constdata)
    PY_mb_kou                                0x0802d3a9   Data           9  pinyinforkeyboardpage.o(.constdata)
    PY_mb_ku                                 0x0802d3b2   Data          15  pinyinforkeyboardpage.o(.constdata)
    PY_mb_kua                                0x0802d3c1   Data          11  pinyinforkeyboardpage.o(.constdata)
    PY_mb_kuai                               0x0802d3cc   Data           9  pinyinforkeyboardpage.o(.constdata)
    PY_mb_kuan                               0x0802d3d5   Data           5  pinyinforkeyboardpage.o(.constdata)
    PY_mb_kuang                              0x0802d3da   Data          17  pinyinforkeyboardpage.o(.constdata)
    PY_mb_kui                                0x0802d3eb   Data          23  pinyinforkeyboardpage.o(.constdata)
    PY_mb_kun                                0x0802d402   Data           9  pinyinforkeyboardpage.o(.constdata)
    PY_mb_kuo                                0x0802d40b   Data           9  pinyinforkeyboardpage.o(.constdata)
    PY_mb_la                                 0x0802d414   Data          15  pinyinforkeyboardpage.o(.constdata)
    PY_mb_lai                                0x0802d423   Data           7  pinyinforkeyboardpage.o(.constdata)
    PY_mb_lan                                0x0802d42a   Data          31  pinyinforkeyboardpage.o(.constdata)
    PY_mb_lang                               0x0802d449   Data          15  pinyinforkeyboardpage.o(.constdata)
    PY_mb_lao                                0x0802d458   Data          19  pinyinforkeyboardpage.o(.constdata)
    PY_mb_le                                 0x0802d46b   Data           7  pinyinforkeyboardpage.o(.constdata)
    PY_mb_lei                                0x0802d472   Data          23  pinyinforkeyboardpage.o(.constdata)
    PY_mb_leng                               0x0802d489   Data           7  pinyinforkeyboardpage.o(.constdata)
    PY_mb_li                                 0x0802d490   Data          69  pinyinforkeyboardpage.o(.constdata)
    PY_mb_lian                               0x0802d4d5   Data          29  pinyinforkeyboardpage.o(.constdata)
    PY_mb_liang                              0x0802d4f2   Data          25  pinyinforkeyboardpage.o(.constdata)
    PY_mb_liao                               0x0802d50b   Data          25  pinyinforkeyboardpage.o(.constdata)
    PY_mb_lie                                0x0802d524   Data          11  pinyinforkeyboardpage.o(.constdata)
    PY_mb_lin                                0x0802d52f   Data          25  pinyinforkeyboardpage.o(.constdata)
    PY_mb_ling                               0x0802d548   Data          29  pinyinforkeyboardpage.o(.constdata)
    PY_mb_liu                                0x0802d565   Data          23  pinyinforkeyboardpage.o(.constdata)
    PY_mb_long                               0x0802d57c   Data          19  pinyinforkeyboardpage.o(.constdata)
    PY_mb_lou                                0x0802d58f   Data          13  pinyinforkeyboardpage.o(.constdata)
    PY_mb_lu                                 0x0802d59c   Data          41  pinyinforkeyboardpage.o(.constdata)
    PY_mb_luan                               0x0802d5c5   Data          13  pinyinforkeyboardpage.o(.constdata)
    PY_mb_lue                                0x0802d5d2   Data           5  pinyinforkeyboardpage.o(.constdata)
    PY_mb_lun                                0x0802d5d7   Data          15  pinyinforkeyboardpage.o(.constdata)
    PY_mb_luo                                0x0802d5e6   Data          25  pinyinforkeyboardpage.o(.constdata)
    PY_mb_lv                                 0x0802d5ff   Data          29  pinyinforkeyboardpage.o(.constdata)
    PY_mb_ma                                 0x0802d61c   Data          19  pinyinforkeyboardpage.o(.constdata)
    PY_mb_mai                                0x0802d62f   Data          13  pinyinforkeyboardpage.o(.constdata)
    PY_mb_man                                0x0802d63c   Data          19  pinyinforkeyboardpage.o(.constdata)
    PY_mb_mang                               0x0802d64f   Data          13  pinyinforkeyboardpage.o(.constdata)
    PY_mb_mao                                0x0802d65c   Data          25  pinyinforkeyboardpage.o(.constdata)
    PY_mb_me                                 0x0802d675   Data           3  pinyinforkeyboardpage.o(.constdata)
    PY_mb_mei                                0x0802d678   Data          33  pinyinforkeyboardpage.o(.constdata)
    PY_mb_men                                0x0802d699   Data           7  pinyinforkeyboardpage.o(.constdata)
    PY_mb_meng                               0x0802d6a0   Data          17  pinyinforkeyboardpage.o(.constdata)
    PY_mb_mi                                 0x0802d6b1   Data          29  pinyinforkeyboardpage.o(.constdata)
    PY_mb_mian                               0x0802d6ce   Data          19  pinyinforkeyboardpage.o(.constdata)
    PY_mb_miao                               0x0802d6e1   Data          17  pinyinforkeyboardpage.o(.constdata)
    PY_mb_mie                                0x0802d6f2   Data           5  pinyinforkeyboardpage.o(.constdata)
    PY_mb_min                                0x0802d6f7   Data          13  pinyinforkeyboardpage.o(.constdata)
    PY_mb_ming                               0x0802d704   Data          13  pinyinforkeyboardpage.o(.constdata)
    PY_mb_miu                                0x0802d711   Data           3  pinyinforkeyboardpage.o(.constdata)
    PY_mb_mo                                 0x0802d714   Data          37  pinyinforkeyboardpage.o(.constdata)
    PY_mb_mou                                0x0802d739   Data           7  pinyinforkeyboardpage.o(.constdata)
    PY_mb_mu                                 0x0802d740   Data          31  pinyinforkeyboardpage.o(.constdata)
    PY_mb_na                                 0x0802d75f   Data          15  pinyinforkeyboardpage.o(.constdata)
    PY_mb_nai                                0x0802d76e   Data          11  pinyinforkeyboardpage.o(.constdata)
    PY_mb_nan                                0x0802d779   Data           7  pinyinforkeyboardpage.o(.constdata)
    PY_mb_nang                               0x0802d780   Data           3  pinyinforkeyboardpage.o(.constdata)
    PY_mb_nao                                0x0802d783   Data          11  pinyinforkeyboardpage.o(.constdata)
    PY_mb_ne                                 0x0802d78e   Data           3  pinyinforkeyboardpage.o(.constdata)
    PY_mb_nei                                0x0802d791   Data           5  pinyinforkeyboardpage.o(.constdata)
    PY_mb_nen                                0x0802d796   Data           3  pinyinforkeyboardpage.o(.constdata)
    PY_mb_neng                               0x0802d799   Data           3  pinyinforkeyboardpage.o(.constdata)
    PY_mb_ni                                 0x0802d79c   Data          23  pinyinforkeyboardpage.o(.constdata)
    PY_mb_nian                               0x0802d7b3   Data          15  pinyinforkeyboardpage.o(.constdata)
    PY_mb_niang                              0x0802d7c2   Data           5  pinyinforkeyboardpage.o(.constdata)
    PY_mb_niao                               0x0802d7c7   Data           5  pinyinforkeyboardpage.o(.constdata)
    PY_mb_nie                                0x0802d7cc   Data          15  pinyinforkeyboardpage.o(.constdata)
    PY_mb_nin                                0x0802d7db   Data           3  pinyinforkeyboardpage.o(.constdata)
    PY_mb_ning                               0x0802d7de   Data          13  pinyinforkeyboardpage.o(.constdata)
    PY_mb_niu                                0x0802d7eb   Data           9  pinyinforkeyboardpage.o(.constdata)
    PY_mb_nong                               0x0802d7f4   Data           9  pinyinforkeyboardpage.o(.constdata)
    PY_mb_nu                                 0x0802d7fd   Data           7  pinyinforkeyboardpage.o(.constdata)
    PY_mb_nuan                               0x0802d804   Data           3  pinyinforkeyboardpage.o(.constdata)
    PY_mb_nue                                0x0802d807   Data           5  pinyinforkeyboardpage.o(.constdata)
    PY_mb_nuo                                0x0802d80c   Data           9  pinyinforkeyboardpage.o(.constdata)
    PY_mb_nv                                 0x0802d815   Data           3  pinyinforkeyboardpage.o(.constdata)
    PY_mb_o                                  0x0802d818   Data           3  pinyinforkeyboardpage.o(.constdata)
    PY_mb_ou                                 0x0802d81b   Data          15  pinyinforkeyboardpage.o(.constdata)
    PY_mb_pa                                 0x0802d82a   Data          15  pinyinforkeyboardpage.o(.constdata)
    PY_mb_pai                                0x0802d839   Data          13  pinyinforkeyboardpage.o(.constdata)
    PY_mb_pan                                0x0802d846   Data          17  pinyinforkeyboardpage.o(.constdata)
    PY_mb_pang                               0x0802d857   Data          11  pinyinforkeyboardpage.o(.constdata)
    PY_mb_pao                                0x0802d862   Data          15  pinyinforkeyboardpage.o(.constdata)
    PY_mb_pei                                0x0802d871   Data          19  pinyinforkeyboardpage.o(.constdata)
    PY_mb_pen                                0x0802d884   Data           5  pinyinforkeyboardpage.o(.constdata)
    PY_mb_peng                               0x0802d889   Data          29  pinyinforkeyboardpage.o(.constdata)
    PY_mb_pi                                 0x0802d8a6   Data          37  pinyinforkeyboardpage.o(.constdata)
    PY_mb_pian                               0x0802d8cb   Data           9  pinyinforkeyboardpage.o(.constdata)
    PY_mb_piao                               0x0802d8d4   Data           9  pinyinforkeyboardpage.o(.constdata)
    PY_mb_pie                                0x0802d8dd   Data           5  pinyinforkeyboardpage.o(.constdata)
    PY_mb_pin                                0x0802d8e2   Data          11  pinyinforkeyboardpage.o(.constdata)
    PY_mb_ping                               0x0802d8ed   Data          19  pinyinforkeyboardpage.o(.constdata)
    PY_mb_po                                 0x0802d900   Data          17  pinyinforkeyboardpage.o(.constdata)
    PY_mb_pou                                0x0802d911   Data           3  pinyinforkeyboardpage.o(.constdata)
    PY_mb_pu                                 0x0802d914   Data          31  pinyinforkeyboardpage.o(.constdata)
    PY_mb_qi                                 0x0802d933   Data          73  pinyinforkeyboardpage.o(.constdata)
    PY_mb_qia                                0x0802d97c   Data           7  pinyinforkeyboardpage.o(.constdata)
    PY_mb_qian                               0x0802d983   Data          45  pinyinforkeyboardpage.o(.constdata)
    PY_mb_qiang                              0x0802d9b0   Data          17  pinyinforkeyboardpage.o(.constdata)
    PY_mb_qiao                               0x0802d9c1   Data          31  pinyinforkeyboardpage.o(.constdata)
    PY_mb_qie                                0x0802d9e0   Data          11  pinyinforkeyboardpage.o(.constdata)
    PY_mb_qin                                0x0802d9eb   Data          23  pinyinforkeyboardpage.o(.constdata)
    PY_mb_qing                               0x0802da02   Data          27  pinyinforkeyboardpage.o(.constdata)
    PY_mb_qiong                              0x0802da1d   Data           5  pinyinforkeyboardpage.o(.constdata)
    PY_mb_qiu                                0x0802da22   Data          17  pinyinforkeyboardpage.o(.constdata)
    PY_mb_qu                                 0x0802da33   Data          27  pinyinforkeyboardpage.o(.constdata)
    PY_mb_quan                               0x0802da4e   Data          23  pinyinforkeyboardpage.o(.constdata)
    PY_mb_que                                0x0802da65   Data          17  pinyinforkeyboardpage.o(.constdata)
    PY_mb_qun                                0x0802da76   Data           5  pinyinforkeyboardpage.o(.constdata)
    PY_mb_ran                                0x0802da7b   Data           9  pinyinforkeyboardpage.o(.constdata)
    PY_mb_rang                               0x0802da84   Data          11  pinyinforkeyboardpage.o(.constdata)
    PY_mb_rao                                0x0802da8f   Data           7  pinyinforkeyboardpage.o(.constdata)
    PY_mb_re                                 0x0802da96   Data           5  pinyinforkeyboardpage.o(.constdata)
    PY_mb_ren                                0x0802da9b   Data          21  pinyinforkeyboardpage.o(.constdata)
    PY_mb_reng                               0x0802dab0   Data           5  pinyinforkeyboardpage.o(.constdata)
    PY_mb_ri                                 0x0802dab5   Data           3  pinyinforkeyboardpage.o(.constdata)
    PY_mb_rong                               0x0802dab8   Data          21  pinyinforkeyboardpage.o(.constdata)
    PY_mb_rou                                0x0802dacd   Data           7  pinyinforkeyboardpage.o(.constdata)
    PY_mb_ru                                 0x0802dad4   Data          21  pinyinforkeyboardpage.o(.constdata)
    PY_mb_ruan                               0x0802dae9   Data           5  pinyinforkeyboardpage.o(.constdata)
    PY_mb_rui                                0x0802daee   Data           7  pinyinforkeyboardpage.o(.constdata)
    PY_mb_run                                0x0802daf5   Data           5  pinyinforkeyboardpage.o(.constdata)
    PY_mb_ruo                                0x0802dafa   Data           5  pinyinforkeyboardpage.o(.constdata)
    PY_mb_sa                                 0x0802daff   Data           7  pinyinforkeyboardpage.o(.constdata)
    PY_mb_sai                                0x0802db06   Data           9  pinyinforkeyboardpage.o(.constdata)
    PY_mb_san                                0x0802db0f   Data           9  pinyinforkeyboardpage.o(.constdata)
    PY_mb_sang                               0x0802db18   Data           7  pinyinforkeyboardpage.o(.constdata)
    PY_mb_sao                                0x0802db1f   Data           9  pinyinforkeyboardpage.o(.constdata)
    PY_mb_se                                 0x0802db28   Data           7  pinyinforkeyboardpage.o(.constdata)
    PY_mb_sen                                0x0802db2f   Data           3  pinyinforkeyboardpage.o(.constdata)
    PY_mb_seng                               0x0802db32   Data           3  pinyinforkeyboardpage.o(.constdata)
    PY_mb_sha                                0x0802db35   Data          19  pinyinforkeyboardpage.o(.constdata)
    PY_mb_shai                               0x0802db48   Data           5  pinyinforkeyboardpage.o(.constdata)
    PY_mb_shan                               0x0802db4d   Data          35  pinyinforkeyboardpage.o(.constdata)
    PY_mb_shang                              0x0802db70   Data          17  pinyinforkeyboardpage.o(.constdata)
    PY_mb_shao                               0x0802db81   Data          23  pinyinforkeyboardpage.o(.constdata)
    PY_mb_she                                0x0802db98   Data          25  pinyinforkeyboardpage.o(.constdata)
    PY_mb_shen                               0x0802dbb1   Data          35  pinyinforkeyboardpage.o(.constdata)
    PY_mb_sheng                              0x0802dbd4   Data          23  pinyinforkeyboardpage.o(.constdata)
    PY_mb_shi                                0x0802dbeb   Data          97  pinyinforkeyboardpage.o(.constdata)
    PY_mb_shou                               0x0802dc4c   Data          21  pinyinforkeyboardpage.o(.constdata)
    PY_mb_shu                                0x0802dc61   Data          67  pinyinforkeyboardpage.o(.constdata)
    PY_mb_shua                               0x0802dca4   Data           5  pinyinforkeyboardpage.o(.constdata)
    PY_mb_shuai                              0x0802dca9   Data           9  pinyinforkeyboardpage.o(.constdata)
    PY_mb_shuan                              0x0802dcb2   Data           5  pinyinforkeyboardpage.o(.constdata)
    PY_mb_shuang                             0x0802dcb7   Data           7  pinyinforkeyboardpage.o(.constdata)
    PY_mb_shui                               0x0802dcbe   Data           9  pinyinforkeyboardpage.o(.constdata)
    PY_mb_shun                               0x0802dcc7   Data           9  pinyinforkeyboardpage.o(.constdata)
    PY_mb_shuo                               0x0802dcd0   Data           9  pinyinforkeyboardpage.o(.constdata)
    PY_mb_si                                 0x0802dcd9   Data          31  pinyinforkeyboardpage.o(.constdata)
    PY_mb_song                               0x0802dcf8   Data          17  pinyinforkeyboardpage.o(.constdata)
    PY_mb_sou                                0x0802dd09   Data           9  pinyinforkeyboardpage.o(.constdata)
    PY_mb_su                                 0x0802dd12   Data          23  pinyinforkeyboardpage.o(.constdata)
    PY_mb_suan                               0x0802dd29   Data           7  pinyinforkeyboardpage.o(.constdata)
    PY_mb_sui                                0x0802dd30   Data          23  pinyinforkeyboardpage.o(.constdata)
    PY_mb_sun                                0x0802dd47   Data           7  pinyinforkeyboardpage.o(.constdata)
    PY_mb_suo                                0x0802dd4e   Data          17  pinyinforkeyboardpage.o(.constdata)
    PY_mb_ta                                 0x0802dd5f   Data          19  pinyinforkeyboardpage.o(.constdata)
    PY_mb_tai                                0x0802dd72   Data          19  pinyinforkeyboardpage.o(.constdata)
    PY_mb_tan                                0x0802dd85   Data          37  pinyinforkeyboardpage.o(.constdata)
    PY_mb_tang                               0x0802ddaa   Data          27  pinyinforkeyboardpage.o(.constdata)
    PY_mb_tao                                0x0802ddc5   Data          23  pinyinforkeyboardpage.o(.constdata)
    PY_mb_te                                 0x0802dddc   Data           3  pinyinforkeyboardpage.o(.constdata)
    PY_mb_teng                               0x0802dddf   Data           9  pinyinforkeyboardpage.o(.constdata)
    PY_mb_ti                                 0x0802dde8   Data          31  pinyinforkeyboardpage.o(.constdata)
    PY_mb_tian                               0x0802de07   Data          17  pinyinforkeyboardpage.o(.constdata)
    PY_mb_tiao                               0x0802de18   Data          13  pinyinforkeyboardpage.o(.constdata)
    PY_mb_tie                                0x0802de25   Data           7  pinyinforkeyboardpage.o(.constdata)
    PY_mb_ting                               0x0802de2c   Data          21  pinyinforkeyboardpage.o(.constdata)
    PY_mb_tong                               0x0802de41   Data          27  pinyinforkeyboardpage.o(.constdata)
    PY_mb_tou                                0x0802de5c   Data           9  pinyinforkeyboardpage.o(.constdata)
    PY_mb_tu                                 0x0802de65   Data          23  pinyinforkeyboardpage.o(.constdata)
    PY_mb_tuan                               0x0802de7c   Data           5  pinyinforkeyboardpage.o(.constdata)
    PY_mb_tui                                0x0802de81   Data          13  pinyinforkeyboardpage.o(.constdata)
    PY_mb_tun                                0x0802de8e   Data           9  pinyinforkeyboardpage.o(.constdata)
    PY_mb_tuo                                0x0802de97   Data          23  pinyinforkeyboardpage.o(.constdata)
    PY_mb_wa                                 0x0802deae   Data          15  pinyinforkeyboardpage.o(.constdata)
    PY_mb_wai                                0x0802debd   Data           5  pinyinforkeyboardpage.o(.constdata)
    PY_mb_wan                                0x0802dec2   Data          35  pinyinforkeyboardpage.o(.constdata)
    PY_mb_wang                               0x0802dee5   Data          21  pinyinforkeyboardpage.o(.constdata)
    PY_mb_wei                                0x0802defa   Data          67  pinyinforkeyboardpage.o(.constdata)
    PY_mb_wen                                0x0802df3d   Data          21  pinyinforkeyboardpage.o(.constdata)
    PY_mb_weng                               0x0802df52   Data           7  pinyinforkeyboardpage.o(.constdata)
    PY_mb_wo                                 0x0802df59   Data          19  pinyinforkeyboardpage.o(.constdata)
    PY_mb_wu                                 0x0802df6c   Data          59  pinyinforkeyboardpage.o(.constdata)
    PY_mb_xi                                 0x0802dfa7   Data          69  pinyinforkeyboardpage.o(.constdata)
    PY_mb_xia                                0x0802dfec   Data          25  pinyinforkeyboardpage.o(.constdata)
    PY_mb_xian                               0x0802e005   Data          55  pinyinforkeyboardpage.o(.constdata)
    PY_mb_xiang                              0x0802e03c   Data          41  pinyinforkeyboardpage.o(.constdata)
    PY_mb_xiao                               0x0802e065   Data          35  pinyinforkeyboardpage.o(.constdata)
    PY_mb_xie                                0x0802e088   Data          41  pinyinforkeyboardpage.o(.constdata)
    PY_mb_xin                                0x0802e0b1   Data          21  pinyinforkeyboardpage.o(.constdata)
    PY_mb_xing                               0x0802e0c6   Data          29  pinyinforkeyboardpage.o(.constdata)
    PY_mb_xiong                              0x0802e0e3   Data          15  pinyinforkeyboardpage.o(.constdata)
    PY_mb_xiu                                0x0802e0f2   Data          21  pinyinforkeyboardpage.o(.constdata)
    PY_mb_xu                                 0x0802e107   Data          39  pinyinforkeyboardpage.o(.constdata)
    PY_mb_xuan                               0x0802e12e   Data          21  pinyinforkeyboardpage.o(.constdata)
    PY_mb_xue                                0x0802e143   Data          15  pinyinforkeyboardpage.o(.constdata)
    PY_mb_xun                                0x0802e152   Data          29  pinyinforkeyboardpage.o(.constdata)
    PY_mb_ya                                 0x0802e16f   Data          33  pinyinforkeyboardpage.o(.constdata)
    PY_mb_yan                                0x0802e190   Data          67  pinyinforkeyboardpage.o(.constdata)
    PY_mb_yang                               0x0802e1d3   Data          35  pinyinforkeyboardpage.o(.constdata)
    PY_mb_yao                                0x0802e1f6   Data          35  pinyinforkeyboardpage.o(.constdata)
    PY_mb_ye                                 0x0802e219   Data          31  pinyinforkeyboardpage.o(.constdata)
    PY_mb_yi                                 0x0802e238   Data         107  pinyinforkeyboardpage.o(.constdata)
    PY_mb_yin                                0x0802e2a3   Data          35  pinyinforkeyboardpage.o(.constdata)
    PY_mb_ying                               0x0802e2c6   Data          37  pinyinforkeyboardpage.o(.constdata)
    PY_mb_yo                                 0x0802e2eb   Data           3  pinyinforkeyboardpage.o(.constdata)
    PY_mb_yong                               0x0802e2ee   Data          31  pinyinforkeyboardpage.o(.constdata)
    PY_mb_you                                0x0802e30d   Data          41  pinyinforkeyboardpage.o(.constdata)
    PY_mb_yu                                 0x0802e336   Data          91  pinyinforkeyboardpage.o(.constdata)
    PY_mb_yuan                               0x0802e391   Data          41  pinyinforkeyboardpage.o(.constdata)
    PY_mb_yue                                0x0802e3ba   Data          19  pinyinforkeyboardpage.o(.constdata)
    PY_mb_yun                                0x0802e3cd   Data          25  pinyinforkeyboardpage.o(.constdata)
    PY_mb_za                                 0x0802e3e6   Data           9  pinyinforkeyboardpage.o(.constdata)
    PY_mb_zai                                0x0802e3ef   Data          17  pinyinforkeyboardpage.o(.constdata)
    PY_mb_zan                                0x0802e400   Data           9  pinyinforkeyboardpage.o(.constdata)
    PY_mb_zang                               0x0802e409   Data           7  pinyinforkeyboardpage.o(.constdata)
    PY_mb_zao                                0x0802e410   Data          29  pinyinforkeyboardpage.o(.constdata)
    PY_mb_ze                                 0x0802e42d   Data           9  pinyinforkeyboardpage.o(.constdata)
    PY_mb_zei                                0x0802e436   Data           3  pinyinforkeyboardpage.o(.constdata)
    PY_mb_zen                                0x0802e439   Data           3  pinyinforkeyboardpage.o(.constdata)
    PY_mb_zeng                               0x0802e43c   Data           7  pinyinforkeyboardpage.o(.constdata)
    PY_mb_zha                                0x0802e443   Data          27  pinyinforkeyboardpage.o(.constdata)
    PY_mb_zhai                               0x0802e45e   Data          15  pinyinforkeyboardpage.o(.constdata)
    PY_mb_zhan                               0x0802e46d   Data          35  pinyinforkeyboardpage.o(.constdata)
    PY_mb_zhang                              0x0802e490   Data          33  pinyinforkeyboardpage.o(.constdata)
    PY_mb_zhao                               0x0802e4b1   Data          23  pinyinforkeyboardpage.o(.constdata)
    PY_mb_zhe                                0x0802e4c8   Data          23  pinyinforkeyboardpage.o(.constdata)
    PY_mb_zhen                               0x0802e4df   Data          35  pinyinforkeyboardpage.o(.constdata)
    PY_mb_zheng                              0x0802e502   Data          29  pinyinforkeyboardpage.o(.constdata)
    PY_mb_zhi                                0x0802e51f   Data          87  pinyinforkeyboardpage.o(.constdata)
    PY_mb_zhong                              0x0802e576   Data          23  pinyinforkeyboardpage.o(.constdata)
    PY_mb_zhou                               0x0802e58d   Data          29  pinyinforkeyboardpage.o(.constdata)
    PY_mb_zhu                                0x0802e5aa   Data          53  pinyinforkeyboardpage.o(.constdata)
    PY_mb_zhua                               0x0802e5df   Data           3  pinyinforkeyboardpage.o(.constdata)
    PY_mb_zhuai                              0x0802e5e2   Data           3  pinyinforkeyboardpage.o(.constdata)
    PY_mb_zhuan                              0x0802e5e5   Data          11  pinyinforkeyboardpage.o(.constdata)
    PY_mb_zhuang                             0x0802e5f0   Data          17  pinyinforkeyboardpage.o(.constdata)
    PY_mb_zhui                               0x0802e601   Data          13  pinyinforkeyboardpage.o(.constdata)
    PY_mb_zhun                               0x0802e60e   Data           5  pinyinforkeyboardpage.o(.constdata)
    PY_mb_zhuo                               0x0802e613   Data          21  pinyinforkeyboardpage.o(.constdata)
    PY_mb_zi                                 0x0802e628   Data          29  pinyinforkeyboardpage.o(.constdata)
    PY_mb_zong                               0x0802e645   Data          15  pinyinforkeyboardpage.o(.constdata)
    PY_mb_zou                                0x0802e654   Data           9  pinyinforkeyboardpage.o(.constdata)
    PY_mb_zu                                 0x0802e65d   Data          17  pinyinforkeyboardpage.o(.constdata)
    PY_mb_zuan                               0x0802e66e   Data           7  pinyinforkeyboardpage.o(.constdata)
    PY_mb_zui                                0x0802e675   Data           9  pinyinforkeyboardpage.o(.constdata)
    PY_mb_zun                                0x0802e67e   Data           5  pinyinforkeyboardpage.o(.constdata)
    PY_mb_zuo                                0x0802e683   Data          15  pinyinforkeyboardpage.o(.constdata)
    PY_index_a                               0x0802e694   Data          40  pinyinforkeyboardpage.o(.constdata)
    PY_index_b                               0x0802e6bc   Data         128  pinyinforkeyboardpage.o(.constdata)
    PY_index_c                               0x0802e73c   Data         264  pinyinforkeyboardpage.o(.constdata)
    PY_index_d                               0x0802e844   Data         160  pinyinforkeyboardpage.o(.constdata)
    PY_index_e                               0x0802e8e4   Data          24  pinyinforkeyboardpage.o(.constdata)
    PY_index_f                               0x0802e8fc   Data          72  pinyinforkeyboardpage.o(.constdata)
    PY_index_g                               0x0802e944   Data         152  pinyinforkeyboardpage.o(.constdata)
    PY_index_h                               0x0802e9dc   Data         152  pinyinforkeyboardpage.o(.constdata)
    PY_index_j                               0x0802ea74   Data         112  pinyinforkeyboardpage.o(.constdata)
    PY_index_k                               0x0802eae4   Data         144  pinyinforkeyboardpage.o(.constdata)
    PY_index_l                               0x0802eb74   Data         192  pinyinforkeyboardpage.o(.constdata)
    PY_index_m                               0x0802ec34   Data         152  pinyinforkeyboardpage.o(.constdata)
    PY_index_n                               0x0802eccc   Data         184  pinyinforkeyboardpage.o(.constdata)
    PY_index_o                               0x0802ed84   Data          16  pinyinforkeyboardpage.o(.constdata)
    PY_index_p                               0x0802ed94   Data         136  pinyinforkeyboardpage.o(.constdata)
    PY_index_q                               0x0802ee1c   Data         112  pinyinforkeyboardpage.o(.constdata)
    PY_index_r                               0x0802ee8c   Data         112  pinyinforkeyboardpage.o(.constdata)
    PY_index_s                               0x0802eefc   Data         272  pinyinforkeyboardpage.o(.constdata)
    PY_index_t                               0x0802f00c   Data         152  pinyinforkeyboardpage.o(.constdata)
    PY_index_w                               0x0802f0a4   Data          72  pinyinforkeyboardpage.o(.constdata)
    PY_index_x                               0x0802f0ec   Data         112  pinyinforkeyboardpage.o(.constdata)
    PY_index_y                               0x0802f15c   Data         120  pinyinforkeyboardpage.o(.constdata)
    PY_index_z                               0x0802f1d4   Data         288  pinyinforkeyboardpage.o(.constdata)
    PY_index_null                            0x0802f2f4   Data           8  pinyinforkeyboardpage.o(.constdata)
    PY_index_pointer                         0x0802f2fc   Data         108  pinyinforkeyboardpage.o(.constdata)
    TouchCheckPage                           0x0802f464   Data          64  touchcheckpage.o(.constdata)
    SettingsPage                             0x0802f58c   Data          64  settingspage.o(.constdata)
    QWebPage                                 0x0802f834   Data          64  qwebpage.o(.constdata)
    ChatPage                                 0x0802f9c0   Data          64  chatpage.o(.constdata)
    gImage_StatusBar1                        0x0802fae2   Data          42  resources.o(.constdata)
    gImage_BottomBar1                        0x0802fb0c   Data          78  resources.o(.constdata)
    gImage_Frame1LB                          0x0802fb5a   Data         312  resources.o(.constdata)
    gImage_Frame1LT                          0x0802fc92   Data         312  resources.o(.constdata)
    gImage_Frame1RB                          0x0802fdca   Data         312  resources.o(.constdata)
    gImage_Frame1RT                          0x0802ff02   Data         312  resources.o(.constdata)
    gImage_HighLight                         0x0803003a   Data         200  resources.o(.constdata)
    gImage_Dir                               0x08030102   Data         576  resources.o(.constdata)
    gImage_GrayDir                           0x08030342   Data         576  resources.o(.constdata)
    gImage_GrayDot                           0x08030582   Data         576  resources.o(.constdata)
    gImage_GreenDot                          0x080307c2   Data         576  resources.o(.constdata)
    gImage_ImgDot                            0x08030a02   Data         576  resources.o(.constdata)
    gImage_Txt                               0x08030c42   Data         576  resources.o(.constdata)
    gImage_DownArrowHL                       0x08030e82   Data         874  resources.o(.constdata)
    gImage_DownArrowLL                       0x080311ec   Data         874  resources.o(.constdata)
    gImage_UpArrowHL                         0x08031556   Data         874  resources.o(.constdata)
    gImage_UpArrowLL                         0x080318c0   Data         874  resources.o(.constdata)
    gImage_NumFrame                          0x08031c2a   Data          38  resources.o(.constdata)
    gImage_On                                0x08031c50   Data        2088  resources.o(.constdata)
    gImage_Off                               0x08032478   Data        2088  resources.o(.constdata)
    gImage_OnOff                             0x08032ca0   Data        2088  resources.o(.constdata)
    gCtrlObj_On                              0x080334c8   Data        2088  ctrlobjimg.o(.constdata)
    gCtrlObj_Off                             0x08033cf0   Data        2088  ctrlobjimg.o(.constdata)
    gCtrlObj_OnOff                           0x08034518   Data        2088  ctrlobjimg.o(.constdata)
    gMyQwDrviceType                          0x08034e0c   Data           1  qwebhandler.o(.constdata)
    Region$$Table$$Base                      0x08035604   Number         0  anon$$obj.o(Region$$Table)
    Region$$Table$$Limit                     0x08035624   Number         0  anon$$obj.o(Region$$Table)
    RTC_Counter                              0x20001004   Data           4  stm32f10x_it.o(.data)
    OSCtxSwCtr                               0x20001028   Data           4  os_core.o(.data)
    OSEventFreeList                          0x2000102c   Data           4  os_core.o(.data)
    OSIntNesting                             0x20001030   Data           1  os_core.o(.data)
    OSLockNesting                            0x20001031   Data           1  os_core.o(.data)
    OSPrioCur                                0x20001032   Data           1  os_core.o(.data)
    OSPrioHighRdy                            0x20001033   Data           1  os_core.o(.data)
    OSRdyGrp                                 0x20001034   Data           1  os_core.o(.data)
    OSRdyTbl                                 0x20001035   Data           4  os_core.o(.data)
    OSRunning                                0x20001039   Data           1  os_core.o(.data)
    OSTaskCtr                                0x2000103a   Data           1  os_core.o(.data)
    OSIdleCtr                                0x2000103c   Data           4  os_core.o(.data)
    OSTCBCur                                 0x20001040   Data           4  os_core.o(.data)
    OSTCBFreeList                            0x20001044   Data           4  os_core.o(.data)
    OSTCBHighRdy                             0x20001048   Data           4  os_core.o(.data)
    OSTCBList                                0x2000104c   Data           4  os_core.o(.data)
    OSTickStepState                          0x20001050   Data           1  os_core.o(.data)
    OSQFreeList                              0x20001054   Data           4  os_core.o(.data)
    OSTime                                   0x20001058   Data           4  os_core.o(.data)
    TransferError                            0x2000107c   Data           1  sdcard.o(.data)
    TransferEnd                              0x20001080   Data           4  sdcard.o(.data)
    NumberOfBytes                            0x20001084   Data           4  sdcard.o(.data)
    SrcBuffer                                0x20001088   Data           4  sdcard.o(.data)
    DestBuffer                               0x2000108c   Data           4  sdcard.o(.data)
    __stdout                                 0x20001090   Data           4  uart.o(.data)
    Virtual_Com_Port_StringSerial            0x20001095   Data          26  usb_desc.o(.data)
    USART_Rx_ptr_in                          0x200010b4   Data           4  usb_hw_config.o(.data)
    USART_Rx_ptr_out                         0x200010b8   Data           4  usb_hw_config.o(.data)
    USART_Rx_length                          0x200010bc   Data           4  usb_hw_config.o(.data)
    USB_Tx_State                             0x200010c0   Data           1  usb_hw_config.o(.data)
    bIntPackSOF                              0x200010c4   Data           1  usb_istr.o(.data)
    pEpInt_IN                                0x200010c8   Data          28  usb_istr.o(.data)
    pEpInt_OUT                               0x200010e4   Data          28  usb_istr.o(.data)
    wIstr                                    0x20001100   Data           2  usb_istr.o(.data)
    Request                                  0x20001104   Data           1  usb_prop.o(.data)
    linecoding                               0x20001108   Data           8  usb_prop.o(.data)
    Device_Table                             0x20001110   Data           2  usb_prop.o(.data)
    Device_Property                          0x20001114   Data          48  usb_prop.o(.data)
    User_Standard_Requests                   0x20001144   Data          36  usb_prop.o(.data)
    Device_Descriptor                        0x20001168   Data           8  usb_prop.o(.data)
    Config_Descriptor                        0x20001170   Data           8  usb_prop.o(.data)
    String_Descriptor                        0x20001178   Data          32  usb_prop.o(.data)
    bDeviceState                             0x20001198   Data           4  usb_pwr.o(.data)
    fSuspendEnabled                          0x2000119c   Data           1  usb_pwr.o(.data)
    ResumeS                                  0x2000119d   Data           2  usb_pwr.o(.data)
    gpCurrentPage                            0x200011a8   Data           4  inputhandler.o(.data)
    gHeapLayer                               0x200011ac   Data           1  inputhandler.o(.data)
    gGobalPeripEvtBitFlag                    0x200011b0   Data           4  inputhandler.o(.data)
    gMusicParam                              0x200011b4   Data           8  musichandler.o(.data)
    gLCD_Mutex                               0x200011cc   Data           4  systeminit.o(.data)
    gTouchHandler_Sem                        0x200011d0   Data           4  systeminit.o(.data)
    gAllowTchHandler_Sem                     0x200011d4   Data           4  systeminit.o(.data)
    gVsDreq_Sem                              0x200011d8   Data           4  systeminit.o(.data)
    gRfRecvHandler_Sem                       0x200011dc   Data           4  systeminit.o(.data)
    gInputHandler_Queue                      0x200011e0   Data           4  systeminit.o(.data)
    gMusicHandler_Queue                      0x200011e4   Data           4  systeminit.o(.data)
    gTouchRegionNum                          0x200011e8   Data           1  touchhandler.o(.data)
    X_RATIO                                  0x200011ec   Data           4  touchhandler.o(.data)
    Y_RATIO                                  0x200011f0   Data           4  touchhandler.o(.data)
    X_OFFSET                                 0x200011f4   Data           4  touchhandler.o(.data)
    Y_OFFSET                                 0x200011f8   Data           4  touchhandler.o(.data)
    gpTouchRegions                           0x200011fc   Data           4  touchhandler.o(.data)
    UseUsbOutputInfoFlag                     0x20001255   Data           1  applistpage.o(.data)
    gVars                                    0x20001264   Data           4  touchcheckpage.o(.data)
    Data_Mul_MaxPacketSize                   0x20001278   Data           1  usb_core.o(.data)
    StatusInfo                               0x2000127a   Data           2  usb_core.o(.data)
    EPindex                                  0x2000127c   Data           1  usb_init.o(.data)
    pInformation                             0x20001280   Data           4  usb_init.o(.data)
    pProperty                                0x20001284   Data           4  usb_init.o(.data)
    SaveState                                0x20001288   Data           2  usb_init.o(.data)
    wInterrupt_Mask                          0x2000128a   Data           2  usb_init.o(.data)
    pUser_Standard_Requests                  0x2000128c   Data           4  usb_init.o(.data)
    SaveRState                               0x20001290   Data           2  usb_int.o(.data)
    SaveTState                               0x20001292   Data           2  usb_int.o(.data)
    gQW_Send_Count                           0x20001295   Data           1  qwebpacket.o(.data)
    gMyQwID                                  0x20001298   Data           1  qwebhandler.o(.data)
    gMyQwAddr                                0x20001299   Data           1  qwebhandler.o(.data)
    gMyQwAddrReqPw                           0x2000129a   Data           1  qwebhandler.o(.data)
    gMyQwStartTime                           0x2000129c   Data           4  qwebhandler.o(.data)
    gMyQwHostHwId                            0x200012a0   Data           4  qwebhandler.o(.data)
    gMyQwNowRole                             0x200012a4   Data           1  qwebhandler.o(.data)
    gQWebApiFlag                             0x200012a6   Data           1  qwebapi.o(.data)
    gPacketTypeName                          0x200012a8   Data          40  qwebname.o(.data)
    gSessionTypeName                         0x200012d0   Data          12  qwebname.o(.data)
    gQwDeviceName                            0x200012dc   Data          12  qwebname.o(.data)
    gSessionStateName                        0x200012e8   Data          28  qwebname.o(.data)
    OSEventTbl                               0x20001410   Data         256  os_core.o(.bss)
    OSTaskIdleStk                            0x20001510   Data         512  os_core.o(.bss)
    OSTCBPrioTbl                             0x20001710   Data         128  os_core.o(.bss)
    OSTCBTbl                                 0x20001790   Data         616  os_core.o(.bss)
    OSQTbl                                   0x200019f8   Data          96  os_core.o(.bss)
    SDIO_InitStructure                       0x20001e90   Data          24  sdcard.o(.bss)
    SDIO_CmdInitStructure                    0x20001ea8   Data          20  sdcard.o(.bss)
    SDIO_DataInitStructure                   0x20001ebc   Data          24  sdcard.o(.bss)
    USB_Rx_Buffer                            0x20001ed4   Data          64  usb_endp.o(.bss)
    USART_Rx_Buffer                          0x20001f14   Data        1024  usb_hw_config.o(.bss)
    bTempBuf                                 0x20002314   Data          64  cc2500.o(.bss)
    gEntriesOfPage                           0x2000257e   Data          26  inputhandler.o(.bss)
    gPagePeripEvtFlag                        0x20002598   Data          52  inputhandler.o(.bss)
    gGobalPeripEvtRecord                     0x200025cc   Data         256  inputhandler.o(.bss)
    Device_Info                              0x20009138   Data          28  usb_init.o(.bss)
    gMyQwAttributeStr                        0x200092e4   Data          16  qwebhandler.o(.bss)
    gQWebUserData                            0x200092f4   Data          12  qwebapi.o(.bss)
    __libspace_start                         0x20009500   Data          96  libspace.o(.bss)
    __temporary_stack_top$libspace           0x20009560   Data           0  libspace.o(.bss)



==============================================================================

Memory Map of the image

  Image Entry point : 0x08000131

  Load Region LR_IROM1 (Base: 0x08000000, Size: 0x00036968, Max: 0x00080000, ABSOLUTE, COMPRESSED[0x00035784])

    Execution Region ER_IROM1 (Base: 0x08000000, Size: 0x00035658, Max: 0x00080000, ABSOLUTE)

    Base Addr    Size         Type   Attr      Idx    E Section Name        Object

    0x08000000   0x00000130   Data   RO          200    RESET               stm32f10x.o
    0x08000130   0x00000008   Code   RO         2198  * !!!main             __main.o(c_w.l)
    0x08000138   0x00000034   Code   RO         2468    !!!scatter          __scatter.o(c_w.l)
    0x0800016c   0x0000005a   Code   RO         2466    !!dczerorl2         __dczerorl2.o(c_w.l)
    0x080001c6   0x00000002   PAD
    0x080001c8   0x0000001c   Code   RO         2470    !!handler_zi        __scatter_zi.o(c_w.l)
    0x080001e4   0x00000000   Code   RO         2175    .ARM.Collect$$_printf_percent$$00000000  _printf_percent.o(c_w.l)
    0x080001e4   0x00000006   Code   RO         2174    .ARM.Collect$$_printf_percent$$00000003  _printf_f.o(c_w.l)
    0x080001ea   0x00000006   Code   RO         2172    .ARM.Collect$$_printf_percent$$00000009  _printf_d.o(c_w.l)
    0x080001f0   0x00000006   Code   RO         2173    .ARM.Collect$$_printf_percent$$0000000A  _printf_u.o(c_w.l)
    0x080001f6   0x00000006   Code   RO         2171    .ARM.Collect$$_printf_percent$$0000000C  _printf_x.o(c_w.l)
    0x080001fc   0x00000006   Code   RO         2169    .ARM.Collect$$_printf_percent$$00000013  _printf_c.o(c_w.l)
    0x08000202   0x00000006   Code   RO         2170    .ARM.Collect$$_printf_percent$$00000014  _printf_s.o(c_w.l)
    0x08000208   0x00000004   Code   RO         2246    .ARM.Collect$$_printf_percent$$00000017  _printf_percent_end.o(c_w.l)
    0x0800020c   0x00000006   Code   RO         2348    .ARM.Collect$$libinit$$00000000  libinit.o(c_w.l)
    0x08000212   0x00000000   Code   RO         2351    .ARM.Collect$$libinit$$00000006  libinit2.o(c_w.l)
    0x08000212   0x00000000   Code   RO         2353    .ARM.Collect$$libinit$$00000008  libinit2.o(c_w.l)
    0x08000212   0x00000000   Code   RO         2355    .ARM.Collect$$libinit$$0000000A  libinit2.o(c_w.l)
    0x08000212   0x00000006   Code   RO         2356    .ARM.Collect$$libinit$$0000000B  libinit2.o(c_w.l)
    0x08000218   0x00000000   Code   RO         2358    .ARM.Collect$$libinit$$0000000D  libinit2.o(c_w.l)
    0x08000218   0x00000000   Code   RO         2360    .ARM.Collect$$libinit$$0000000F  libinit2.o(c_w.l)
    0x08000218   0x00000000   Code   RO         2362    .ARM.Collect$$libinit$$00000011  libinit2.o(c_w.l)
    0x08000218   0x0000000a   Code   RO         2363    .ARM.Collect$$libinit$$00000012  libinit2.o(c_w.l)
    0x08000222   0x00000000   Code   RO         2364    .ARM.Collect$$libinit$$00000013  libinit2.o(c_w.l)
    0x08000222   0x00000000   Code   RO         2366    .ARM.Collect$$libinit$$00000015  libinit2.o(c_w.l)
    0x08000222   0x00000000   Code   RO         2368    .ARM.Collect$$libinit$$00000017  libinit2.o(c_w.l)
    0x08000222   0x00000000   Code   RO         2370    .ARM.Collect$$libinit$$00000019  libinit2.o(c_w.l)
    0x08000222   0x00000000   Code   RO         2372    .ARM.Collect$$libinit$$0000001B  libinit2.o(c_w.l)
    0x08000222   0x00000000   Code   RO         2374    .ARM.Collect$$libinit$$0000001D  libinit2.o(c_w.l)
    0x08000222   0x00000000   Code   RO         2376    .ARM.Collect$$libinit$$0000001F  libinit2.o(c_w.l)
    0x08000222   0x00000000   Code   RO         2378    .ARM.Collect$$libinit$$00000021  libinit2.o(c_w.l)
    0x08000222   0x00000000   Code   RO         2382    .ARM.Collect$$libinit$$00000028  libinit2.o(c_w.l)
    0x08000222   0x00000000   Code   RO         2384    .ARM.Collect$$libinit$$0000002A  libinit2.o(c_w.l)
    0x08000222   0x00000000   Code   RO         2386    .ARM.Collect$$libinit$$0000002C  libinit2.o(c_w.l)
    0x08000222   0x00000000   Code   RO         2388    .ARM.Collect$$libinit$$0000002E  libinit2.o(c_w.l)
    0x08000222   0x00000002   Code   RO         2389    .ARM.Collect$$libinit$$0000002F  libinit2.o(c_w.l)
    0x08000224   0x00000002   Code   RO         2418    .ARM.Collect$$libshutdown$$00000000  libshutdown.o(c_w.l)
    0x08000226   0x00000000   Code   RO         2427    .ARM.Collect$$libshutdown$$00000003  libshutdown2.o(c_w.l)
    0x08000226   0x00000000   Code   RO         2430    .ARM.Collect$$libshutdown$$00000006  libshutdown2.o(c_w.l)
    0x08000226   0x00000000   Code   RO         2433    .ARM.Collect$$libshutdown$$00000009  libshutdown2.o(c_w.l)
    0x08000226   0x00000000   Code   RO         2435    .ARM.Collect$$libshutdown$$0000000B  libshutdown2.o(c_w.l)
    0x08000226   0x00000000   Code   RO         2438    .ARM.Collect$$libshutdown$$0000000E  libshutdown2.o(c_w.l)
    0x08000226   0x00000002   Code   RO         2439    .ARM.Collect$$libshutdown$$0000000F  libshutdown2.o(c_w.l)
    0x08000228   0x00000000   Code   RO         2234    .ARM.Collect$$rtentry$$00000000  rtentry.o(c_w.l)
    0x08000228   0x00000000   Code   RO         2269    .ARM.Collect$$rtentry$$00000002  rtentry2.o(c_w.l)
    0x08000228   0x00000006   Code   RO         2284    .ARM.Collect$$rtentry$$00000004  rtentry4.o(c_w.l)
    0x0800022e   0x00000000   Code   RO         2271    .ARM.Collect$$rtentry$$00000009  rtentry2.o(c_w.l)
    0x0800022e   0x00000004   Code   RO         2272    .ARM.Collect$$rtentry$$0000000A  rtentry2.o(c_w.l)
    0x08000232   0x00000000   Code   RO         2274    .ARM.Collect$$rtentry$$0000000C  rtentry2.o(c_w.l)
    0x08000232   0x00000008   Code   RO         2275    .ARM.Collect$$rtentry$$0000000D  rtentry2.o(c_w.l)
    0x0800023a   0x00000000   Code   RO         2390    .ARM.Collect$$rtexit$$00000000  rtexit.o(c_w.l)
    0x0800023a   0x00000000   Code   RO         2397    .ARM.Collect$$rtexit$$00000002  rtexit2.o(c_w.l)
    0x0800023a   0x00000004   Code   RO         2398    .ARM.Collect$$rtexit$$00000003  rtexit2.o(c_w.l)
    0x0800023e   0x00000004   Code   RO         2399    .ARM.Collect$$rtexit$$00000004  rtexit2.o(c_w.l)
    0x08000242   0x00000002   PAD
    0x08000244   0x00000020   Code   RO          500    .emb_text           core_cm3.o
    0x08000264   0x000000a0   Code   RO            2    .text               main.o
    0x08000304   0x000000a4   Code   RO          202    .text               stm32f10x.o
    0x080003a8   0x00000af4   Code   RO          206    .text               stm32f10x_it.o
    0x08000e9c   0x0000042e   Code   RO          230    .text               stm32f10x_adc.o
    0x080012ca   0x00000002   PAD
    0x080012cc   0x000000b0   Code   RO          294    .text               stm32f10x_bkp.o
    0x0800137c   0x0000025c   Code   RO          309    .text               stm32f10x_dma.o
    0x080015d8   0x00000130   Code   RO          324    .text               stm32f10x_exti.o
    0x08001708   0x000005cc   Code   RO          339    .text               stm32f10x_flash.o
    0x08001cd4   0x00000608   Code   RO          354    .text               stm32f10x_fsmc.o
    0x080022dc   0x00000348   Code   RO          369    .text               stm32f10x_gpio.o
    0x08002624   0x000000d4   Code   RO          384    .text               stm32f10x_pwr.o
    0x080026f8   0x00000390   Code   RO          396    .text               stm32f10x_rcc.o
    0x08002a88   0x00000164   Code   RO          413    .text               stm32f10x_rtc.o
    0x08002bec   0x000001cc   Code   RO          425    .text               stm32f10x_sdio.o
    0x08002db8   0x0000030c   Code   RO          440    .text               stm32f10x_spi.o
    0x080030c4   0x00000d62   Code   RO          455    .text               stm32f10x_tim.o
    0x08003e26   0x00000002   PAD
    0x08003e28   0x00000408   Code   RO          470    .text               stm32f10x_usart.o
    0x08004230   0x000000e0   Code   RO          485    .text               misc.o
    0x08004310   0x00000690   Code   RO          510    .text               os_core.o
    0x080049a0   0x000005fc   Code   RO          555    .text               os_mutex.o
    0x08004f9c   0x000005dc   Code   RO          567    .text               os_q.o
    0x08005578   0x00000388   Code   RO          579    .text               os_sem.o
    0x08005900   0x000005b4   Code   RO          591    .text               os_task.o
    0x08005eb4   0x000001b0   Code   RO          603    .text               os_time.o
    0x08006064   0x000005c0   Code   RO          621    .text               cpu_c.o
    0x08006624   0x0000002a   Code   RO          642    .text               cpu_a.o
    0x0800664e   0x00000002   PAD
    0x08006650   0x00000098   Code   RO          645    .text               os_cpu_a.o
    0x080066e8   0x000000f4   Code   RO          648    .text               os_cpu_c.o
    0x080067dc   0x000008d0   Code   RO          715    .text               os_wrap.o
    0x080070ac   0x00002b8a   Code   RO          743    .text               ff.o
    0x08009c36   0x00000002   PAD
    0x08009c38   0x00000230   Code   RO          780    .text               diskio.o
    0x08009e68   0x000000d0   Code   RO          804    .text               cc936.o
    0x08009f38   0x000005fc   Code   RO          832    .text               fswrap.o
    0x0800a534   0x00000574   Code   RO          855    .text               rtc.o
    0x0800aaa8   0x000021f8   Code   RO          877    .text               sdcard.o
    0x0800cca0   0x00000284   Code   RO          899    .text               spi.o
    0x0800cf24   0x000002f8   Code   RO          914    .text               spiflash.o
    0x0800d21c   0x00000288   Code   RO          929    .text               time.o
    0x0800d4a4   0x00000124   Code   RO          941    .text               spitouch.o
    0x0800d5c8   0x0000019c   Code   RO          956    .text               uart.o
    0x0800d764   0x00000404   Code   RO          976    .text               vs1003b.o
    0x0800db68   0x000005e8   Code   RO         1005    .text               lcd_hx8312.o
    0x0800e150   0x000000d8   Code   RO         1062    .text               usb_endp.o
    0x0800e228   0x0000025c   Code   RO         1108    .text               usb_hw_config.o
    0x0800e484   0x00000078   Code   RO         1131    .text               usb_istr.o
    0x0800e4fc   0x000003bc   Code   RO         1159    .text               usb_prop.o
    0x0800e8b8   0x00000160   Code   RO         1187    .text               usb_pwr.o
    0x0800ea18   0x00000724   Code   RO         1205    .text               cc2500.o
    0x0800f13c   0x000000a0   Code   RO         1224    .text               adc.o
    0x0800f1dc   0x000004bc   Code   RO         1236    .text               dbsetting.o
    0x0800f698   0x00000f6c   Code   RO         1275    .text               inputhandler.o
    0x08010604   0x00001044   Code   RO         1352    .text               musichandler.o
    0x08011648   0x00000604   Code   RO         1370    .text               publicfunc.o
    0x08011c4c   0x00000d84   Code   RO         1397    .text               systeminit.o
    0x080129d0   0x00000460   Code   RO         1417    .text               touchhandler.o
    0x08012e30   0x00002632   Code   RO         1436    .text               q_gui.o
    0x08015462   0x00000002   PAD
    0x08015464   0x00000748   Code   RO         1455    .text               q_heap.o
    0x08015bac   0x0000008c   Code   RO         1470    .text               keyhandler.o
    0x08015c38   0x00000394   Code   RO         1482    .text               mischandler.o
    0x08015fcc   0x000019c8   Code   RO         1494    .text               controlobj.o
    0x08017994   0x000006cc   Code   RO         1517    .text               userapi.o
    0x08018060   0x00000254   Code   RO         1531    .text               theme.o
    0x080182b4   0x0000056c   Code   RO         1546    .text               ebookpage.o
    0x08018820   0x0000175c   Code   RO         1569    .text               filelistpage.o
    0x08019f7c   0x000004d4   Code   RO         1588    .text               mainpage.o
    0x0801a450   0x00001e24   Code   RO         1606    .text               musicpage.o
    0x0801c274   0x000004dc   Code   RO         1626    .text               picturepage.o
    0x0801c750   0x00000264   Code   RO         1645    .text               testpage.o
    0x0801c9b4   0x00000ad8   Code   RO         1664    .text               applistpage.o
    0x0801d48c   0x00001080   Code   RO         1691    .text               snakepage.o
    0x0801e50c   0x00001cc0   Code   RO         1710    .text               keyboardpage.o
    0x080201cc   0x00000084   Code   RO         1733    .text               pinyinforkeyboardpage.o
    0x08020250   0x00000a78   Code   RO         1749    .text               touchcheckpage.o
    0x08020cc8   0x00001868   Code   RO         1770    .text               settingspage.o
    0x08022530   0x00000c5c   Code   RO         1790    .text               qwebpage.o
    0x0802318c   0x00000800   Code   RO         1809    .text               chatpage.o
    0x0802398c   0x00000b58   Code   RO         1842    .text               usb_core.o
    0x080244e4   0x0000003c   Code   RO         1857    .text               usb_init.o
    0x08024520   0x00000334   Code   RO         1880    .text               usb_int.o
    0x08024854   0x00000058   Code   RO         1904    .text               usb_mem.o
    0x080248ac   0x00000828   Code   RO         1916    .text               usb_regs.o
    0x080250d4   0x00000084   Code   RO         1928    .text               usb_sil.o
    0x08025158   0x000008f4   Code   RO         1940    .text               qwebcallback.o
    0x08025a4c   0x00000264   Code   RO         1975    .text               qwebtransmission.o
    0x08025cb0   0x00000a3a   Code   RO         1997    .text               qwebsession.o
    0x080266ea   0x00000002   PAD
    0x080266ec   0x00000410   Code   RO         2013    .text               qwebpacket.o
    0x08026afc   0x0000058a   Code   RO         2036    .text               qwebhandler.o
    0x08027086   0x00000002   PAD
    0x08027088   0x000003c0   Code   RO         2064    .text               qwebapi.o
    0x08027448   0x00000168   Code   RO         2095    .text               qwebaddrmgt.o
    0x080275b0   0x00000002   Code   RO         2112    .text               use_no_semi_2.o(c_w.l)
    0x080275b2   0x00000002   PAD
    0x080275b4   0x00000020   Code   RO         2118    .text               noretval__2printf.o(c_w.l)
    0x080275d4   0x00000028   Code   RO         2120    .text               noretval__2sprintf.o(c_w.l)
    0x080275fc   0x0000004c   Code   RO         2124    .text               _printf_pad.o(c_w.l)
    0x08027648   0x00000052   Code   RO         2126    .text               _printf_str.o(c_w.l)
    0x0802769a   0x00000002   PAD
    0x0802769c   0x00000070   Code   RO         2128    .text               _printf_dec.o(c_w.l)
    0x0802770c   0x0000005c   Code   RO         2133    .text               _printf_hex_int.o(c_w.l)
    0x08027768   0x00000148   Code   RO         2161    .text               __printf_flags_wp.o(c_w.l)
    0x080278b0   0x00000018   Code   RO         2176    .text               strcat.o(c_w.l)
    0x080278c8   0x00000024   Code   RO         2178    .text               strstr.o(c_w.l)
    0x080278ec   0x0000004a   Code   RO         2180    .text               strcpy.o(c_w.l)
    0x08027936   0x0000003e   Code   RO         2182    .text               strlen.o(c_w.l)
    0x08027974   0x0000008c   Code   RO         2184    .text               rt_memcpy_v6.o(c_w.l)
    0x08027a00   0x00000010   Code   RO         2186    .text               aeabi_memset.o(c_w.l)
    0x08027a10   0x00000044   Code   RO         2188    .text               rt_memclr.o(c_w.l)
    0x08027a54   0x00000064   Code   RO         2190    .text               rt_memcpy_w.o(c_w.l)
    0x08027ab8   0x0000004e   Code   RO         2192    .text               rt_memclr_w.o(c_w.l)
    0x08027b06   0x00000002   PAD
    0x08027b08   0x00000080   Code   RO         2194    .text               strcmpv7m.o(c_w.l)
    0x08027b88   0x00000006   Code   RO         2196    .text               heapauxi.o(c_w.l)
    0x08027b8e   0x00000002   Code   RO         2232    .text               use_no_semi.o(c_w.l)
    0x08027b90   0x000000ae   Code   RO         2236    .text               _printf_intcommon.o(c_w.l)
    0x08027c3e   0x00000448   Code   RO         2238    .text               _printf_fp_dec.o(c_w.l)
    0x08028086   0x00000002   PAD
    0x08028088   0x00000030   Code   RO         2240    .text               _printf_char_common.o(c_w.l)
    0x080280b8   0x0000000a   Code   RO         2242    .text               _sputc.o(c_w.l)
    0x080280c2   0x0000002c   Code   RO         2244    .text               _printf_char.o(c_w.l)
    0x080280ee   0x00000010   Code   RO         2251    .text               rtudiv10.o(c_w.l)
    0x080280fe   0x00000002   PAD
    0x08028100   0x0000000c   Code   RO         2289    .text               rt_locale_intlibspace.o(c_w.l)
    0x0802810c   0x0000008a   Code   RO         2291    .text               lludiv10.o(c_w.l)
    0x08028196   0x00000002   PAD
    0x08028198   0x0000007c   Code   RO         2293    .text               _printf_fp_infnan.o(c_w.l)
    0x08028214   0x000000d0   Code   RO         2297    .text               bigflt0.o(c_w.l)
    0x080282e4   0x00000008   Code   RO         2335    .text               libspace.o(c_w.l)
    0x080282ec   0x0000004a   Code   RO         2338    .text               sys_stackheap_outer.o(c_w.l)
    0x08028336   0x0000000c   Code   RO         2340    .text               exit.o(c_w.l)
    0x08028342   0x0000003e   Code   RO         2300    CL$$btod_d2e        btod.o(c_w.l)
    0x08028380   0x00000046   Code   RO         2302    CL$$btod_d2e_denorm_low  btod.o(c_w.l)
    0x080283c6   0x00000060   Code   RO         2301    CL$$btod_d2e_norm_op1  btod.o(c_w.l)
    0x08028426   0x00000338   Code   RO         2310    CL$$btod_div_common  btod.o(c_w.l)
    0x0802875e   0x000000c6   Code   RO         2307    CL$$btod_e2e        btod.o(c_w.l)
    0x08028824   0x00000028   Code   RO         2304    CL$$btod_ediv       btod.o(c_w.l)
    0x0802884c   0x00000028   Code   RO         2303    CL$$btod_emul       btod.o(c_w.l)
    0x08028874   0x00000244   Code   RO         2309    CL$$btod_mult_common  btod.o(c_w.l)
    0x08028ab8   0x00000028   Code   RO         2333    i.__ARM_fpclassify  fpclassify.o(m_ws.l)
    0x08028ae0   0x0000002c   Code   RO         2323    locale$$code        lc_numeric_c.o(c_w.l)
    0x08028b0c   0x00000010   Code   RO         2325    x$fpl$dcheck        dcheck.o(fz_ws.l)
    0x08028b1c   0x00000078   Code   RO         2253    x$fpl$dcmpinfnan    dcmpin.o(fz_ws.l)
    0x08028b94   0x0000002c   Code   RO         2256    x$fpl$dflt          dflt_clz.o(fz_ws.l)
    0x08028bc0   0x00000070   Code   RO         2200    x$fpl$dleqf         dleqf.o(fz_ws.l)
    0x08028c30   0x00000088   Code   RO         2202    x$fpl$drleqf        drleqf.o(fz_ws.l)
    0x08028cb8   0x00000050   Code   RO         2204    x$fpl$f2d           f2d.o(fz_ws.l)
    0x08028d08   0x00000100   Code   RO         2206    x$fpl$fadd          faddsub_clz.o(fz_ws.l)
    0x08028e08   0x0000000c   Code   RO         2259    x$fpl$fcheck        fcheck.o(fz_ws.l)
    0x08028e14   0x0000000c   Code   RO         2261    x$fpl$fcheck1       fcheck1.o(fz_ws.l)
    0x08028e20   0x000001e4   Code   RO         2213    x$fpl$fdiv          fdiv.o(fz_ws.l)
    0x08029004   0x00000070   Code   RO         2216    x$fpl$ffix          ffix.o(fz_ws.l)
    0x08029074   0x00000058   Code   RO         2220    x$fpl$ffixu         ffixu.o(fz_ws.l)
    0x080290cc   0x00000032   Code   RO         2225    x$fpl$fflt          fflt_clz.o(fz_ws.l)
    0x080290fe   0x00000008   Code   RO         2224    x$fpl$ffltu         fflt_clz.o(fz_ws.l)
    0x08029106   0x00000002   PAD
    0x08029108   0x00000108   Code   RO         2228    x$fpl$fmul          fmul.o(fz_ws.l)
    0x08029210   0x0000004a   Code   RO         2263    x$fpl$fnorm2        fnorm2_clz.o(fz_ws.l)
    0x0802925a   0x00000002   PAD
    0x0802925c   0x00000124   Code   RO         2208    x$fpl$fsub          faddsub_clz.o(fz_ws.l)
    0x08029380   0x00000086   Code   RO         2265    x$fpl$funder        funder.o(fz_ws.l)
    0x08029406   0x00000004   Code   RO         2230    x$fpl$printf1       printf1.o(fz_ws.l)
    0x0802940a   0x00000064   Code   RO         2329    x$fpl$retnan        retnan.o(fz_ws.l)
    0x0802946e   0x00000030   Code   RO         2331    x$fpl$trapveneer    trapv.o(fz_ws.l)
    0x0802949e   0x00000000   Code   RO         2267    x$fpl$usenofp       usenofp.o(fz_ws.l)
    0x0802949e   0x00000002   PAD
    0x080294a0   0x00000055   Data   RO          208    .constdata          stm32f10x_it.o
    0x080294f5   0x00000100   Data   RO          512    .constdata          os_core.o
    0x080295f5   0x0000000d   Data   RO          744    .constdata          ff.o
    0x08029602   0x000003c0   Data   RO          805    .constdata          cc936.o
    0x080299c2   0x00000002   PAD
    0x080299c4   0x00000068   Data   RO          856    .constdata          rtc.o
    0x08029a2c   0x0000079e   Data   RO          977    .constdata          vs1003b.o
    0x0802a1ca   0x000000b1   Data   RO         1019    .constdata          usb_desc.o
    0x0802a27b   0x00000266   Data   RO         1160    .constdata          usb_prop.o
    0x0802a4e1   0x00000008   Data   RO         1207    .constdata          cc2500.o
    0x0802a4e9   0x00000003   PAD
    0x0802a4ec   0x0000008d   Data   RO         1238    .constdata          dbsetting.o
    0x0802a579   0x00000003   PAD
    0x0802a57c   0x000001a6   Data   RO         1277    .constdata          inputhandler.o
    0x0802a722   0x00000002   PAD
    0x0802a724   0x000001a0   Data   RO         1354    .constdata          musichandler.o
    0x0802a8c4   0x00000200   Data   RO         1371    .constdata          publicfunc.o
    0x0802aac4   0x0000011c   Data   RO         1398    .constdata          systeminit.o
    0x0802abe0   0x00000055   Data   RO         1457    .constdata          q_heap.o
    0x0802ac35   0x00000003   PAD
    0x0802ac38   0x00000146   Data   RO         1496    .constdata          controlobj.o
    0x0802ad7e   0x00000002   PAD
    0x0802ad80   0x000000c6   Data   RO         1518    .constdata          userapi.o
    0x0802ae46   0x00000002   PAD
    0x0802ae48   0x000001ab   Data   RO         1547    .constdata          ebookpage.o
    0x0802aff3   0x00000001   PAD
    0x0802aff4   0x00000386   Data   RO         1570    .constdata          filelistpage.o
    0x0802b37a   0x00000002   PAD
    0x0802b37c   0x000001da   Data   RO         1589    .constdata          mainpage.o
    0x0802b556   0x00000002   PAD
    0x0802b558   0x0000021f   Data   RO         1607    .constdata          musicpage.o
    0x0802b777   0x00000001   PAD
    0x0802b778   0x00000261   Data   RO         1627    .constdata          picturepage.o
    0x0802b9d9   0x00000003   PAD
    0x0802b9dc   0x0000025a   Data   RO         1646    .constdata          testpage.o
    0x0802bc36   0x00000002   PAD
    0x0802bc38   0x00000506   Data   RO         1665    .constdata          applistpage.o
    0x0802c13e   0x00000002   PAD
    0x0802c140   0x0000022a   Data   RO         1692    .constdata          snakepage.o
    0x0802c36a   0x00000002   PAD
    0x0802c36c   0x0000043f   Data   RO         1711    .constdata          keyboardpage.o
    0x0802c7ab   0x00000001   PAD
    0x0802c7ac   0x00002bbc   Data   RO         1734    .constdata          pinyinforkeyboardpage.o
    0x0802f368   0x00000198   Data   RO         1750    .constdata          touchcheckpage.o
    0x0802f500   0x00000236   Data   RO         1771    .constdata          settingspage.o
    0x0802f736   0x00000002   PAD
    0x0802f738   0x000001de   Data   RO         1791    .constdata          qwebpage.o
    0x0802f916   0x00000002   PAD
    0x0802f918   0x000001ca   Data   RO         1810    .constdata          chatpage.o
    0x0802fae2   0x000039e6   Data   RO         1828    .constdata          resources.o
    0x080334c8   0x00001878   Data   RO         1835    .constdata          ctrlobjimg.o
    0x08034d40   0x00000043   Data   RO         1941    .constdata          qwebcallback.o
    0x08034d83   0x00000001   PAD
    0x08034d84   0x00000085   Data   RO         1999    .constdata          qwebsession.o
    0x08034e09   0x00000003   PAD
    0x08034e0c   0x00000068   Data   RO         2038    .constdata          qwebhandler.o
    0x08034e74   0x00000028   Data   RO         2134    .constdata          _printf_hex_int.o(c_w.l)
    0x08034e9c   0x00000011   Data   RO         2162    .constdata          __printf_flags_wp.o(c_w.l)
    0x08034ead   0x00000003   PAD
    0x08034eb0   0x00000094   Data   RO         2298    .constdata          bigflt0.o(c_w.l)
    0x08034f44   0x00000009   Data   RO         1532    .conststring        theme.o
    0x08034f4d   0x00000076   Data   RO         1548    .conststring        ebookpage.o
    0x08034fc3   0x0000007c   Data   RO         1571    .conststring        filelistpage.o
    0x0803503f   0x0000003a   Data   RO         1590    .conststring        mainpage.o
    0x08035079   0x0000004c   Data   RO         1608    .conststring        musicpage.o
    0x080350c5   0x00000019   Data   RO         1628    .conststring        picturepage.o
    0x080350de   0x00000044   Data   RO         1647    .conststring        testpage.o
    0x08035122   0x00000119   Data   RO         1666    .conststring        applistpage.o
    0x0803523b   0x00000022   Data   RO         1693    .conststring        snakepage.o
    0x0803525d   0x00000139   Data   RO         1712    .conststring        keyboardpage.o
    0x08035396   0x0000014a   Data   RO         1735    .conststring        pinyinforkeyboardpage.o
    0x080354e0   0x0000001b   Data   RO         1751    .conststring        touchcheckpage.o
    0x080354fb   0x0000000d   Data   RO         1772    .conststring        settingspage.o
    0x08035508   0x00000009   Data   RO         1792    .conststring        qwebpage.o
    0x08035511   0x00000009   Data   RO         1811    .conststring        chatpage.o
    0x0803551a   0x000000e7   Data   RO         2081    .conststring        qwebname.o
    0x08035601   0x00000003   PAD
    0x08035604   0x00000020   Data   RO         2464    Region$$Table       anon$$obj.o
    0x08035624   0x00000017   Data   RO          201    STKV                stm32f10x.o
    0x0803563b   0x00000001   PAD
    0x0803563c   0x0000001c   Data   RO         2322    locale$$data        lc_numeric_c.o(c_w.l)


    Execution Region RW_IRAM1 (Base: 0x20000000, Size: 0x00009560, Max: 0x00010000, ABSOLUTE, COMPRESSED[0x0000012c])

    Base Addr    Size         Type   Attr      Idx    E Section Name        Object

    0x20000000   0x00001000   Data   RW          198    .ARM.__AT_0x20000000  stm32f10x.o
    0x20001000   0x00000014   Data   RW          209    .data               stm32f10x_it.o
    0x20001014   0x00000014   Data   RW          397    .data               stm32f10x_rcc.o
    0x20001028   0x00000034   Data   RW          513    .data               os_core.o
    0x2000105c   0x00000002   Data   RW          717    .data               os_wrap.o
    0x2000105e   0x00000002   PAD
    0x20001060   0x00000006   Data   RW          745    .data               ff.o
    0x20001066   0x00000002   PAD
    0x20001068   0x00000028   Data   RW          879    .data               sdcard.o
    0x20001090   0x00000004   Data   RW          957    .data               uart.o
    0x20001094   0x00000001   Data   RW         1006    .data               lcd_hx8312.o
    0x20001095   0x0000001a   Data   RW         1020    .data               usb_desc.o
    0x200010af   0x00000001   PAD
    0x200010b0   0x00000004   Data   RW         1064    .data               usb_endp.o
    0x200010b4   0x0000000d   Data   RW         1110    .data               usb_hw_config.o
    0x200010c1   0x00000003   PAD
    0x200010c4   0x0000003e   Data   RW         1132    .data               usb_istr.o
    0x20001102   0x00000002   PAD
    0x20001104   0x00000094   Data   RW         1161    .data               usb_prop.o
    0x20001198   0x00000007   Data   RW         1188    .data               usb_pwr.o
    0x2000119f   0x00000001   PAD
    0x200011a0   0x00000008   Data   RW         1239    .data               dbsetting.o
    0x200011a8   0x0000000c   Data   RW         1278    .data               inputhandler.o
    0x200011b4   0x00000010   Data   RW         1355    .data               musichandler.o
    0x200011c4   0x00000008   Data   RW         1372    .data               publicfunc.o
    0x200011cc   0x0000001c   Data   RW         1399    .data               systeminit.o
    0x200011e8   0x00000018   Data   RW         1418    .data               touchhandler.o
    0x20001200   0x00000008   Data   RW         1438    .data               q_gui.o
    0x20001208   0x0000000c   Data   RW         1497    .data               controlobj.o
    0x20001214   0x00000004   Data   RW         1533    .data               theme.o
    0x20001218   0x00000004   Data   RW         1549    .data               ebookpage.o
    0x2000121c   0x00000004   Data   RW         1572    .data               filelistpage.o
    0x20001220   0x00000030   Data   RW         1609    .data               musicpage.o
    0x20001250   0x00000004   Data   RW         1629    .data               picturepage.o
    0x20001254   0x00000001   Data   RW         1648    .data               testpage.o
    0x20001255   0x00000001   Data   RW         1667    .data               applistpage.o
    0x20001256   0x00000002   PAD
    0x20001258   0x00000004   Data   RW         1694    .data               snakepage.o
    0x2000125c   0x00000008   Data   RW         1713    .data               keyboardpage.o
    0x20001264   0x00000004   Data   RW         1752    .data               touchcheckpage.o
    0x20001268   0x00000008   Data   RW         1773    .data               settingspage.o
    0x20001270   0x00000004   Data   RW         1793    .data               qwebpage.o
    0x20001274   0x00000004   Data   RW         1812    .data               chatpage.o
    0x20001278   0x00000004   Data   RW         1843    .data               usb_core.o
    0x2000127c   0x00000014   Data   RW         1859    .data               usb_init.o
    0x20001290   0x00000004   Data   RW         1881    .data               usb_int.o
    0x20001294   0x00000001   Data   RW         2000    .data               qwebsession.o
    0x20001295   0x00000001   Data   RW         2015    .data               qwebpacket.o
    0x20001296   0x00000002   PAD
    0x20001298   0x0000000d   Data   RW         2039    .data               qwebhandler.o
    0x200012a5   0x00000002   Data   RW         2066    .data               qwebapi.o
    0x200012a7   0x00000001   PAD
    0x200012a8   0x0000005c   Data   RW         2082    .data               qwebname.o
    0x20001304   0x0000000a   Data   RW         2097    .data               qwebaddrmgt.o
    0x2000130e   0x00000002   PAD
    0x20001310   0x00000100   Zero   RW          207    .bss                stm32f10x_it.o
    0x20001410   0x00000648   Zero   RW          511    .bss                os_core.o
    0x20001a58   0x000000c0   Zero   RW          716    .bss                os_wrap.o
    0x20001b18   0x00000050   Zero   RW          781    .bss                diskio.o
    0x20001b68   0x00000308   Zero   RW          833    .bss                fswrap.o
    0x20001e70   0x00000064   Zero   RW          878    .bss                sdcard.o
    0x20001ed4   0x00000040   Zero   RW         1063    .bss                usb_endp.o
    0x20001f14   0x00000400   Zero   RW         1109    .bss                usb_hw_config.o
    0x20002314   0x00000040   Zero   RW         1206    .bss                cc2500.o
    0x20002354   0x00000200   Zero   RW         1237    .bss                dbsetting.o
    0x20002554   0x00000178   Zero   RW         1276    .bss                inputhandler.o
    0x200026cc   0x0000050c   Zero   RW         1353    .bss                musichandler.o
    0x20002bd8   0x00000036   Zero   RW         1437    .bss                q_gui.o
    0x20002c0e   0x00000002   PAD
    0x20002c10   0x00006404   Zero   RW         1456    .bss                q_heap.o
    0x20009014   0x00000124   Zero   RW         1495    .bss                controlobj.o
    0x20009138   0x0000001c   Zero   RW         1858    .bss                usb_init.o
    0x20009154   0x00000190   Zero   RW         1998    .bss                qwebsession.o
    0x200092e4   0x00000010   Zero   RW         2037    .bss                qwebhandler.o
    0x200092f4   0x0000000c   Zero   RW         2065    .bss                qwebapi.o
    0x20009300   0x00000200   Zero   RW         2096    .bss                qwebaddrmgt.o
    0x20009500   0x00000060   Zero   RW         2336    .bss                libspace.o(c_w.l)
    0x20009560   0x00000000   Zero   RW          199    HEAP                stm32f10x.o


==============================================================================

Image component sizes


      Code (inc. data)   RO Data    RW Data    ZI Data      Debug   Object Name

       160         10          0          0          0        746   adc.o
      2776        836       1567          1          0       4935   applistpage.o
      1828        178          8          0         64       8340   cc2500.o
       208          8        960          0          0       2346   cc936.o
      2048        194        467          4          0       4847   chatpage.o
      6600        504        326         12        292      11486   controlobj.o
        32          0          0          0          0        476   core_cm3.o
        42          0          0          0          0        308   cpu_a.o
      1472         84          0          0          0      10419   cpu_c.o
         0          0       6264          0          0        498   ctrlobjimg.o
      1212        434        141          8        512       9840   dbsetting.o
       560          4          0          0         80       4518   diskio.o
      1388        380        545          4          0       4427   ebookpage.o
     11146         48         13          6          0      32461   ff.o
      5980        810       1026          4          0      11611   filelistpage.o
      1532        280          0          0        776      11322   fswrap.o
      3948        844        422         12        376       9864   inputhandler.o
      7360        400       1400          8          0      18328   keyboardpage.o
       140          8          0          0          0        587   keyhandler.o
      1512         50          0          1          0       4769   lcd_hx8312.o
         0          0          0          0          0        400   lcd_ili9320.o
       160         12          0          0          0     250605   main.o
      1236        438        532          0          0       2811   mainpage.o
       224         20          0          0          0       3461   misc.o
       916        272          0          0          0       2251   mischandler.o
      4164        722        416         16       1292       7275   musichandler.o
      7716        758        619         48          0      11280   musicpage.o
      1680        118        256         52       1608      14667   os_core.o
       152         30          0          0          0        352   os_cpu_a.o
       244          4          0          0          0      92769   os_cpu_c.o
         0          0          0          0          0       8094   os_flag.o
      1532         42          0          0          0       4122   os_mutex.o
      1500         30          0          0          0       5281   os_q.o
       904         18          0          0          0       3734   os_sem.o
      1460         62          0          0          0       4690   os_task.o
       432         24          0          0          0       1798   os_time.o
      2256        874          0          2        192      17391   os_wrap.o
      1244        200        634          4          0       3026   picturepage.o
       132          6      11526          0          0      21021   pinyinforkeyboardpage.o
      1540        306        512          8          0       5902   publicfunc.o
      9778        434          0          8         54      24365   q_gui.o
      1864        472         85          0      25604       4712   q_heap.o
       360         10          0         10        512       2494   qwebaddrmgt.o
       960        204          0          2         12       4173   qwebapi.o
      2292        550         67          0          0      10601   qwebcallback.o
      1418        300        104         13         16       6572   qwebhandler.o
         0          0        231         92          0        735   qwebname.o
      1040         26          0          1          0       5792   qwebpacket.o
      3164        280        487          4          0       5967   qwebpage.o
      2618        544        133          1        400       6998   qwebsession.o
       612        234          0          0          0       3334   qwebtransmission.o
         0          0      14822          0          0       1539   resources.o
      1396        196        104          0          0       3254   rtc.o
      8696        320          0         40        100      23821   sdcard.o
      6248        536        579          8          0      17692   settingspage.o
      4224        458        588          4          0      10140   snakepage.o
       644         28          0          0          0       2596   spi.o
       760         10          0          0          0       3540   spiflash.o
       292         16          0          0          0       1228   spitouch.o
       164         50        327       4096          0        436   stm32f10x.o
      1070         28          0          0          0     231709   stm32f10x_adc.o
       176         12          0          0          0       3324   stm32f10x_bkp.o
       604          8          0          0          0      14178   stm32f10x_dma.o
       304         14          0          0          0       4419   stm32f10x_exti.o
      1484         38          0          0          0      14486   stm32f10x_flash.o
      1544         20          0          0          0      13267   stm32f10x_fsmc.o
       840         38          0          0          0      14029   stm32f10x_gpio.o
      2804        438         85         20        256      15644   stm32f10x_it.o
       212         14          0          0          0       1903   stm32f10x_pwr.o
       912         32          0         20          0      17492   stm32f10x_rcc.o
       356         10          0          0          0       2694   stm32f10x_rtc.o
       460         22          0          0          0      16264   stm32f10x_sdio.o
       780         14          0          0          0      13518   stm32f10x_spi.o
      3426         84          0          0          0      42728   stm32f10x_tim.o
      1032         20          0          0          0      14464   stm32f10x_usart.o
      3460       1390        284         28          0       4166   systeminit.o
       612        102        670          1          0       2523   testpage.o
       596         38          9          4          0       1954   theme.o
       648         18          0          0          0       2438   time.o
      2680        464        435          4          0       4979   touchcheckpage.o
      1120         44          0         24          0       4248   touchhandler.o
       412         22          0          4          0       3346   uart.o
      2904        114          0          4          0       7931   usb_core.o
         0          0        177         26          0      12507   usb_desc.o
       216         28          0          4         64       4596   usb_endp.o
       604         72          0         13       1024       4075   usb_hw_config.o
        60         24          0         20         28       3986   usb_init.o
       820         32          0          4          0       1787   usb_int.o
       120         20          0         62          0       1228   usb_istr.o
        88          6          0          0          0       1374   usb_mem.o
       956        114        614        148          0       9356   usb_prop.o
       352         26          0          7          0       2605   usb_pwr.o
      2088         24          0          0          0      11577   usb_regs.o
       132         12          0          0          0       1438   usb_sil.o
      1740        338        198          0          0       6733   userapi.o
      1028         26       1950          0          0       4057   vs1003b.o

    ----------------------------------------------------------------------
    160620      17382      49660       4880      33264    1270070   Object Totals
         0          0         32          0          0          0   (incl. Generated)
        14          0         45         18          2          0   (incl. Padding)

    ----------------------------------------------------------------------

      Code (inc. data)   RO Data    RW Data    ZI Data      Debug   Library Member Name

        90          0          0          0          0          0   __dczerorl2.o
         8          0          0          0          0         68   __main.o
       328          4         17          0          0         88   __printf_flags_wp.o
        52          8          0          0          0          0   __scatter.o
        28          0          0          0          0          0   __scatter_zi.o
         6          0          0          0          0          0   _printf_c.o
        44          0          0          0          0        108   _printf_char.o
        48          4          0          0          0         96   _printf_char_common.o
         6          0          0          0          0          0   _printf_d.o
       112         16          0          0          0         92   _printf_dec.o
         6          0          0          0          0          0   _printf_f.o
      1096          0          0          0          0        204   _printf_fp_dec.o
       124         16          0          0          0         84   _printf_fp_infnan.o
        92          6         40          0          0         84   _printf_hex_int.o
       174          0          0          0          0         88   _printf_intcommon.o
        76          0          0          0          0        104   _printf_pad.o
         0          0          0          0          0          0   _printf_percent.o
         4          0          0          0          0          0   _printf_percent_end.o
         6          0          0          0          0          0   _printf_s.o
        82          0          0          0          0         80   _printf_str.o
         6          0          0          0          0          0   _printf_u.o
         6          0          0          0          0          0   _printf_x.o
        10          0          0          0          0         68   _sputc.o
        16          0          0          0          0         68   aeabi_memset.o
       208          6        148          0          0         92   bigflt0.o
      1910        128          0          0          0        660   btod.o
        16          6          0          0          0         68   dcheck.o
       120          0          0          0          0         84   dcmpin.o
        44          0          0          0          0         68   dflt_clz.o
       112          6          0          0          0         68   dleqf.o
       136          6          0          0          0         68   drleqf.o
        12          0          0          0          0         68   exit.o
        80          4          0          0          0         68   f2d.o
       548         18          0          0          0        136   faddsub_clz.o
        12          6          0          0          0         68   fcheck.o
        12          6          0          0          0         68   fcheck1.o
       484         76          0          0          0         76   fdiv.o
       112          4          0          0          0         68   ffix.o
        88          6          0          0          0         68   ffixu.o
        58          0          0          0          0        136   fflt_clz.o
       264          6          0          0          0         68   fmul.o
        74          0          0          0          0         84   fnorm2_clz.o
        40          0          0          0          0         68   fpclassify.o
       134          0          0          0          0         84   funder.o
         6          0          0          0          0        148   heapauxi.o
        44         10         28          0          0         76   lc_numeric_c.o
         6          0          0          0          0          0   libinit.o
        18          0          0          0          0          0   libinit2.o
         2          0          0          0          0          0   libshutdown.o
         2          0          0          0          0          0   libshutdown2.o
         8          4          0          0         96         68   libspace.o
       138          0          0          0          0         76   lludiv10.o
        32          8          0          0          0         80   noretval__2printf.o
        40          6          0          0          0         80   noretval__2sprintf.o
         4          0          0          0          0         68   printf1.o
       100          0          0          0          0         68   retnan.o
        12          6          0          0          0         68   rt_locale_intlibspace.o
        68          0          0          0          0         68   rt_memclr.o
        78          0          0          0          0         76   rt_memclr_w.o
       140          0          0          0          0         68   rt_memcpy_v6.o
       100          0          0          0          0         80   rt_memcpy_w.o
         0          0          0          0          0          0   rtentry.o
        12          0          0          0          0          0   rtentry2.o
         6          0          0          0          0          0   rtentry4.o
         0          0          0          0          0          0   rtexit.o
         8          0          0          0          0          0   rtexit2.o
        16          0          0          0          0         68   rtudiv10.o
        24          0          0          0          0         68   strcat.o
       128          2          0          0          0         68   strcmpv7m.o
        74          0          0          0          0         76   strcpy.o
        62          0          0          0          0         76   strlen.o
        36          0          0          0          0         76   strstr.o
        74          0          0          0          0         80   sys_stackheap_outer.o
        48          0          0          0          0         68   trapv.o
         2          0          0          0          0         68   use_no_semi.o
         2          0          0          0          0         68   use_no_semi_2.o
         0          0          0          0          0          0   usenofp.o

    ----------------------------------------------------------------------
      8196        368        236          0         96       5140   Library Totals
        22          0          3          0          0          0   (incl. Padding)

    ----------------------------------------------------------------------

      Code (inc. data)   RO Data    RW Data    ZI Data      Debug   Library Name

      5688        224        233          0         96       3588   c_w.l
      2446        144          0          0          0       1484   fz_ws.l
        40          0          0          0          0         68   m_ws.l

    ----------------------------------------------------------------------
      8196        368        236          0         96       5140   Library Totals

    ----------------------------------------------------------------------

==============================================================================


      Code (inc. data)   RO Data    RW Data    ZI Data      Debug   

    168816      17750      49896       4880      33360    1263660   Grand Totals
    168816      17750      49896        300      33360    1263660   ELF Image Totals (compressed)
    168816      17750      49896        300          0          0   ROM Totals

==============================================================================

    Total RO  Size (Code + RO Data)               218712 ( 213.59kB)
    Total RW  Size (RW Data + ZI Data)             38240 (  37.34kB)
    Total ROM Size (Code + RO Data + RW Data)     219012 ( 213.88kB)

==============================================================================

